../Core/Services/Display/lcd_st7565.c:229:6:st7565_write_buffer	32	static
../Core/Services/Display/lcd_st7565.c:247:6:st7565_sendbyte	16	static
../Core/Services/Display/lcd_st7565.c:253:6:st7565_init	8	static
../Core/Services/Display/lcd_st7565.c:303:6:st7565_backlight_enable	8	static
../Core/Services/Display/lcd_st7565.c:308:6:st7565_backlight_disable	8	static
../Core/Services/Display/lcd_st7565.c:313:6:st7565_set_brightness	16	static
../Core/Services/Display/lcd_st7565.c:319:6:st7565_fade_out	32	static
../Core/Services/Display/lcd_st7565.c:328:6:st7565_fade_in	32	static
../Core/Services/Display/lcd_st7565.c:337:6:st7565_clear_screen	16	static
../Core/Services/Display/lcd_st7565.c:350:6:st7565_clear_buffer	16	static
../Core/Services/Display/lcd_st7565.c:358:6:st7565_drawfallingbitmap	88	static
../Core/Services/Display/lcd_st7565.c:394:6:st7565_setpixel	24	static
../Core/Services/Display/lcd_st7565.c:406:6:st7565_drawbitmap	40	static
../Core/Services/Display/lcd_st7565.c:419:6:st7565_drawstring	40	static
../Core/Services/Display/lcd_st7565.c:434:6:st7565_drawchar	32	static
../Core/Services/Display/lcd_st7565.c:443:6:st7565_clearpixel	16	static
../Core/Services/Display/lcd_st7565.c:449:6:st7565_drawline	32	static
../Core/Services/Display/lcd_st7565.c:506:6:st7565_fillrect	32	static
../Core/Services/Display/lcd_st7565.c:518:6:st7565_drawrect	40	static
../Core/Services/Display/lcd_st7565.c:533:6:st7565_drawcircle	40	static
../Core/Services/Display/lcd_st7565.c:565:6:st7565_fillcircle	40	static
