../Core/Services/Display/lcd_st7565.c:229:6:st7565_write_buffer	32	static
../Core/Services/Display/lcd_st7565.c:245:6:st7565_sendbyte	16	static
../Core/Services/Display/lcd_st7565.c:251:6:st7565_init	8	static
../Core/Services/Display/lcd_st7565.c:301:6:st7565_backlight_enable	8	static
../Core/Services/Display/lcd_st7565.c:306:6:st7565_backlight_disable	8	static
../Core/Services/Display/lcd_st7565.c:311:6:st7565_set_brightness	16	static
../Core/Services/Display/lcd_st7565.c:317:6:st7565_fade_out	32	static
../Core/Services/Display/lcd_st7565.c:326:6:st7565_fade_in	32	static
../Core/Services/Display/lcd_st7565.c:335:6:st7565_clear_screen	16	static
../Core/Services/Display/lcd_st7565.c:348:6:st7565_clear_buffer	16	static
../Core/Services/Display/lcd_st7565.c:356:6:st7565_drawfallingbitmap	88	static
../Core/Services/Display/lcd_st7565.c:392:6:st7565_setpixel	24	static
../Core/Services/Display/lcd_st7565.c:404:6:st7565_drawbitmap	40	static
../Core/Services/Display/lcd_st7565.c:417:6:st7565_drawstring	48	static
../Core/Services/Display/lcd_st7565.c:432:6:st7565_drawchar	32	static
../Core/Services/Display/lcd_st7565.c:444:6:st7565_clearpixel	16	static
../Core/Services/Display/lcd_st7565.c:450:6:st7565_drawline_complex	32	static
../Core/Services/Display/lcd_st7565.c:507:6:st7565_fillrect	40	static
../Core/Services/Display/lcd_st7565.c:539:6:st7565_drawrect	40	static
../Core/Services/Display/lcd_st7565.c:554:6:st7565_drawcircle	40	static
../Core/Services/Display/lcd_st7565.c:586:6:st7565_fillcircle	40	static
../Core/Services/Display/lcd_st7565.c:617:6:st7565_drawline	64	static
