Archive member included to satisfy reference by file (symbol)

C:/ST/STM32CubeIDE_1.19.0/STM32CubeIDE/plugins/com.st.stm32cube.ide.mcu.externaltools.gnu-tools-for-stm32.13.3.rel1.win32_1.0.0.202411081344/tools/bin/../lib/gcc/arm-none-eabi/13.3.1/../../../../arm-none-eabi/lib/thumb/v6-m/nofp\libc_nano.a(libc_a-exit.o)
                              C:/ST/STM32CubeIDE_1.19.0/STM32CubeIDE/plugins/com.st.stm32cube.ide.mcu.externaltools.gnu-tools-for-stm32.13.3.rel1.win32_1.0.0.202411081344/tools/bin/../lib/gcc/arm-none-eabi/13.3.1/../../../../arm-none-eabi/lib/thumb/v6-m/nofp/crt0.o (exit)
C:/ST/STM32CubeIDE_1.19.0/STM32CubeIDE/plugins/com.st.stm32cube.ide.mcu.externaltools.gnu-tools-for-stm32.13.3.rel1.win32_1.0.0.202411081344/tools/bin/../lib/gcc/arm-none-eabi/13.3.1/../../../../arm-none-eabi/lib/thumb/v6-m/nofp\libc_nano.a(libc_a-findfp.o)
                              C:/ST/STM32CubeIDE_1.19.0/STM32CubeIDE/plugins/com.st.stm32cube.ide.mcu.externaltools.gnu-tools-for-stm32.13.3.rel1.win32_1.0.0.202411081344/tools/bin/../lib/gcc/arm-none-eabi/13.3.1/../../../../arm-none-eabi/lib/thumb/v6-m/nofp\libc_nano.a(libc_a-exit.o) (__stdio_exit_handler)
C:/ST/STM32CubeIDE_1.19.0/STM32CubeIDE/plugins/com.st.stm32cube.ide.mcu.externaltools.gnu-tools-for-stm32.13.3.rel1.win32_1.0.0.202411081344/tools/bin/../lib/gcc/arm-none-eabi/13.3.1/../../../../arm-none-eabi/lib/thumb/v6-m/nofp\libc_nano.a(libc_a-fwalk.o)
                              C:/ST/STM32CubeIDE_1.19.0/STM32CubeIDE/plugins/com.st.stm32cube.ide.mcu.externaltools.gnu-tools-for-stm32.13.3.rel1.win32_1.0.0.202411081344/tools/bin/../lib/gcc/arm-none-eabi/13.3.1/../../../../arm-none-eabi/lib/thumb/v6-m/nofp\libc_nano.a(libc_a-findfp.o) (_fwalk_sglue)
C:/ST/STM32CubeIDE_1.19.0/STM32CubeIDE/plugins/com.st.stm32cube.ide.mcu.externaltools.gnu-tools-for-stm32.13.3.rel1.win32_1.0.0.202411081344/tools/bin/../lib/gcc/arm-none-eabi/13.3.1/../../../../arm-none-eabi/lib/thumb/v6-m/nofp\libc_nano.a(libc_a-stdio.o)
                              C:/ST/STM32CubeIDE_1.19.0/STM32CubeIDE/plugins/com.st.stm32cube.ide.mcu.externaltools.gnu-tools-for-stm32.13.3.rel1.win32_1.0.0.202411081344/tools/bin/../lib/gcc/arm-none-eabi/13.3.1/../../../../arm-none-eabi/lib/thumb/v6-m/nofp\libc_nano.a(libc_a-findfp.o) (__sread)
C:/ST/STM32CubeIDE_1.19.0/STM32CubeIDE/plugins/com.st.stm32cube.ide.mcu.externaltools.gnu-tools-for-stm32.13.3.rel1.win32_1.0.0.202411081344/tools/bin/../lib/gcc/arm-none-eabi/13.3.1/../../../../arm-none-eabi/lib/thumb/v6-m/nofp\libc_nano.a(libc_a-memset.o)
                              C:/ST/STM32CubeIDE_1.19.0/STM32CubeIDE/plugins/com.st.stm32cube.ide.mcu.externaltools.gnu-tools-for-stm32.13.3.rel1.win32_1.0.0.202411081344/tools/bin/../lib/gcc/arm-none-eabi/13.3.1/../../../../arm-none-eabi/lib/thumb/v6-m/nofp/crt0.o (memset)
C:/ST/STM32CubeIDE_1.19.0/STM32CubeIDE/plugins/com.st.stm32cube.ide.mcu.externaltools.gnu-tools-for-stm32.13.3.rel1.win32_1.0.0.202411081344/tools/bin/../lib/gcc/arm-none-eabi/13.3.1/../../../../arm-none-eabi/lib/thumb/v6-m/nofp\libc_nano.a(libc_a-closer.o)
                              C:/ST/STM32CubeIDE_1.19.0/STM32CubeIDE/plugins/com.st.stm32cube.ide.mcu.externaltools.gnu-tools-for-stm32.13.3.rel1.win32_1.0.0.202411081344/tools/bin/../lib/gcc/arm-none-eabi/13.3.1/../../../../arm-none-eabi/lib/thumb/v6-m/nofp\libc_nano.a(libc_a-stdio.o) (_close_r)
C:/ST/STM32CubeIDE_1.19.0/STM32CubeIDE/plugins/com.st.stm32cube.ide.mcu.externaltools.gnu-tools-for-stm32.13.3.rel1.win32_1.0.0.202411081344/tools/bin/../lib/gcc/arm-none-eabi/13.3.1/../../../../arm-none-eabi/lib/thumb/v6-m/nofp\libc_nano.a(libc_a-reent.o)
                              C:/ST/STM32CubeIDE_1.19.0/STM32CubeIDE/plugins/com.st.stm32cube.ide.mcu.externaltools.gnu-tools-for-stm32.13.3.rel1.win32_1.0.0.202411081344/tools/bin/../lib/gcc/arm-none-eabi/13.3.1/../../../../arm-none-eabi/lib/thumb/v6-m/nofp\libc_nano.a(libc_a-closer.o) (errno)
C:/ST/STM32CubeIDE_1.19.0/STM32CubeIDE/plugins/com.st.stm32cube.ide.mcu.externaltools.gnu-tools-for-stm32.13.3.rel1.win32_1.0.0.202411081344/tools/bin/../lib/gcc/arm-none-eabi/13.3.1/../../../../arm-none-eabi/lib/thumb/v6-m/nofp\libc_nano.a(libc_a-impure.o)
                              C:/ST/STM32CubeIDE_1.19.0/STM32CubeIDE/plugins/com.st.stm32cube.ide.mcu.externaltools.gnu-tools-for-stm32.13.3.rel1.win32_1.0.0.202411081344/tools/bin/../lib/gcc/arm-none-eabi/13.3.1/../../../../arm-none-eabi/lib/thumb/v6-m/nofp\libc_nano.a(libc_a-reent.o) (_impure_ptr)
C:/ST/STM32CubeIDE_1.19.0/STM32CubeIDE/plugins/com.st.stm32cube.ide.mcu.externaltools.gnu-tools-for-stm32.13.3.rel1.win32_1.0.0.202411081344/tools/bin/../lib/gcc/arm-none-eabi/13.3.1/../../../../arm-none-eabi/lib/thumb/v6-m/nofp\libc_nano.a(libc_a-lseekr.o)
[...]
Memory Configuration

Name             Origin             Length             Attributes
RAM              0x20000000         0x00008000         xrw
FLASH            0x08000000         0x00040000         xr
*default*        0x00000000         0xffffffff

Linker script and memory map

LOAD C:/ST/STM32CubeIDE_1.19.0/STM32CubeIDE/plugins/com.st.stm32cube.ide.mcu.externaltools.gnu-tools-for-stm32.13.3.rel1.win32_1.0.0.202411081344/tools/bin/../lib/gcc/arm-none-eabi/13.3.1/thumb/v6-m/nofp/crti.o
LOAD C:/ST/STM32CubeIDE_1.19.0/STM32CubeIDE/plugins/com.st.stm32cube.ide.mcu.externaltools.gnu-tools-for-stm32.13.3.rel1.win32_1.0.0.202411081344/tools/bin/../lib/gcc/arm-none-eabi/13.3.1/thumb/v6-m/nofp/crtbegin.o
LOAD C:/ST/STM32CubeIDE_1.19.0/STM32CubeIDE/plugins/com.st.stm32cube.ide.mcu.externaltools.gnu-tools-for-stm32.13.3.rel1.win32_1.0.0.202411081344/tools/bin/../lib/gcc/arm-none-eabi/13.3.1/../../../../arm-none-eabi/lib/thumb/v6-m/nofp/crt0.o
LOAD ./Core/Applications/MovingAverageFilter.o
LOAD ./Core/Applications/VoltInterpolation.o
LOAD ./Core/ComplexDrivers/Startup/startup.o
LOAD ./Core/ComplexDrivers/Startup/startup_stm32f091rctx.o
LOAD ./Core/MCAL/stm32f0xx_hal_msp.o
LOAD ./Core/MCAL/stm32f0xx_hal_timebase_tim.o
LOAD ./Core/MCAL/stm32f0xx_it.o
LOAD ./Core/MCAL/system_stm32f0xx.o
LOAD ./Core/RTE/Rte.o
LOAD ./Core/RTE/Rte_Tasks.o
LOAD ./Core/Services/Main/main.o
LOAD ./Core/Services/OS/freertos.o
LOAD ./Core/Services/syscalls.o
LOAD ./Core/Services/sysmem.o
LOAD ./Drivers/STM32F0xx_HAL_Driver/Src/stm32f0xx_hal.o
LOAD ./Drivers/STM32F0xx_HAL_Driver/Src/stm32f0xx_hal_adc.o
LOAD ./Drivers/STM32F0xx_HAL_Driver/Src/stm32f0xx_hal_adc_ex.o
LOAD ./Drivers/STM32F0xx_HAL_Driver/Src/stm32f0xx_hal_cortex.o
LOAD ./Drivers/STM32F0xx_HAL_Driver/Src/stm32f0xx_hal_dma.o
LOAD ./Drivers/STM32F0xx_HAL_Driver/Src/stm32f0xx_hal_exti.o
LOAD ./Drivers/STM32F0xx_HAL_Driver/Src/stm32f0xx_hal_flash.o
LOAD ./Drivers/STM32F0xx_HAL_Driver/Src/stm32f0xx_hal_flash_ex.o
LOAD ./Drivers/STM32F0xx_HAL_Driver/Src/stm32f0xx_hal_gpio.o
LOAD ./Drivers/STM32F0xx_HAL_Driver/Src/stm32f0xx_hal_i2c.o
LOAD ./Drivers/STM32F0xx_HAL_Driver/Src/stm32f0xx_hal_i2c_ex.o
LOAD ./Drivers/STM32F0xx_HAL_Driver/Src/stm32f0xx_hal_pwr.o
LOAD ./Drivers/STM32F0xx_HAL_Driver/Src/stm32f0xx_hal_pwr_ex.o
LOAD ./Drivers/STM32F0xx_HAL_Driver/Src/stm32f0xx_hal_rcc.o
LOAD ./Drivers/STM32F0xx_HAL_Driver/Src/stm32f0xx_hal_rcc_ex.o
LOAD ./Drivers/STM32F0xx_HAL_Driver/Src/stm32f0xx_hal_tim.o
LOAD ./Drivers/STM32F0xx_HAL_Driver/Src/stm32f0xx_hal_tim_ex.o
LOAD ./Drivers/STM32F0xx_HAL_Driver/Src/stm32f0xx_hal_uart.o
LOAD ./Drivers/STM32F0xx_HAL_Driver/Src/stm32f0xx_hal_uart_ex.o
LOAD ./Middlewares/Third_Party/FreeRTOS/Source/CMSIS_RTOS_V2/cmsis_os2.o
LOAD ./Middlewares/Third_Party/FreeRTOS/Source/croutine.o
LOAD ./Middlewares/Third_Party/FreeRTOS/Source/event_groups.o
LOAD ./Middlewares/Third_Party/FreeRTOS/Source/list.o
LOAD ./Middlewares/Third_Party/FreeRTOS/Source/queue.o
LOAD ./Middlewares/Third_Party/FreeRTOS/Source/stream_buffer.o
LOAD ./Middlewares/Third_Party/FreeRTOS/Source/tasks.o
LOAD ./Middlewares/Third_Party/FreeRTOS/Source/timers.o
LOAD ./Middlewares/Third_Party/FreeRTOS/Source/portable/GCC/ARM_CM0/port.o
LOAD ./Middlewares/Third_Party/FreeRTOS/Source/portable/MemMang/heap_4.o
START GROUP
LOAD C:/ST/STM32CubeIDE_1.19.0/STM32CubeIDE/plugins/com.st.stm32cube.ide.mcu.externaltools.gnu-tools-for-stm32.13.3.rel1.win32_1.0.0.202411081344/tools/bin/../lib/gcc/arm-none-eabi/13.3.1/../../../../arm-none-eabi/lib/thumb/v6-m/nofp\libc_nano.a
LOAD C:/ST/STM32CubeIDE_1.19.0/STM32CubeIDE/plugins/com.st.stm32cube.ide.mcu.externaltools.gnu-tools-for-stm32.13.3.rel1.win32_1.0.0.202411081344/tools/bin/../lib/gcc/arm-none-eabi/13.3.1/../../../../arm-none-eabi/lib/thumb/v6-m/nofp\libm.a
END GROUP
START GROUP
LOAD C:/ST/STM32CubeIDE_1.19.0/STM32CubeIDE/plugins/com.st.stm32cube.ide.mcu.externaltools.gnu-tools-for-stm32.13.3.rel1.win32_1.0.0.202411081344/tools/bin/../lib/gcc/arm-none-eabi/13.3.1/thumb/v6-m/nofp\libgcc.a
LOAD C:/ST/STM32CubeIDE_1.19.0/STM32CubeIDE/plugins/com.st.stm32cube.ide.mcu.externaltools.gnu-tools-for-stm32.13.3.rel1.win32_1.0.0.202411081344/tools/bin/../lib/gcc/arm-none-eabi/13.3.1/../../../../arm-none-eabi/lib/thumb/v6-m/nofp\libc_nano.a
END GROUP
START GROUP
LOAD C:/ST/STM32CubeIDE_1.19.0/STM32CubeIDE/plugins/com.st.stm32cube.ide.mcu.externaltools.gnu-tools-for-stm32.13.3.rel1.win32_1.0.0.202411081344/tools/bin/../lib/gcc/arm-none-eabi/13.3.1/thumb/v6-m/nofp\libgcc.a
LOAD C:/ST/STM32CubeIDE_1.19.0/STM32CubeIDE/plugins/com.st.stm32cube.ide.mcu.externaltools.gnu-tools-for-stm32.13.3.rel1.win32_1.0.0.202411081344/tools/bin/../lib/gcc/arm-none-eabi/13.3.1/../../../../arm-none-eabi/lib/thumb/v6-m/nofp\libc_nano.a
LOAD C:/ST/STM32CubeIDE_1.19.0/STM32CubeIDE/plugins/com.st.stm32cube.ide.mcu.externaltools.gnu-tools-for-stm32.13.3.rel1.win32_1.0.0.202411081344/tools/bin/../lib/gcc/arm-none-eabi/13.3.1/../../../../arm-none-eabi/lib/thumb/v6-m/nofp\libnosys.a
END GROUP
START GROUP
LOAD C:/ST/STM32CubeIDE_1.19.0/STM32CubeIDE/plugins/com.st.stm32cube.ide.mcu.externaltools.gnu-tools-for-stm32.13.3.rel1.win32_1.0.0.202411081344/tools/bin/../lib/gcc/arm-none-eabi/13.3.1/thumb/v6-m/nofp\libgcc.a
LOAD C:/ST/STM32CubeIDE_1.19.0/STM32CubeIDE/plugins/com.st.stm32cube.ide.mcu.externaltools.gnu-tools-for-stm32.13.3.rel1.win32_1.0.0.202411081344/tools/bin/../lib/gcc/arm-none-eabi/13.3.1/../../../../arm-none-eabi/lib/thumb/v6-m/nofp\libc_nano.a
LOAD C:/ST/STM32CubeIDE_1.19.0/STM32CubeIDE/plugins/com.st.stm32cube.ide.mcu.externaltools.gnu-tools-for-stm32.13.3.rel1.win32_1.0.0.202411081344/tools/bin/../lib/gcc/arm-none-eabi/13.3.1/../../../../arm-none-eabi/lib/thumb/v6-m/nofp\libnosys.a
END GROUP
LOAD C:/ST/STM32CubeIDE_1.19.0/STM32CubeIDE/plugins/com.st.stm32cube.ide.mcu.externaltools.gnu-tools-for-stm32.13.3.rel1.win32_1.0.0.202411081344/tools/bin/../lib/gcc/arm-none-eabi/13.3.1/thumb/v6-m/nofp/crtend.o
LOAD C:/ST/STM32CubeIDE_1.19.0/STM32CubeIDE/plugins/com.st.stm32cube.ide.mcu.externaltools.gnu-tools-for-stm32.13.3.rel1.win32_1.0.0.202411081344/tools/bin/../lib/gcc/arm-none-eabi/13.3.1/thumb/v6-m/nofp/crtn.o
                0x20008000                        _estack = (ORIGIN (RAM) + LENGTH (RAM))
                0x00000200                        _Min_Heap_Size = 0x200
                0x00000400                        _Min_Stack_Size = 0x400

.isr_vector     0x08000000       0xbc
                0x08000000                        . = ALIGN (0x4)
 *(.isr_vector)
 .isr_vector    0x08000000       0xbc ./Core/ComplexDrivers/Startup/startup_stm32f091rctx.o
                0x08000000                g_pfnVectors
                0x080000bc                        . = ALIGN (0x4)

.text           0x080000c0     0x5c58
                0x080000c0                        . = ALIGN (0x4)
 *(.text)
 .text          0x080000c0       0x48 C:/ST/STM32CubeIDE_1.19.0/STM32CubeIDE/plugins/com.st.stm32cube.ide.mcu.externaltools.gnu-tools-for-stm32.13.3.rel1.win32_1.0.0.202411081344/tools/bin/../lib/gcc/arm-none-eabi/13.3.1/thumb/v6-m/nofp/crtbegin.o
 .text          0x08000108      0x114 C:/ST/STM32CubeIDE_1.19.0/STM32CubeIDE/plugins/com.st.stm32cube.ide.mcu.externaltools.gnu-tools-for-stm32.13.3.rel1.win32_1.0.0.202411081344/tools/bin/../lib/gcc/arm-none-eabi/13.3.1/thumb/v6-m/nofp\libgcc.a(_udivsi3.o)
                0x08000108                __aeabi_uidiv
                0x08000108                __udivsi3
                0x08000214                __aeabi_uidivmod
 .text          0x0800021c      0x1d4 C:/ST/STM32CubeIDE_1.19.0/STM32CubeIDE/plugins/com.st.stm32cube.ide.mcu.externaltools.gnu-tools-for-stm32.13.3.rel1.win32_1.0.0.202411081344/tools/bin/../lib/gcc/arm-none-eabi/13.3.1/thumb/v6-m/nofp\libgcc.a(_divsi3.o)
                0x0800021c                __divsi3
                0x0800021c                __aeabi_idiv
                0x080003e8                __aeabi_idivmod
 .text          0x080003f0        0x4 C:/ST/STM32CubeIDE_1.19.0/STM32CubeIDE/plugins/com.st.stm32cube.ide.mcu.externaltools.gnu-tools-for-stm32.13.3.rel1.win32_1.0.0.202411081344/tools/bin/../lib/gcc/arm-none-eabi/13.3.1/thumb/v6-m/nofp\libgcc.a(_dvmd_tls.o)
                0x080003f0                __aeabi_idiv0
                0x080003f0                __aeabi_ldiv0
 *(.text*)
 .text.Reset_Handler
                0x080003f4       0x50 ./Core/ComplexDrivers/Startup/startup_stm32f091rctx.o
                0x080003f4                Reset_Handler
 .text.Default_Handler
                0x08000444        0x2 ./Core/ComplexDrivers/Startup/startup_stm32f091rctx.o
                0x08000444                TIM1_CC_IRQHandler
                0x08000444                TSC_IRQHandler
                0x08000444                ADC1_COMP_IRQHandler
                0x08000444                I2C1_IRQHandler
                0x08000444                RCC_CRS_IRQHandler
                0x08000444                SPI1_IRQHandler
                0x08000444                TIM6_DAC_IRQHandler
                0x08000444                EXTI2_3_IRQHandler
                0x08000444                I2C2_IRQHandler
                0x08000444                TIM17_IRQHandler
                0x08000444                CEC_CAN_IRQHandler
                0x08000444                RTC_IRQHandler
                0x08000444                PVD_VDDIO2_IRQHandler
                0x08000444                TIM16_IRQHandler
                0x08000444                EXTI4_15_IRQHandler
                0x08000444                USART3_8_IRQHandler
                0x08000444                Default_Handler
                0x08000444                TIM14_IRQHandler
                0x08000444                TIM7_IRQHandler
                0x08000444                TIM15_IRQHandler
                0x08000444                EXTI0_1_IRQHandler
                0x08000444                SPI2_IRQHandler
                0x08000444                DMA1_Ch2_3_DMA2_Ch1_2_IRQHandler
                0x08000444                DMA1_Ch4_7_DMA2_Ch3_5_IRQHandler
                0x08000444                WWDG_IRQHandler
                0x08000444                TIM2_IRQHandler
                0x08000444                USART2_IRQHandler
                0x08000444                FLASH_IRQHandler
                0x08000444                USART1_IRQHandler
                0x08000444                TIM1_BRK_UP_TRG_COM_IRQHandler
 *fill*         0x08000446        0x2 
 .text.HAL_MspInit
                0x08000448       0x54 ./Core/MCAL/stm32f0xx_hal_msp.o
                0x08000448                HAL_MspInit
 .text.HAL_ADC_MspInit
                0x0800049c      0x108 ./Core/MCAL/stm32f0xx_hal_msp.o
                0x0800049c                HAL_ADC_MspInit
 .text.HAL_UART_MspInit
                0x080005a4       0x98 ./Core/MCAL/stm32f0xx_hal_msp.o
                0x080005a4                HAL_UART_MspInit
 .text.HAL_InitTick
                0x0800063c      0x108 ./Core/MCAL/stm32f0xx_hal_timebase_tim.o
                0x0800063c                HAL_InitTick
 .text.NMI_Handler
                0x08000744        0x8 ./Core/MCAL/stm32f0xx_it.o
                0x08000744                NMI_Handler
 .text.HardFault_Handler
                0x0800074c        0x8 ./Core/MCAL/stm32f0xx_it.o
                0x0800074c                HardFault_Handler
 .text.DMA1_Ch1_IRQHandler
                0x08000754       0x18 ./Core/MCAL/stm32f0xx_it.o
                0x08000754                DMA1_Ch1_IRQHandler
 .text.TIM3_IRQHandler
                0x0800076c       0x18 ./Core/MCAL/stm32f0xx_it.o
                0x0800076c                TIM3_IRQHandler
 .text.SystemInit
                0x08000784        0xa ./Core/MCAL/system_stm32f0xx.o
                0x08000784                SystemInit
 *fill*         0x0800078e        0x2 
 .text.interpolation
                0x08000790       0xe0 ./Core/Services/Main/main.o
 .text.filter   0x08000870       0x90 ./Core/Services/Main/main.o
 .text.main     0x08000900       0x98 ./Core/Services/Main/main.o
                0x08000900                main
 .text.SystemClock_Config
                0x08000998       0xd0 ./Core/Services/Main/main.o
                0x08000998                SystemClock_Config
 .text.MX_ADC_Init
                0x08000a68       0xd0 ./Core/Services/Main/main.o
 .text.MX_USART2_UART_Init
                0x08000b38       0x60 ./Core/Services/Main/main.o
 .text.MX_DMA_Init
                0x08000b98       0x3c ./Core/Services/Main/main.o
 .text.MX_GPIO_Init
                0x08000bd4      0x188 ./Core/Services/Main/main.o
 .text.readAdcVoltFunction
                0x08000d5c       0x48 ./Core/Services/Main/main.o
                0x08000d5c                readAdcVoltFunction
 .text.displayVoltReadFunction
                0x08000da4       0x10 ./Core/Services/Main/main.o
                0x08000da4                displayVoltReadFunction
 .text.readButtonFunction
                0x08000db4       0x10 ./Core/Services/Main/main.o
                0x08000db4                readButtonFunction
 .text.HAL_TIM_PeriodElapsedCallback
                0x08000dc4       0x24 ./Core/Services/Main/main.o
                0x08000dc4                HAL_TIM_PeriodElapsedCallback
 .text.Error_Handler
                0x08000de8        0xc ./Core/Services/Main/main.o
                0x08000de8                Error_Handler
 .text.HAL_Init
                0x08000df4       0x28 ./Drivers/STM32F0xx_HAL_Driver/Src/stm32f0xx_hal.o
                0x08000df4                HAL_Init
 .text.HAL_IncTick
                0x08000e1c       0x24 ./Drivers/STM32F0xx_HAL_Driver/Src/stm32f0xx_hal.o
                0x08000e1c                HAL_IncTick
 .text.HAL_GetTick
                0x08000e40       0x14 ./Drivers/STM32F0xx_HAL_Driver/Src/stm32f0xx_hal.o
                0x08000e40                HAL_GetTick
 .text.HAL_ADC_Init
                0x08000e54      0x280 ./Drivers/STM32F0xx_HAL_Driver/Src/stm32f0xx_hal_adc.o
                0x08000e54                HAL_ADC_Init
 .text.HAL_ADC_Start_DMA
                0x080010d4      0x104 ./Drivers/STM32F0xx_HAL_Driver/Src/stm32f0xx_hal_adc.o
                0x080010d4                HAL_ADC_Start_DMA
 .text.HAL_ADC_ConvCpltCallback
                0x080011d8       0x10 ./Drivers/STM32F0xx_HAL_Driver/Src/stm32f0xx_hal_adc.o
                0x080011d8                HAL_ADC_ConvCpltCallback
 .text.HAL_ADC_ConvHalfCpltCallback
                0x080011e8       0x10 ./Drivers/STM32F0xx_HAL_Driver/Src/stm32f0xx_hal_adc.o
                0x080011e8                HAL_ADC_ConvHalfCpltCallback
 .text.HAL_ADC_ErrorCallback
                0x080011f8       0x10 ./Drivers/STM32F0xx_HAL_Driver/Src/stm32f0xx_hal_adc.o
                0x080011f8                HAL_ADC_ErrorCallback
 .text.HAL_ADC_ConfigChannel
                0x08001208      0x21c ./Drivers/STM32F0xx_HAL_Driver/Src/stm32f0xx_hal_adc.o
                0x08001208                HAL_ADC_ConfigChannel
 .text.ADC_Enable
                0x08001424      0x108 ./Drivers/STM32F0xx_HAL_Driver/Src/stm32f0xx_hal_adc.o
 .text.ADC_DMAConvCplt
                0x0800152c       0xb4 ./Drivers/STM32F0xx_HAL_Driver/Src/stm32f0xx_hal_adc.o
 .text.ADC_DMAHalfConvCplt
                0x080015e0       0x1e ./Drivers/STM32F0xx_HAL_Driver/Src/stm32f0xx_hal_adc.o
 .text.ADC_DMAError
                0x080015fe       0x36 ./Drivers/STM32F0xx_HAL_Driver/Src/stm32f0xx_hal_adc.o
 .text.__NVIC_EnableIRQ
                0x08001634       0x34 ./Drivers/STM32F0xx_HAL_Driver/Src/stm32f0xx_hal_cortex.o
 .text.__NVIC_SetPriority
                0x08001668       0xdc ./Drivers/STM32F0xx_HAL_Driver/Src/stm32f0xx_hal_cortex.o
 .text.HAL_NVIC_SetPriority
                0x08001744       0x2a ./Drivers/STM32F0xx_HAL_Driver/Src/stm32f0xx_hal_cortex.o
                0x08001744                HAL_NVIC_SetPriority
 .text.HAL_NVIC_EnableIRQ
                0x0800176e       0x20 ./Drivers/STM32F0xx_HAL_Driver/Src/stm32f0xx_hal_cortex.o
                0x0800176e                HAL_NVIC_EnableIRQ
 *fill*         0x0800178e        0x2 
 .text.HAL_DMA_Init
                0x08001790       0x90 ./Drivers/STM32F0xx_HAL_Driver/Src/stm32f0xx_hal_dma.o
                0x08001790                HAL_DMA_Init
 .text.HAL_DMA_Start_IT
                0x08001820       0xcc ./Drivers/STM32F0xx_HAL_Driver/Src/stm32f0xx_hal_dma.o
                0x08001820                HAL_DMA_Start_IT
 .text.HAL_DMA_IRQHandler
                0x080018ec      0x144 ./Drivers/STM32F0xx_HAL_Driver/Src/stm32f0xx_hal_dma.o
                0x080018ec                HAL_DMA_IRQHandler
 .text.DMA_SetConfig
                0x08001a30       0x58 ./Drivers/STM32F0xx_HAL_Driver/Src/stm32f0xx_hal_dma.o
 .text.DMA_CalcBaseAndBitshift
                0x08001a88       0x74 ./Drivers/STM32F0xx_HAL_Driver/Src/stm32f0xx_hal_dma.o
 .text.HAL_GPIO_Init
                0x08001afc      0x2f0 ./Drivers/STM32F0xx_HAL_Driver/Src/stm32f0xx_hal_gpio.o
                0x08001afc                HAL_GPIO_Init
 .text.HAL_GPIO_WritePin
                0x08001dec       0x3a ./Drivers/STM32F0xx_HAL_Driver/Src/stm32f0xx_hal_gpio.o
                0x08001dec                HAL_GPIO_WritePin
 *fill*         0x08001e26        0x2 
 .text.HAL_RCC_OscConfig
                0x08001e28      0x70c ./Drivers/STM32F0xx_HAL_Driver/Src/stm32f0xx_hal_rcc.o
                0x08001e28                HAL_RCC_OscConfig
 .text.HAL_RCC_ClockConfig
                0x08002534      0x1b4 ./Drivers/STM32F0xx_HAL_Driver/Src/stm32f0xx_hal_rcc.o
                0x08002534                HAL_RCC_ClockConfig
 .text.HAL_RCC_GetSysClockFreq
                0x080026e8       0xe4 ./Drivers/STM32F0xx_HAL_Driver/Src/stm32f0xx_hal_rcc.o
                0x080026e8                HAL_RCC_GetSysClockFreq
 .text.HAL_RCC_GetHCLKFreq
                0x080027cc       0x14 ./Drivers/STM32F0xx_HAL_Driver/Src/stm32f0xx_hal_rcc.o
                0x080027cc                HAL_RCC_GetHCLKFreq
 .text.HAL_RCC_GetPCLK1Freq
                0x080027e0       0x2c ./Drivers/STM32F0xx_HAL_Driver/Src/stm32f0xx_hal_rcc.o
                0x080027e0                HAL_RCC_GetPCLK1Freq
 .text.HAL_RCC_GetClockConfig
                0x0800280c       0x54 ./Drivers/STM32F0xx_HAL_Driver/Src/stm32f0xx_hal_rcc.o
                0x0800280c                HAL_RCC_GetClockConfig
 .text.HAL_RCCEx_PeriphCLKConfig
                0x08002860      0x200 ./Drivers/STM32F0xx_HAL_Driver/Src/stm32f0xx_hal_rcc_ex.o
                0x08002860                HAL_RCCEx_PeriphCLKConfig
 .text.HAL_TIM_Base_Init
                0x08002a60       0xa0 ./Drivers/STM32F0xx_HAL_Driver/Src/stm32f0xx_hal_tim.o
                0x08002a60                HAL_TIM_Base_Init
 .text.HAL_TIM_Base_MspInit
                0x08002b00       0x10 ./Drivers/STM32F0xx_HAL_Driver/Src/stm32f0xx_hal_tim.o
                0x08002b00                HAL_TIM_Base_MspInit
 .text.HAL_TIM_Base_Start_IT
                0x08002b10       0xa4 ./Drivers/STM32F0xx_HAL_Driver/Src/stm32f0xx_hal_tim.o
                0x08002b10                HAL_TIM_Base_Start_IT
 .text.HAL_TIM_IRQHandler
                0x08002bb4      0x1dc ./Drivers/STM32F0xx_HAL_Driver/Src/stm32f0xx_hal_tim.o
                0x08002bb4                HAL_TIM_IRQHandler
 .text.HAL_TIM_OC_DelayElapsedCallback
                0x08002d90       0x10 ./Drivers/STM32F0xx_HAL_Driver/Src/stm32f0xx_hal_tim.o
                0x08002d90                HAL_TIM_OC_DelayElapsedCallback
 .text.HAL_TIM_IC_CaptureCallback
                0x08002da0       0x10 ./Drivers/STM32F0xx_HAL_Driver/Src/stm32f0xx_hal_tim.o
                0x08002da0                HAL_TIM_IC_CaptureCallback
 .text.HAL_TIM_PWM_PulseFinishedCallback
                0x08002db0       0x10 ./Drivers/STM32F0xx_HAL_Driver/Src/stm32f0xx_hal_tim.o
                0x08002db0                HAL_TIM_PWM_PulseFinishedCallback
 .text.HAL_TIM_TriggerCallback
                0x08002dc0       0x10 ./Drivers/STM32F0xx_HAL_Driver/Src/stm32f0xx_hal_tim.o
                0x08002dc0                HAL_TIM_TriggerCallback
 .text.TIM_Base_SetConfig
                0x08002dd0      0x11c ./Drivers/STM32F0xx_HAL_Driver/Src/stm32f0xx_hal_tim.o
                0x08002dd0                TIM_Base_SetConfig
 .text.HAL_TIMEx_CommutCallback
                0x08002eec       0x10 ./Drivers/STM32F0xx_HAL_Driver/Src/stm32f0xx_hal_tim_ex.o
                0x08002eec                HAL_TIMEx_CommutCallback
 .text.HAL_TIMEx_BreakCallback
                0x08002efc       0x10 ./Drivers/STM32F0xx_HAL_Driver/Src/stm32f0xx_hal_tim_ex.o
                0x08002efc                HAL_TIMEx_BreakCallback
 .text.HAL_UART_Init
                0x08002f0c       0xa8 ./Drivers/STM32F0xx_HAL_Driver/Src/stm32f0xx_hal_uart.o
                0x08002f0c                HAL_UART_Init
 .text.UART_SetConfig
                0x08002fb4      0x3d0 ./Drivers/STM32F0xx_HAL_Driver/Src/stm32f0xx_hal_uart.o
                0x08002fb4                UART_SetConfig
 .text.UART_AdvFeatureConfig
                0x08003384      0x168 ./Drivers/STM32F0xx_HAL_Driver/Src/stm32f0xx_hal_uart.o
                0x08003384                UART_AdvFeatureConfig
 .text.UART_CheckIdleState
                0x080034ec      0x150 ./Drivers/STM32F0xx_HAL_Driver/Src/stm32f0xx_hal_uart.o
                0x080034ec                UART_CheckIdleState
 .text.UART_WaitOnFlagUntilTimeout
                0x0800363c       0xde ./Drivers/STM32F0xx_HAL_Driver/Src/stm32f0xx_hal_uart.o
                0x0800363c                UART_WaitOnFlagUntilTimeout
 *fill*         0x0800371a        0x2 
 .text.UART_EndRxTransfer
                0x0800371c       0xc8 ./Drivers/STM32F0xx_HAL_Driver/Src/stm32f0xx_hal_uart.o
 .text.osKernelInitialize
                0x080037e4       0x58 ./Middlewares/Third_Party/FreeRTOS/Source/CMSIS_RTOS_V2/cmsis_os2.o
                0x080037e4                osKernelInitialize
 .text.osKernelStart
                0x0800383c       0x5c ./Middlewares/Third_Party/FreeRTOS/Source/CMSIS_RTOS_V2/cmsis_os2.o
                0x0800383c                osKernelStart
 .text.osThreadNew
                0x08003898      0x150 ./Middlewares/Third_Party/FreeRTOS/Source/CMSIS_RTOS_V2/cmsis_os2.o
                0x08003898                osThreadNew
 .text.osDelay  0x080039e8       0x50 ./Middlewares/Third_Party/FreeRTOS/Source/CMSIS_RTOS_V2/cmsis_os2.o
                0x080039e8                osDelay
 .text.vApplicationGetIdleTaskMemory
                0x08003a38       0x30 ./Middlewares/Third_Party/FreeRTOS/Source/CMSIS_RTOS_V2/cmsis_os2.o
                0x08003a38                vApplicationGetIdleTaskMemory
 .text.vApplicationGetTimerTaskMemory
                0x08003a68       0x30 ./Middlewares/Third_Party/FreeRTOS/Source/CMSIS_RTOS_V2/cmsis_os2.o
                0x08003a68                vApplicationGetTimerTaskMemory
 .text.vListInitialise
                0x08003a98       0x3c ./Middlewares/Third_Party/FreeRTOS/Source/list.o
                0x08003a98                vListInitialise
 .text.vListInitialiseItem
                0x08003ad4       0x16 ./Middlewares/Third_Party/FreeRTOS/Source/list.o
                0x08003ad4                vListInitialiseItem
 .text.vListInsertEnd
                0x08003aea       0x44 ./Middlewares/Third_Party/FreeRTOS/Source/list.o
                0x08003aea                vListInsertEnd
 .text.vListInsert
                0x08003b2e       0x6c ./Middlewares/Third_Party/FreeRTOS/Source/list.o
                0x08003b2e                vListInsert
 .text.uxListRemove
                0x08003b9a       0x50 ./Middlewares/Third_Party/FreeRTOS/Source/list.o
                0x08003b9a                uxListRemove
 .text.xQueueGenericReset
                0x08003bea       0xaa ./Middlewares/Third_Party/FreeRTOS/Source/queue.o
                0x08003bea                xQueueGenericReset
 .text.xQueueGenericCreateStatic
                0x08003c94       0xa0 ./Middlewares/Third_Party/FreeRTOS/Source/queue.o
                0x08003c94                xQueueGenericCreateStatic
 .text.prvInitialiseNewQueue
                0x08003d34       0x4e ./Middlewares/Third_Party/FreeRTOS/Source/queue.o
 .text.xQueueGenericSend
                0x08003d82      0x190 ./Middlewares/Third_Party/FreeRTOS/Source/queue.o
                0x08003d82                xQueueGenericSend
 .text.xQueueGenericSendFromISR
                0x08003f12       0xe8 ./Middlewares/Third_Party/FreeRTOS/Source/queue.o
                0x08003f12                xQueueGenericSendFromISR
 .text.xQueueReceive
                0x08003ffa      0x170 ./Middlewares/Third_Party/FreeRTOS/Source/queue.o
                0x08003ffa                xQueueReceive
 .text.prvCopyDataToQueue
                0x0800416a       0xd6 ./Middlewares/Third_Party/FreeRTOS/Source/queue.o
 .text.prvCopyDataFromQueue
                0x08004240       0x4c ./Middlewares/Third_Party/FreeRTOS/Source/queue.o
 .text.prvUnlockQueue
                0x0800428c       0xbc ./Middlewares/Third_Party/FreeRTOS/Source/queue.o
 .text.prvIsQueueEmpty
                0x08004348       0x2c ./Middlewares/Third_Party/FreeRTOS/Source/queue.o
 .text.prvIsQueueFull
                0x08004374       0x30 ./Middlewares/Third_Party/FreeRTOS/Source/queue.o
 .text.vQueueAddToRegistry
                0x080043a4       0x50 ./Middlewares/Third_Party/FreeRTOS/Source/queue.o
                0x080043a4                vQueueAddToRegistry
 .text.vQueueWaitForMessageRestricted
                0x080043f4       0x66 ./Middlewares/Third_Party/FreeRTOS/Source/queue.o
                0x080043f4                vQueueWaitForMessageRestricted
 .text.xTaskCreateStatic
                0x0800445a       0x8c ./Middlewares/Third_Party/FreeRTOS/Source/tasks.o
                0x0800445a                xTaskCreateStatic
 .text.xTaskCreate
                0x080044e6       0x98 ./Middlewares/Third_Party/FreeRTOS/Source/tasks.o
                0x080044e6                xTaskCreate
 *fill*         0x0800457e        0x2 
 .text.prvInitialiseNewTask
                0x08004580      0x104 ./Middlewares/Third_Party/FreeRTOS/Source/tasks.o
 .text.prvAddNewTaskToReadyList
                0x08004684       0xd0 ./Middlewares/Third_Party/FreeRTOS/Source/tasks.o
 .text.vTaskDelay
                0x08004754       0x4c ./Middlewares/Third_Party/FreeRTOS/Source/tasks.o
                0x08004754                vTaskDelay
 .text.vTaskStartScheduler
                0x080047a0       0xac ./Middlewares/Third_Party/FreeRTOS/Source/tasks.o
                0x080047a0                vTaskStartScheduler
 .text.vTaskSuspendAll
                0x0800484c       0x18 ./Middlewares/Third_Party/FreeRTOS/Source/tasks.o
                0x0800484c                vTaskSuspendAll
 .text.xTaskResumeAll
                0x08004864      0x118 ./Middlewares/Third_Party/FreeRTOS/Source/tasks.o
                0x08004864                xTaskResumeAll
 .text.xTaskGetTickCount
                0x0800497c       0x1c ./Middlewares/Third_Party/FreeRTOS/Source/tasks.o
                0x0800497c                xTaskGetTickCount
 .text.xTaskIncrementTick
                0x08004998      0x16c ./Middlewares/Third_Party/FreeRTOS/Source/tasks.o
                0x08004998                xTaskIncrementTick
 .text.vTaskSwitchContext
                0x08004b04       0xa4 ./Middlewares/Third_Party/FreeRTOS/Source/tasks.o
                0x08004b04                vTaskSwitchContext
 .text.vTaskPlaceOnEventList
                0x08004ba8       0x40 ./Middlewares/Third_Party/FreeRTOS/Source/tasks.o
                0x08004ba8                vTaskPlaceOnEventList
 .text.vTaskPlaceOnEventListRestricted
                0x08004be8       0x50 ./Middlewares/Third_Party/FreeRTOS/Source/tasks.o
                0x08004be8                vTaskPlaceOnEventListRestricted
 .text.xTaskRemoveFromEventList
                0x08004c38       0xbc ./Middlewares/Third_Party/FreeRTOS/Source/tasks.o
                0x08004c38                xTaskRemoveFromEventList
 .text.vTaskInternalSetTimeOutState
                0x08004cf4       0x28 ./Middlewares/Third_Party/FreeRTOS/Source/tasks.o
                0x08004cf4                vTaskInternalSetTimeOutState
 .text.xTaskCheckForTimeOut
                0x08004d1c       0xa4 ./Middlewares/Third_Party/FreeRTOS/Source/tasks.o
                0x08004d1c                xTaskCheckForTimeOut
 .text.vTaskMissedYield
                0x08004dc0       0x14 ./Middlewares/Third_Party/FreeRTOS/Source/tasks.o
                0x08004dc0                vTaskMissedYield
 .text.prvIdleTask
                0x08004dd4       0x20 ./Middlewares/Third_Party/FreeRTOS/Source/tasks.o
 .text.prvInitialiseTaskLists
                0x08004df4       0x88 ./Middlewares/Third_Party/FreeRTOS/Source/tasks.o
 .text.prvCheckTasksWaitingTermination
                0x08004e7c       0x5c ./Middlewares/Third_Party/FreeRTOS/Source/tasks.o
 .text.prvDeleteTCB
                0x08004ed8       0x52 ./Middlewares/Third_Party/FreeRTOS/Source/tasks.o
 *fill*         0x08004f2a        0x2 
 .text.prvResetNextTaskUnblockTime
                0x08004f2c       0x48 ./Middlewares/Third_Party/FreeRTOS/Source/tasks.o
 .text.xTaskGetSchedulerState
                0x08004f74       0x38 ./Middlewares/Third_Party/FreeRTOS/Source/tasks.o
                0x08004f74                xTaskGetSchedulerState
 .text.xTaskPriorityDisinherit
                0x08004fac       0xbc ./Middlewares/Third_Party/FreeRTOS/Source/tasks.o
                0x08004fac                xTaskPriorityDisinherit
 .text.prvAddCurrentTaskToDelayedList
                0x08005068       0xa8 ./Middlewares/Third_Party/FreeRTOS/Source/tasks.o
 .text.xTimerCreateTimerTask
                0x08005110       0x80 ./Middlewares/Third_Party/FreeRTOS/Source/timers.o
                0x08005110                xTimerCreateTimerTask
 .text.xTimerGenericCommand
                0x08005190       0x98 ./Middlewares/Third_Party/FreeRTOS/Source/timers.o
                0x08005190                xTimerGenericCommand
 .text.prvProcessExpiredTimer
                0x08005228       0x74 ./Middlewares/Third_Party/FreeRTOS/Source/timers.o
 .text.prvTimerTask
                0x0800529c       0x2a ./Middlewares/Third_Party/FreeRTOS/Source/timers.o
 *fill*         0x080052c6        0x2 
 .text.prvProcessTimerOrBlockTask
                0x080052c8       0x8c ./Middlewares/Third_Party/FreeRTOS/Source/timers.o
 .text.prvGetNextExpireTime
                0x08005354       0x40 ./Middlewares/Third_Party/FreeRTOS/Source/timers.o
 .text.prvSampleTimeNow
                0x08005394       0x40 ./Middlewares/Third_Party/FreeRTOS/Source/timers.o
 .text.prvInsertTimerInActiveList
                0x080053d4       0x84 ./Middlewares/Third_Party/FreeRTOS/Source/timers.o
 .text.prvProcessReceivedCommands
                0x08005458      0x144 ./Middlewares/Third_Party/FreeRTOS/Source/timers.o
 .text.prvSwitchTimerLists
                0x0800559c       0xb8 ./Middlewares/Third_Party/FreeRTOS/Source/timers.o
 .text.prvCheckForValidListAndQueue
                0x08005654       0x84 ./Middlewares/Third_Party/FreeRTOS/Source/timers.o
 .text.pxPortInitialiseStack
                0x080056d8       0x54 ./Middlewares/Third_Party/FreeRTOS/Source/portable/GCC/ARM_CM0/port.o
                0x080056d8                pxPortInitialiseStack
 .text.prvTaskExitError
                0x0800572c       0x30 ./Middlewares/Third_Party/FreeRTOS/Source/portable/GCC/ARM_CM0/port.o
 .text.SVC_Handler
                0x0800575c        0xa ./Middlewares/Third_Party/FreeRTOS/Source/portable/GCC/ARM_CM0/port.o
                0x0800575c                SVC_Handler
 *fill*         0x08005766        0xa 
 .text.vPortStartFirstTask
                0x08005770       0x38 ./Middlewares/Third_Party/FreeRTOS/Source/portable/GCC/ARM_CM0/port.o
 .text.xPortStartScheduler
                0x080057a8       0x48 ./Middlewares/Third_Party/FreeRTOS/Source/portable/GCC/ARM_CM0/port.o
                0x080057a8                xPortStartScheduler
 .text.vPortYield
                0x080057f0       0x20 ./Middlewares/Third_Party/FreeRTOS/Source/portable/GCC/ARM_CM0/port.o
                0x080057f0                vPortYield
 .text.vPortEnterCritical
                0x08005810       0x24 ./Middlewares/Third_Party/FreeRTOS/Source/portable/GCC/ARM_CM0/port.o
                0x08005810                vPortEnterCritical
 .text.vPortExitCritical
                0x08005834       0x30 ./Middlewares/Third_Party/FreeRTOS/Source/portable/GCC/ARM_CM0/port.o
                0x08005834                vPortExitCritical
 .text.ulSetInterruptMaskFromISR
                0x08005864        0xc ./Middlewares/Third_Party/FreeRTOS/Source/portable/GCC/ARM_CM0/port.o
                0x08005864                ulSetInterruptMaskFromISR
 .text.vClearInterruptMaskFromISR
                0x08005870        0x8 ./Middlewares/Third_Party/FreeRTOS/Source/portable/GCC/ARM_CM0/port.o
                0x08005870                vClearInterruptMaskFromISR
 *fill*         0x08005878        0x8 
 .text.PendSV_Handler
                0x08005880       0x48 ./Middlewares/Third_Party/FreeRTOS/Source/portable/GCC/ARM_CM0/port.o
                0x08005880                PendSV_Handler
 .text.SysTick_Handler
                0x080058c8       0x34 ./Middlewares/Third_Party/FreeRTOS/Source/portable/GCC/ARM_CM0/port.o
                0x080058c8                SysTick_Handler
 .text.prvSetupTimerInterrupt
                0x080058fc       0x44 ./Middlewares/Third_Party/FreeRTOS/Source/portable/GCC/ARM_CM0/port.o
 .text.pvPortMalloc
                0x08005940      0x150 ./Middlewares/Third_Party/FreeRTOS/Source/portable/MemMang/heap_4.o
                0x08005940                pvPortMalloc
 .text.vPortFree
                0x08005a90       0x94 ./Middlewares/Third_Party/FreeRTOS/Source/portable/MemMang/heap_4.o
                0x08005a90                vPortFree
 .text.prvHeapInit
                0x08005b24       0xc0 ./Middlewares/Third_Party/FreeRTOS/Source/portable/MemMang/heap_4.o
 .text.prvInsertBlockIntoFreeList
                0x08005be4       0xb0 ./Middlewares/Third_Party/FreeRTOS/Source/portable/MemMang/heap_4.o
 .text.memset   0x08005c94       0x10 C:/ST/STM32CubeIDE_1.19.0/STM32CubeIDE/plugins/com.st.stm32cube.ide.mcu.externaltools.gnu-tools-for-stm32.13.3.rel1.win32_1.0.0.202411081344/tools/bin/../lib/gcc/arm-none-eabi/13.3.1/../../../../arm-none-eabi/lib/thumb/v6-m/nofp\libc_nano.a(libc_a-memset.o)
                0x08005c94                memset
 .text.__libc_init_array
                0x08005ca4       0x48 C:/ST/STM32CubeIDE_1.19.0/STM32CubeIDE/plugins/com.st.stm32cube.ide.mcu.externaltools.gnu-tools-for-stm32.13.3.rel1.win32_1.0.0.202411081344/tools/bin/../lib/gcc/arm-none-eabi/13.3.1/../../../../arm-none-eabi/lib/thumb/v6-m/nofp\libc_nano.a(libc_a-init.o)
                0x08005ca4                __libc_init_array
 .text.memcpy   0x08005cec       0x12 C:/ST/STM32CubeIDE_1.19.0/STM32CubeIDE/plugins/com.st.stm32cube.ide.mcu.externaltools.gnu-tools-for-stm32.13.3.rel1.win32_1.0.0.202411081344/tools/bin/../lib/gcc/arm-none-eabi/13.3.1/../../../../arm-none-eabi/lib/thumb/v6-m/nofp\libc_nano.a(libc_a-memcpy-stub.o)
                0x08005cec                memcpy
 *(.glue_7)
 .glue_7        0x08005cfe        0x0 linker stubs
 *(.glue_7t)
 .glue_7t       0x08005cfe        0x0 linker stubs
 *(.eh_frame)
 *fill*         0x08005cfe        0x2 
 .eh_frame      0x08005d00        0x0 C:/ST/STM32CubeIDE_1.19.0/STM32CubeIDE/plugins/com.st.stm32cube.ide.mcu.externaltools.gnu-tools-for-stm32.13.3.rel1.win32_1.0.0.202411081344/tools/bin/../lib/gcc/arm-none-eabi/13.3.1/thumb/v6-m/nofp/crtbegin.o
 *(.init)
 .init          0x08005d00        0x4 C:/ST/STM32CubeIDE_1.19.0/STM32CubeIDE/plugins/com.st.stm32cube.ide.mcu.externaltools.gnu-tools-for-stm32.13.3.rel1.win32_1.0.0.202411081344/tools/bin/../lib/gcc/arm-none-eabi/13.3.1/thumb/v6-m/nofp/crti.o
                0x08005d00                _init
 .init          0x08005d04        0x8 C:/ST/STM32CubeIDE_1.19.0/STM32CubeIDE/plugins/com.st.stm32cube.ide.mcu.externaltools.gnu-tools-for-stm32.13.3.rel1.win32_1.0.0.202411081344/tools/bin/../lib/gcc/arm-none-eabi/13.3.1/thumb/v6-m/nofp/crtn.o
 *(.fini)
 .fini          0x08005d0c        0x4 C:/ST/STM32CubeIDE_1.19.0/STM32CubeIDE/plugins/com.st.stm32cube.ide.mcu.externaltools.gnu-tools-for-stm32.13.3.rel1.win32_1.0.0.202411081344/tools/bin/../lib/gcc/arm-none-eabi/13.3.1/thumb/v6-m/nofp/crti.o
                0x08005d0c                _fini
 .fini          0x08005d10        0x8 C:/ST/STM32CubeIDE_1.19.0/STM32CubeIDE/plugins/com.st.stm32cube.ide.mcu.externaltools.gnu-tools-for-stm32.13.3.rel1.win32_1.0.0.202411081344/tools/bin/../lib/gcc/arm-none-eabi/13.3.1/thumb/v6-m/nofp/crtn.o
                0x08005d18                        . = ALIGN (0x4)
                0x08005d18                        _etext = .

.vfp11_veneer   0x08005d18        0x0
 .vfp11_veneer  0x08005d18        0x0 linker stubs

.v4_bx          0x08005d18        0x0
 .v4_bx         0x08005d18        0x0 linker stubs

.iplt           0x08005d18        0x0
 .iplt          0x08005d18        0x0 C:/ST/STM32CubeIDE_1.19.0/STM32CubeIDE/plugins/com.st.stm32cube.ide.mcu.externaltools.gnu-tools-for-stm32.13.3.rel1.win32_1.0.0.202411081344/tools/bin/../lib/gcc/arm-none-eabi/13.3.1/thumb/v6-m/nofp/crtbegin.o

.rodata         0x08005d18      0x118
                0x08005d18                        . = ALIGN (0x4)
 *(.rodata)
 .rodata        0x08005d18       0x27 ./Core/Services/Main/main.o
 *fill*         0x08005d3f        0x1 
 .rodata        0x08005d40        0x5 ./Middlewares/Third_Party/FreeRTOS/Source/tasks.o
 *fill*         0x08005d45        0x3 
 .rodata        0x08005d48        0xd ./Middlewares/Third_Party/FreeRTOS/Source/timers.o
 *(.rodata*)
 *fill*         0x08005d55        0x3 
 .rodata.AHBPrescTable
                0x08005d58       0x10 ./Core/MCAL/system_stm32f0xx.o
                0x08005d58                AHBPrescTable
 .rodata.APBPrescTable
                0x08005d68        0x8 ./Core/MCAL/system_stm32f0xx.o
                0x08005d68                APBPrescTable
 .rodata.readAdcVolt_attributes
                0x08005d70       0x24 ./Core/Services/Main/main.o
                0x08005d70                readAdcVolt_attributes
 .rodata.displayVoltRead_attributes
                0x08005d94       0x24 ./Core/Services/Main/main.o
                0x08005d94                displayVoltRead_attributes
 .rodata.readButton_attributes
                0x08005db8       0x24 ./Core/Services/Main/main.o
                0x08005db8                readButton_attributes
 .rodata.pts.0  0x08005ddc        0xc ./Core/Services/Main/main.o
 .rodata.aPLLMULFactorTable.1
                0x08005de8       0x10 ./Drivers/STM32F0xx_HAL_Driver/Src/stm32f0xx_hal_rcc.o
 .rodata.aPredivFactorTable.0
                0x08005df8       0x10 ./Drivers/STM32F0xx_HAL_Driver/Src/stm32f0xx_hal_rcc.o
 .rodata.prvProcessReceivedCommands
                0x08005e08       0x28 ./Middlewares/Third_Party/FreeRTOS/Source/timers.o
                0x08005e30                        . = ALIGN (0x4)

.ARM.extab      0x08005e30        0x0
                0x08005e30                        . = ALIGN (0x4)
 *(.ARM.extab* .gnu.linkonce.armextab.*)
                0x08005e30                        . = ALIGN (0x4)

.ARM            0x08005e30        0x0
                0x08005e30                        . = ALIGN (0x4)
                0x08005e30                        __exidx_start = .
 *(.ARM.exidx*)
                0x08005e30                        __exidx_end = .
                0x08005e30                        . = ALIGN (0x4)

.preinit_array  0x08005e30        0x0
                0x08005e30                        . = ALIGN (0x4)
                0x08005e30                        PROVIDE (__preinit_array_start = .)
 *(.preinit_array*)
                0x08005e30                        PROVIDE (__preinit_array_end = .)
                0x08005e30                        . = ALIGN (0x4)

.init_array     0x08005e30        0x4
                0x08005e30                        . = ALIGN (0x4)
                0x08005e30                        PROVIDE (__init_array_start = .)
 *(SORT_BY_NAME(.init_array.*))
 *(.init_array*)
 .init_array    0x08005e30        0x4 C:/ST/STM32CubeIDE_1.19.0/STM32CubeIDE/plugins/com.st.stm32cube.ide.mcu.externaltools.gnu-tools-for-stm32.13.3.rel1.win32_1.0.0.202411081344/tools/bin/../lib/gcc/arm-none-eabi/13.3.1/thumb/v6-m/nofp/crtbegin.o
                0x08005e34                        PROVIDE (__init_array_end = .)
                0x08005e34                        . = ALIGN (0x4)

.fini_array     0x08005e34        0x4
                0x08005e34                        . = ALIGN (0x4)
                [!provide]                        PROVIDE (__fini_array_start = .)
 *(SORT_BY_NAME(.fini_array.*))
 *(.fini_array*)
 .fini_array    0x08005e34        0x4 C:/ST/STM32CubeIDE_1.19.0/STM32CubeIDE/plugins/com.st.stm32cube.ide.mcu.externaltools.gnu-tools-for-stm32.13.3.rel1.win32_1.0.0.202411081344/tools/bin/../lib/gcc/arm-none-eabi/13.3.1/thumb/v6-m/nofp/crtbegin.o
                [!provide]                        PROVIDE (__fini_array_end = .)
                0x08005e38                        . = ALIGN (0x4)
                0x08005e38                        _sidata = LOADADDR (.data)

.rel.dyn        0x08005e38        0x0
 .rel.iplt      0x08005e38        0x0 C:/ST/STM32CubeIDE_1.19.0/STM32CubeIDE/plugins/com.st.stm32cube.ide.mcu.externaltools.gnu-tools-for-stm32.13.3.rel1.win32_1.0.0.202411081344/tools/bin/../lib/gcc/arm-none-eabi/13.3.1/thumb/v6-m/nofp/crtbegin.o

.data           0x20000000       0x14 load address 0x08005e38
                0x20000000                        . = ALIGN (0x4)
                0x20000000                        _sdata = .
 *(.data)
 *(.data*)
 .data.SystemCoreClock
                0x20000000        0x4 ./Core/MCAL/system_stm32f0xx.o
                0x20000000                SystemCoreClock
 .data.voltReadRaw
                0x20000004        0x2 ./Core/RTE/Rte.o
                0x20000004                voltReadRaw
 *fill*         0x20000006        0x2 
 .data.uwTickPrio
                0x20000008        0x4 ./Drivers/STM32F0xx_HAL_Driver/Src/stm32f0xx_hal.o
                0x20000008                uwTickPrio
 .data.uwTickFreq
                0x2000000c        0x1 ./Drivers/STM32F0xx_HAL_Driver/Src/stm32f0xx_hal.o
                0x2000000c                uwTickFreq
 *fill*         0x2000000d        0x3 
 .data.uxCriticalNesting
                0x20000010        0x4 ./Middlewares/Third_Party/FreeRTOS/Source/portable/GCC/ARM_CM0/port.o
 *(.RamFunc)
 *(.RamFunc*)
                0x20000014                        . = ALIGN (0x4)
                0x20000014                        _edata = .

.igot.plt       0x20000014        0x0 load address 0x08005e4c
 .igot.plt      0x20000014        0x0 C:/ST/STM32CubeIDE_1.19.0/STM32CubeIDE/plugins/com.st.stm32cube.ide.mcu.externaltools.gnu-tools-for-stm32.13.3.rel1.win32_1.0.0.202411081344/tools/bin/../lib/gcc/arm-none-eabi/13.3.1/thumb/v6-m/nofp/crtbegin.o
                0x20000014                        . = ALIGN (0x4)

.bss            0x20000014     0x1adc load address 0x08005e4c
                0x20000014                        _sbss = .
                0x20000014                        __bss_start__ = _sbss
 *(.bss)
 .bss           0x20000014       0x1c C:/ST/STM32CubeIDE_1.19.0/STM32CubeIDE/plugins/com.st.stm32cube.ide.mcu.externaltools.gnu-tools-for-stm32.13.3.rel1.win32_1.0.0.202411081344/tools/bin/../lib/gcc/arm-none-eabi/13.3.1/thumb/v6-m/nofp/crtbegin.o
 *(.bss*)
 .bss.htim3     0x20000030       0x48 ./Core/MCAL/stm32f0xx_hal_timebase_tim.o
                0x20000030                htim3
 .bss.voltRead  0x20000078        0x2 ./Core/RTE/Rte.o
                0x20000078                voltRead
 *fill*         0x2000007a        0x2 
 .bss.adc_buffer
                0x2000007c        0x4 ./Core/RTE/Rte.o
                0x2000007c                adc_buffer
 .bss.MAVector  0x20000080       0x14 ./Core/Services/Main/main.o
 .bss.hadc      0x20000094       0x40 ./Core/Services/Main/main.o
                0x20000094                hadc
 .bss.hdma_adc  0x200000d4       0x44 ./Core/Services/Main/main.o
                0x200000d4                hdma_adc
 .bss.huart2    0x20000118       0x88 ./Core/Services/Main/main.o
                0x20000118                huart2
 .bss.readAdcVoltHandle
                0x200001a0        0x4 ./Core/Services/Main/main.o
                0x200001a0                readAdcVoltHandle
 .bss.displayVoltReadHandle
                0x200001a4        0x4 ./Core/Services/Main/main.o
                0x200001a4                displayVoltReadHandle
 .bss.readButtonHandle
                0x200001a8        0x4 ./Core/Services/Main/main.o
                0x200001a8                readButtonHandle
 .bss.uwTick    0x200001ac        0x4 ./Drivers/STM32F0xx_HAL_Driver/Src/stm32f0xx_hal.o
                0x200001ac                uwTick
 .bss.KernelState
                0x200001b0        0x4 ./Middlewares/Third_Party/FreeRTOS/Source/CMSIS_RTOS_V2/cmsis_os2.o
 .bss.Idle_TCB  0x200001b4       0x5c ./Middlewares/Third_Party/FreeRTOS/Source/CMSIS_RTOS_V2/cmsis_os2.o
 .bss.Idle_Stack
                0x20000210      0x200 ./Middlewares/Third_Party/FreeRTOS/Source/CMSIS_RTOS_V2/cmsis_os2.o
 .bss.Timer_TCB
                0x20000410       0x5c ./Middlewares/Third_Party/FreeRTOS/Source/CMSIS_RTOS_V2/cmsis_os2.o
 .bss.Timer_Stack
                0x2000046c      0x400 ./Middlewares/Third_Party/FreeRTOS/Source/CMSIS_RTOS_V2/cmsis_os2.o
 .bss.xQueueRegistry
                0x2000086c       0x40 ./Middlewares/Third_Party/FreeRTOS/Source/queue.o
                0x2000086c                xQueueRegistry
 .bss.pxCurrentTCB
                0x200008ac        0x4 ./Middlewares/Third_Party/FreeRTOS/Source/tasks.o
                0x200008ac                pxCurrentTCB
 .bss.pxReadyTasksLists
                0x200008b0      0x460 ./Middlewares/Third_Party/FreeRTOS/Source/tasks.o
 .bss.xDelayedTaskList1
                0x20000d10       0x14 ./Middlewares/Third_Party/FreeRTOS/Source/tasks.o
 .bss.xDelayedTaskList2
                0x20000d24       0x14 ./Middlewares/Third_Party/FreeRTOS/Source/tasks.o
 .bss.pxDelayedTaskList
                0x20000d38        0x4 ./Middlewares/Third_Party/FreeRTOS/Source/tasks.o
 .bss.pxOverflowDelayedTaskList
                0x20000d3c        0x4 ./Middlewares/Third_Party/FreeRTOS/Source/tasks.o
 .bss.xPendingReadyList
                0x20000d40       0x14 ./Middlewares/Third_Party/FreeRTOS/Source/tasks.o
 .bss.xTasksWaitingTermination
                0x20000d54       0x14 ./Middlewares/Third_Party/FreeRTOS/Source/tasks.o
 .bss.uxDeletedTasksWaitingCleanUp
                0x20000d68        0x4 ./Middlewares/Third_Party/FreeRTOS/Source/tasks.o
 .bss.xSuspendedTaskList
                0x20000d6c       0x14 ./Middlewares/Third_Party/FreeRTOS/Source/tasks.o
 .bss.uxCurrentNumberOfTasks
                0x20000d80        0x4 ./Middlewares/Third_Party/FreeRTOS/Source/tasks.o
 .bss.xTickCount
                0x20000d84        0x4 ./Middlewares/Third_Party/FreeRTOS/Source/tasks.o
 .bss.uxTopReadyPriority
                0x20000d88        0x4 ./Middlewares/Third_Party/FreeRTOS/Source/tasks.o
 .bss.xSchedulerRunning
                0x20000d8c        0x4 ./Middlewares/Third_Party/FreeRTOS/Source/tasks.o
 .bss.uxPendedTicks
                0x20000d90        0x4 ./Middlewares/Third_Party/FreeRTOS/Source/tasks.o
 .bss.xYieldPending
                0x20000d94        0x4 ./Middlewares/Third_Party/FreeRTOS/Source/tasks.o
 .bss.xNumOfOverflows
                0x20000d98        0x4 ./Middlewares/Third_Party/FreeRTOS/Source/tasks.o
 .bss.uxTaskNumber
                0x20000d9c        0x4 ./Middlewares/Third_Party/FreeRTOS/Source/tasks.o
 .bss.xNextTaskUnblockTime
                0x20000da0        0x4 ./Middlewares/Third_Party/FreeRTOS/Source/tasks.o
 .bss.xIdleTaskHandle
                0x20000da4        0x4 ./Middlewares/Third_Party/FreeRTOS/Source/tasks.o
 .bss.uxSchedulerSuspended
                0x20000da8        0x4 ./Middlewares/Third_Party/FreeRTOS/Source/tasks.o
 .bss.xActiveTimerList1
                0x20000dac       0x14 ./Middlewares/Third_Party/FreeRTOS/Source/timers.o
 .bss.xActiveTimerList2
                0x20000dc0       0x14 ./Middlewares/Third_Party/FreeRTOS/Source/timers.o
 .bss.pxCurrentTimerList
                0x20000dd4        0x4 ./Middlewares/Third_Party/FreeRTOS/Source/timers.o
 .bss.pxOverflowTimerList
                0x20000dd8        0x4 ./Middlewares/Third_Party/FreeRTOS/Source/timers.o
 .bss.xTimerQueue
                0x20000ddc        0x4 ./Middlewares/Third_Party/FreeRTOS/Source/timers.o
 .bss.xTimerTaskHandle
                0x20000de0        0x4 ./Middlewares/Third_Party/FreeRTOS/Source/timers.o
 .bss.xLastTime.2
                0x20000de4        0x4 ./Middlewares/Third_Party/FreeRTOS/Source/timers.o
 .bss.ucStaticTimerQueueStorage.1
                0x20000de8       0xa0 ./Middlewares/Third_Party/FreeRTOS/Source/timers.o
 .bss.xStaticTimerQueue.0
                0x20000e88       0x50 ./Middlewares/Third_Party/FreeRTOS/Source/timers.o
 .bss.ucHeap    0x20000ed8      0xc00 ./Middlewares/Third_Party/FreeRTOS/Source/portable/MemMang/heap_4.o
 .bss.xStart    0x20001ad8        0x8 ./Middlewares/Third_Party/FreeRTOS/Source/portable/MemMang/heap_4.o
 .bss.pxEnd     0x20001ae0        0x4 ./Middlewares/Third_Party/FreeRTOS/Source/portable/MemMang/heap_4.o
 .bss.xFreeBytesRemaining
                0x20001ae4        0x4 ./Middlewares/Third_Party/FreeRTOS/Source/portable/MemMang/heap_4.o
 .bss.xMinimumEverFreeBytesRemaining
                0x20001ae8        0x4 ./Middlewares/Third_Party/FreeRTOS/Source/portable/MemMang/heap_4.o
 .bss.xBlockAllocatedBit
                0x20001aec        0x4 ./Middlewares/Third_Party/FreeRTOS/Source/portable/MemMang/heap_4.o
 *(COMMON)
                0x20001af0                        . = ALIGN (0x4)
                0x20001af0                        _ebss = .
                0x20001af0                        __bss_end__ = _ebss

._user_heap_stack
                0x20001af0      0x600 load address 0x08005e4c
                0x20001af0                        . = ALIGN (0x8)
                [!provide]                        PROVIDE (end = .)
                0x20001af0                        PROVIDE (_end = .)
                0x20001cf0                        . = (. + _Min_Heap_Size)
 *fill*         0x20001af0      0x200 
                0x200020f0                        . = (. + _Min_Stack_Size)
 *fill*         0x20001cf0      0x400 
                0x200020f0                        . = ALIGN (0x8)

/DISCARD/
 libc.a(*)
 libm.a(*)
 libgcc.a(*)

.ARM.attributes
                0x00000000       0x28
 *(.ARM.attributes)
 .ARM.attributes
                0x00000000       0x1e C:/ST/STM32CubeIDE_1.19.0/STM32CubeIDE/plugins/com.st.stm32cube.ide.mcu.externaltools.gnu-tools-for-stm32.13.3.rel1.win32_1.0.0.202411081344/tools/bin/../lib/gcc/arm-none-eabi/13.3.1/thumb/v6-m/nofp/crti.o
 .ARM.attributes
                0x0000001e       0x2c C:/ST/STM32CubeIDE_1.19.0/STM32CubeIDE/plugins/com.st.stm32cube.ide.mcu.externaltools.gnu-tools-for-stm32.13.3.rel1.win32_1.0.0.202411081344/tools/bin/../lib/gcc/arm-none-eabi/13.3.1/thumb/v6-m/nofp/crtbegin.o
 .ARM.attributes
                0x0000004a       0x21 ./Core/ComplexDrivers/Startup/startup_stm32f091rctx.o
 .ARM.attributes
                0x0000006b       0x2c ./Core/MCAL/stm32f0xx_hal_msp.o
 .ARM.attributes
                0x00000097       0x2c ./Core/MCAL/stm32f0xx_hal_timebase_tim.o
 .ARM.attributes
                0x000000c3       0x2c ./Core/MCAL/stm32f0xx_it.o
 .ARM.attributes
                0x000000ef       0x2c ./Core/MCAL/system_stm32f0xx.o
 .ARM.attributes
                0x0000011b       0x2c ./Core/RTE/Rte.o
 .ARM.attributes
                0x00000147       0x2c ./Core/Services/Main/main.o
 .ARM.attributes
                0x00000173       0x2c ./Drivers/STM32F0xx_HAL_Driver/Src/stm32f0xx_hal.o
 .ARM.attributes
                0x0000019f       0x2c ./Drivers/STM32F0xx_HAL_Driver/Src/stm32f0xx_hal_adc.o
 .ARM.attributes
                0x000001cb       0x2c ./Drivers/STM32F0xx_HAL_Driver/Src/stm32f0xx_hal_cortex.o
 .ARM.attributes
                0x000001f7       0x2c ./Drivers/STM32F0xx_HAL_Driver/Src/stm32f0xx_hal_dma.o
 .ARM.attributes
                0x00000223       0x2c ./Drivers/STM32F0xx_HAL_Driver/Src/stm32f0xx_hal_gpio.o
 .ARM.attributes
                0x0000024f       0x2c ./Drivers/STM32F0xx_HAL_Driver/Src/stm32f0xx_hal_rcc.o
 .ARM.attributes
                0x0000027b       0x2c ./Drivers/STM32F0xx_HAL_Driver/Src/stm32f0xx_hal_rcc_ex.o
 .ARM.attributes
                0x000002a7       0x2c ./Drivers/STM32F0xx_HAL_Driver/Src/stm32f0xx_hal_tim.o
 .ARM.attributes
                0x000002d3       0x2c ./Drivers/STM32F0xx_HAL_Driver/Src/stm32f0xx_hal_tim_ex.o
 .ARM.attributes
                0x000002ff       0x2c ./Drivers/STM32F0xx_HAL_Driver/Src/stm32f0xx_hal_uart.o
 .ARM.attributes
                0x0000032b       0x2c ./Middlewares/Third_Party/FreeRTOS/Source/CMSIS_RTOS_V2/cmsis_os2.o
 .ARM.attributes
                0x00000357       0x2c ./Middlewares/Third_Party/FreeRTOS/Source/list.o
 .ARM.attributes
                0x00000383       0x2c ./Middlewares/Third_Party/FreeRTOS/Source/queue.o
 .ARM.attributes
                0x000003af       0x2c ./Middlewares/Third_Party/FreeRTOS/Source/tasks.o
 .ARM.attributes
                0x000003db       0x2c ./Middlewares/Third_Party/FreeRTOS/Source/timers.o
 .ARM.attributes
                0x00000407       0x2c ./Middlewares/Third_Party/FreeRTOS/Source/portable/GCC/ARM_CM0/port.o
 .ARM.attributes
                0x00000433       0x2c ./Middlewares/Third_Party/FreeRTOS/Source/portable/MemMang/heap_4.o
 .ARM.attributes
                0x0000045f       0x2c C:/ST/STM32CubeIDE_1.19.0/STM32CubeIDE/plugins/com.st.stm32cube.ide.mcu.externaltools.gnu-tools-for-stm32.13.3.rel1.win32_1.0.0.202411081344/tools/bin/../lib/gcc/arm-none-eabi/13.3.1/../../../../arm-none-eabi/lib/thumb/v6-m/nofp\libc_nano.a(libc_a-memset.o)
 .ARM.attributes
                0x0000048b       0x2c C:/ST/STM32CubeIDE_1.19.0/STM32CubeIDE/plugins/com.st.stm32cube.ide.mcu.externaltools.gnu-tools-for-stm32.13.3.rel1.win32_1.0.0.202411081344/tools/bin/../lib/gcc/arm-none-eabi/13.3.1/../../../../arm-none-eabi/lib/thumb/v6-m/nofp\libc_nano.a(libc_a-init.o)
 .ARM.attributes
                0x000004b7       0x2c C:/ST/STM32CubeIDE_1.19.0/STM32CubeIDE/plugins/com.st.stm32cube.ide.mcu.externaltools.gnu-tools-for-stm32.13.3.rel1.win32_1.0.0.202411081344/tools/bin/../lib/gcc/arm-none-eabi/13.3.1/../../../../arm-none-eabi/lib/thumb/v6-m/nofp\libc_nano.a(libc_a-memcpy-stub.o)
 .ARM.attributes
                0x000004e3       0x1e C:/ST/STM32CubeIDE_1.19.0/STM32CubeIDE/plugins/com.st.stm32cube.ide.mcu.externaltools.gnu-tools-for-stm32.13.3.rel1.win32_1.0.0.202411081344/tools/bin/../lib/gcc/arm-none-eabi/13.3.1/thumb/v6-m/nofp\libgcc.a(_udivsi3.o)
 .ARM.attributes
                0x00000501       0x1e C:/ST/STM32CubeIDE_1.19.0/STM32CubeIDE/plugins/com.st.stm32cube.ide.mcu.externaltools.gnu-tools-for-stm32.13.3.rel1.win32_1.0.0.202411081344/tools/bin/../lib/gcc/arm-none-eabi/13.3.1/thumb/v6-m/nofp\libgcc.a(_divsi3.o)
 .ARM.attributes
                0x0000051f       0x1e C:/ST/STM32CubeIDE_1.19.0/STM32CubeIDE/plugins/com.st.stm32cube.ide.mcu.externaltools.gnu-tools-for-stm32.13.3.rel1.win32_1.0.0.202411081344/tools/bin/../lib/gcc/arm-none-eabi/13.3.1/thumb/v6-m/nofp\libgcc.a(_dvmd_tls.o)
 .ARM.attributes
                0x0000053d       0x1e C:/ST/STM32CubeIDE_1.19.0/STM32CubeIDE/plugins/com.st.stm32cube.ide.mcu.externaltools.gnu-tools-for-stm32.13.3.rel1.win32_1.0.0.202411081344/tools/bin/../lib/gcc/arm-none-eabi/13.3.1/thumb/v6-m/nofp/crtn.o
OUTPUT(Voltmetru_project.elf elf32-littlearm)
LOAD linker stubs
LOAD C:/ST/STM32CubeIDE_1.19.0/STM32CubeIDE/plugins/com.st.stm32cube.ide.mcu.externaltools.gnu-tools-for-stm32.13.3.rel1.win32_1.0.0.202411081344/tools/bin/../lib/gcc/arm-none-eabi/13.3.1/../../../../arm-none-eabi/lib/thumb/v6-m/nofp\libc.a
LOAD C:/ST/STM32CubeIDE_1.19.0/STM32CubeIDE/plugins/com.st.stm32cube.ide.mcu.externaltools.gnu-tools-for-stm32.13.3.rel1.win32_1.0.0.202411081344/tools/bin/../lib/gcc/arm-none-eabi/13.3.1/../../../../arm-none-eabi/lib/thumb/v6-m/nofp\libm.a
LOAD C:/ST/STM32CubeIDE_1.19.0/STM32CubeIDE/plugins/com.st.stm32cube.ide.mcu.externaltools.gnu-tools-for-stm32.13.3.rel1.win32_1.0.0.202411081344/tools/bin/../lib/gcc/arm-none-eabi/13.3.1/thumb/v6-m/nofp\libgcc.a

.debug_line     0x00000000    0x184c5
 .debug_line    0x00000000       0x7b ./Core/ComplexDrivers/Startup/startup_stm32f091rctx.o
 .debug_line    0x0000007b      0x85c ./Core/MCAL/stm32f0xx_hal_msp.o
 .debug_line    0x000008d7      0x806 ./Core/MCAL/stm32f0xx_hal_timebase_tim.o
 .debug_line    0x000010dd      0x7ed ./Core/MCAL/stm32f0xx_it.o
 .debug_line    0x000018ca      0x810 ./Core/MCAL/system_stm32f0xx.o
 .debug_line    0x000020da      0x784 ./Core/RTE/Rte.o
 .debug_line    0x0000285e      0xc83 ./Core/Services/Main/main.o
 .debug_line    0x000034e1      0xa13 ./Drivers/STM32F0xx_HAL_Driver/Src/stm32f0xx_hal.o
 .debug_line    0x00003ef4     0x122f ./Drivers/STM32F0xx_HAL_Driver/Src/stm32f0xx_hal_adc.o
 .debug_line    0x00005123      0xabb ./Drivers/STM32F0xx_HAL_Driver/Src/stm32f0xx_hal_cortex.o
 .debug_line    0x00005bde      0xd38 ./Drivers/STM32F0xx_HAL_Driver/Src/stm32f0xx_hal_dma.o
 .debug_line    0x00006916      0xb8d ./Drivers/STM32F0xx_HAL_Driver/Src/stm32f0xx_hal_gpio.o
 .debug_line    0x000074a3      0xf58 ./Drivers/STM32F0xx_HAL_Driver/Src/stm32f0xx_hal_rcc.o
 .debug_line    0x000083fb      0xca8 ./Drivers/STM32F0xx_HAL_Driver/Src/stm32f0xx_hal_rcc_ex.o
 .debug_line    0x000090a3     0x37be ./Drivers/STM32F0xx_HAL_Driver/Src/stm32f0xx_hal_tim.o
 .debug_line    0x0000c861     0x191a ./Drivers/STM32F0xx_HAL_Driver/Src/stm32f0xx_hal_tim_ex.o
 .debug_line    0x0000e17b     0x2dea ./Drivers/STM32F0xx_HAL_Driver/Src/stm32f0xx_hal_uart.o
 .debug_line    0x00010f65     0x22af ./Middlewares/Third_Party/FreeRTOS/Source/CMSIS_RTOS_V2/cmsis_os2.o
 .debug_line    0x00013214      0x793 ./Middlewares/Third_Party/FreeRTOS/Source/list.o
 .debug_line    0x000139a7     0x14b0 ./Middlewares/Third_Party/FreeRTOS/Source/queue.o
 .debug_line    0x00014e57     0x1a05 ./Middlewares/Third_Party/FreeRTOS/Source/tasks.o
 .debug_line    0x0001685c      0xc48 ./Middlewares/Third_Party/FreeRTOS/Source/timers.o
 .debug_line    0x000174a4      0x70b ./Middlewares/Third_Party/FreeRTOS/Source/portable/GCC/ARM_CM0/port.o
 .debug_line    0x00017baf      0x916 ./Middlewares/Third_Party/FreeRTOS/Source/portable/MemMang/heap_4.o

.debug_line_str
                0x00000000       0x69
 .debug_line_str
                0x00000000       0x69 ./Core/ComplexDrivers/Startup/startup_stm32f091rctx.o

.debug_info     0x00000000    0x16483
 .debug_info    0x00000000       0x30 ./Core/ComplexDrivers/Startup/startup_stm32f091rctx.o
 .debug_info    0x00000030      0xd50 ./Core/MCAL/stm32f0xx_hal_msp.o
 .debug_info    0x00000d80      0x991 ./Core/MCAL/stm32f0xx_hal_timebase_tim.o
 .debug_info    0x00001711      0x675 ./Core/MCAL/stm32f0xx_it.o
 .debug_info    0x00001d86      0x242 ./Core/MCAL/system_stm32f0xx.o
 .debug_info    0x00001fc8       0xfe ./Core/RTE/Rte.o
 .debug_info    0x000020c6     0x18d1 ./Core/Services/Main/main.o
 .debug_info    0x00003997      0x6c3 ./Drivers/STM32F0xx_HAL_Driver/Src/stm32f0xx_hal.o
 .debug_info    0x0000405a      0xc92 ./Drivers/STM32F0xx_HAL_Driver/Src/stm32f0xx_hal_adc.o
 .debug_info    0x00004cec      0x6bf ./Drivers/STM32F0xx_HAL_Driver/Src/stm32f0xx_hal_cortex.o
 .debug_info    0x000053ab      0x712 ./Drivers/STM32F0xx_HAL_Driver/Src/stm32f0xx_hal_dma.o
 .debug_info    0x00005abd      0x5e6 ./Drivers/STM32F0xx_HAL_Driver/Src/stm32f0xx_hal_gpio.o
 .debug_info    0x000060a3      0x83f ./Drivers/STM32F0xx_HAL_Driver/Src/stm32f0xx_hal_rcc.o
 .debug_info    0x000068e2      0x5e7 ./Drivers/STM32F0xx_HAL_Driver/Src/stm32f0xx_hal_rcc_ex.o
 .debug_info    0x00006ec9     0x297c ./Drivers/STM32F0xx_HAL_Driver/Src/stm32f0xx_hal_tim.o
 .debug_info    0x00009845     0x14be ./Drivers/STM32F0xx_HAL_Driver/Src/stm32f0xx_hal_tim_ex.o
 .debug_info    0x0000ad03     0x3acc ./Drivers/STM32F0xx_HAL_Driver/Src/stm32f0xx_hal_uart.o
 .debug_info    0x0000e7cf     0x32e6 ./Middlewares/Third_Party/FreeRTOS/Source/CMSIS_RTOS_V2/cmsis_os2.o
 .debug_info    0x00011ab5      0x2aa ./Middlewares/Third_Party/FreeRTOS/Source/list.o
 .debug_info    0x00011d5f     0x14a2 ./Middlewares/Third_Party/FreeRTOS/Source/queue.o
 .debug_info    0x00013201     0x1b26 ./Middlewares/Third_Party/FreeRTOS/Source/tasks.o
 .debug_info    0x00014d27     0x11ca ./Middlewares/Third_Party/FreeRTOS/Source/timers.o
 .debug_info    0x00015ef1      0x289 ./Middlewares/Third_Party/FreeRTOS/Source/portable/GCC/ARM_CM0/port.o
 .debug_info    0x0001617a      0x309 ./Middlewares/Third_Party/FreeRTOS/Source/portable/MemMang/heap_4.o

.debug_abbrev   0x00000000     0x3380
 .debug_abbrev  0x00000000       0x24 ./Core/ComplexDrivers/Startup/startup_stm32f091rctx.o
 .debug_abbrev  0x00000024      0x206 ./Core/MCAL/stm32f0xx_hal_msp.o
 .debug_abbrev  0x0000022a      0x20b ./Core/MCAL/stm32f0xx_hal_timebase_tim.o
 .debug_abbrev  0x00000435      0x182 ./Core/MCAL/stm32f0xx_it.o
 .debug_abbrev  0x000005b7      0x11c ./Core/MCAL/system_stm32f0xx.o
 .debug_abbrev  0x000006d3       0x64 ./Core/RTE/Rte.o
 .debug_abbrev  0x00000737      0x343 ./Core/Services/Main/main.o
 .debug_abbrev  0x00000a7a      0x213 ./Drivers/STM32F0xx_HAL_Driver/Src/stm32f0xx_hal.o
 .debug_abbrev  0x00000c8d      0x259 ./Drivers/STM32F0xx_HAL_Driver/Src/stm32f0xx_hal_adc.o
 .debug_abbrev  0x00000ee6      0x28c ./Drivers/STM32F0xx_HAL_Driver/Src/stm32f0xx_hal_cortex.o
 .debug_abbrev  0x00001172      0x236 ./Drivers/STM32F0xx_HAL_Driver/Src/stm32f0xx_hal_dma.o
 .debug_abbrev  0x000013a8      0x1da ./Drivers/STM32F0xx_HAL_Driver/Src/stm32f0xx_hal_gpio.o
 .debug_abbrev  0x00001582      0x28c ./Drivers/STM32F0xx_HAL_Driver/Src/stm32f0xx_hal_rcc.o
 .debug_abbrev  0x0000180e      0x1a7 ./Drivers/STM32F0xx_HAL_Driver/Src/stm32f0xx_hal_rcc_ex.o
 .debug_abbrev  0x000019b5      0x278 ./Drivers/STM32F0xx_HAL_Driver/Src/stm32f0xx_hal_tim.o
 .debug_abbrev  0x00001c2d      0x283 ./Drivers/STM32F0xx_HAL_Driver/Src/stm32f0xx_hal_tim_ex.o
 .debug_abbrev  0x00001eb0      0x2df ./Drivers/STM32F0xx_HAL_Driver/Src/stm32f0xx_hal_uart.o
 .debug_abbrev  0x0000218f      0x3ff ./Middlewares/Third_Party/FreeRTOS/Source/CMSIS_RTOS_V2/cmsis_os2.o
 .debug_abbrev  0x0000258e       0xf5 ./Middlewares/Third_Party/FreeRTOS/Source/list.o
 .debug_abbrev  0x00002683      0x341 ./Middlewares/Third_Party/FreeRTOS/Source/queue.o
 .debug_abbrev  0x000029c4      0x329 ./Middlewares/Third_Party/FreeRTOS/Source/tasks.o
 .debug_abbrev  0x00002ced      0x308 ./Middlewares/Third_Party/FreeRTOS/Source/timers.o
 .debug_abbrev  0x00002ff5      0x1ea ./Middlewares/Third_Party/FreeRTOS/Source/portable/GCC/ARM_CM0/port.o
 .debug_abbrev  0x000031df      0x1a1 ./Middlewares/Third_Party/FreeRTOS/Source/portable/MemMang/heap_4.o

.debug_aranges  0x00000000     0x14c0
 .debug_aranges
                0x00000000       0x28 ./Core/ComplexDrivers/Startup/startup_stm32f091rctx.o
 .debug_aranges
                0x00000028       0x40 ./Core/MCAL/stm32f0xx_hal_msp.o
 .debug_aranges
                0x00000068       0x30 ./Core/MCAL/stm32f0xx_hal_timebase_tim.o
 .debug_aranges
                0x00000098       0x38 ./Core/MCAL/stm32f0xx_it.o
 .debug_aranges
                0x000000d0       0x28 ./Core/MCAL/system_stm32f0xx.o
 .debug_aranges
                0x000000f8       0x18 ./Core/RTE/Rte.o
 .debug_aranges
                0x00000110       0x80 ./Core/Services/Main/main.o
 .debug_aranges
                0x00000190       0xd0 ./Drivers/STM32F0xx_HAL_Driver/Src/stm32f0xx_hal.o
 .debug_aranges
                0x00000260       0xf8 ./Drivers/STM32F0xx_HAL_Driver/Src/stm32f0xx_hal_adc.o
 .debug_aranges
                0x00000358       0xc0 ./Drivers/STM32F0xx_HAL_Driver/Src/stm32f0xx_hal_cortex.o
 .debug_aranges
                0x00000418       0x88 ./Drivers/STM32F0xx_HAL_Driver/Src/stm32f0xx_hal_dma.o
 .debug_aranges
                0x000004a0       0x58 ./Drivers/STM32F0xx_HAL_Driver/Src/stm32f0xx_hal_gpio.o
 .debug_aranges
                0x000004f8       0x80 ./Drivers/STM32F0xx_HAL_Driver/Src/stm32f0xx_hal_rcc.o
 .debug_aranges
                0x00000578       0x78 ./Drivers/STM32F0xx_HAL_Driver/Src/stm32f0xx_hal_rcc_ex.o
 .debug_aranges
                0x000005f0      0x3d0 ./Drivers/STM32F0xx_HAL_Driver/Src/stm32f0xx_hal_tim.o
 .debug_aranges
                0x000009c0      0x168 ./Drivers/STM32F0xx_HAL_Driver/Src/stm32f0xx_hal_tim_ex.o
 .debug_aranges
                0x00000b28      0x228 ./Drivers/STM32F0xx_HAL_Driver/Src/stm32f0xx_hal_uart.o
 .debug_aranges
                0x00000d50      0x228 ./Middlewares/Third_Party/FreeRTOS/Source/CMSIS_RTOS_V2/cmsis_os2.o
 .debug_aranges
                0x00000f78       0x40 ./Middlewares/Third_Party/FreeRTOS/Source/list.o
 .debug_aranges
                0x00000fb8      0x158 ./Middlewares/Third_Party/FreeRTOS/Source/queue.o
 .debug_aranges
                0x00001110      0x1f8 ./Middlewares/Third_Party/FreeRTOS/Source/tasks.o
 .debug_aranges
                0x00001308       0xe0 ./Middlewares/Third_Party/FreeRTOS/Source/timers.o
 .debug_aranges
                0x000013e8       0x88 ./Middlewares/Third_Party/FreeRTOS/Source/portable/GCC/ARM_CM0/port.o
 .debug_aranges
                0x00001470       0x50 ./Middlewares/Third_Party/FreeRTOS/Source/portable/MemMang/heap_4.o

.debug_str      0x00000000    0xb4af3
 .debug_str     0x00000000    0xb4af3 ./Core/ComplexDrivers/Startup/startup_stm32f091rctx.o
                                 0x85 (size before relaxing)
 .debug_str     0x000b4af3    0xa4dd9 ./Core/MCAL/stm32f0xx_hal_msp.o
 .debug_str     0x000b4af3    0xa4b85 ./Core/MCAL/stm32f0xx_hal_timebase_tim.o
 .debug_str     0x000b4af3    0xa49ba ./Core/MCAL/stm32f0xx_it.o
 .debug_str     0x000b4af3    0xa43b8 ./Core/MCAL/system_stm32f0xx.o
 .debug_str     0x000b4af3    0xa44a1 ./Core/RTE/Rte.o
 .debug_str     0x000b4af3    0xa8f39 ./Core/Services/Main/main.o
 .debug_str     0x000b4af3    0xa49a7 ./Drivers/STM32F0xx_HAL_Driver/Src/stm32f0xx_hal.o
 .debug_str     0x000b4af3    0xa4ad4 ./Drivers/STM32F0xx_HAL_Driver/Src/stm32f0xx_hal_adc.o
 .debug_str     0x000b4af3    0xa4798 ./Drivers/STM32F0xx_HAL_Driver/Src/stm32f0xx_hal_cortex.o
 .debug_str     0x000b4af3    0xa476d ./Drivers/STM32F0xx_HAL_Driver/Src/stm32f0xx_hal_dma.o
 .debug_str     0x000b4af3    0xa456d ./Drivers/STM32F0xx_HAL_Driver/Src/stm32f0xx_hal_gpio.o
 .debug_str     0x000b4af3    0xa47fe ./Drivers/STM32F0xx_HAL_Driver/Src/stm32f0xx_hal_rcc.o
 .debug_str     0x000b4af3    0xa479a ./Drivers/STM32F0xx_HAL_Driver/Src/stm32f0xx_hal_rcc_ex.o
 .debug_str     0x000b4af3    0xa57dd ./Drivers/STM32F0xx_HAL_Driver/Src/stm32f0xx_hal_tim.o
 .debug_str     0x000b4af3    0xa4fe9 ./Drivers/STM32F0xx_HAL_Driver/Src/stm32f0xx_hal_tim_ex.o
 .debug_str     0x000b4af3    0xa512b ./Drivers/STM32F0xx_HAL_Driver/Src/stm32f0xx_hal_uart.o
 .debug_str     0x000b4af3     0xe316 ./Middlewares/Third_Party/FreeRTOS/Source/CMSIS_RTOS_V2/cmsis_os2.o
 .debug_str     0x000b4af3     0xa578 ./Middlewares/Third_Party/FreeRTOS/Source/list.o
 .debug_str     0x000b4af3     0xbf30 ./Middlewares/Third_Party/FreeRTOS/Source/queue.o
 .debug_str     0x000b4af3     0xca94 ./Middlewares/Third_Party/FreeRTOS/Source/tasks.o
 .debug_str     0x000b4af3     0xc433 ./Middlewares/Third_Party/FreeRTOS/Source/timers.o
 .debug_str     0x000b4af3     0x7c94 ./Middlewares/Third_Party/FreeRTOS/Source/portable/GCC/ARM_CM0/port.o
 .debug_str     0x000b4af3     0xac92 ./Middlewares/Third_Party/FreeRTOS/Source/portable/MemMang/heap_4.o

.debug_rnglists
                0x00000000     0x102f
 .debug_rnglists
                0x00000000       0x19 ./Core/ComplexDrivers/Startup/startup_stm32f091rctx.o
 .debug_rnglists
                0x00000019       0x2d ./Core/MCAL/stm32f0xx_hal_msp.o
 .debug_rnglists
                0x00000046       0x20 ./Core/MCAL/stm32f0xx_hal_timebase_tim.o
 .debug_rnglists
                0x00000066       0x25 ./Core/MCAL/stm32f0xx_it.o
 .debug_rnglists
                0x0000008b       0x1a ./Core/MCAL/system_stm32f0xx.o
 .debug_rnglists
                0x000000a5       0x61 ./Core/Services/Main/main.o
 .debug_rnglists
                0x00000106       0x97 ./Drivers/STM32F0xx_HAL_Driver/Src/stm32f0xx_hal.o
 .debug_rnglists
                0x0000019d       0xc6 ./Drivers/STM32F0xx_HAL_Driver/Src/stm32f0xx_hal_adc.o
 .debug_rnglists
                0x00000263       0x8c ./Drivers/STM32F0xx_HAL_Driver/Src/stm32f0xx_hal_cortex.o
 .debug_rnglists
                0x000002ef       0x6a ./Drivers/STM32F0xx_HAL_Driver/Src/stm32f0xx_hal_dma.o
 .debug_rnglists
                0x00000359       0x3f ./Drivers/STM32F0xx_HAL_Driver/Src/stm32f0xx_hal_gpio.o
 .debug_rnglists
                0x00000398       0x61 ./Drivers/STM32F0xx_HAL_Driver/Src/stm32f0xx_hal_rcc.o
 .debug_rnglists
                0x000003f9       0x5b ./Drivers/STM32F0xx_HAL_Driver/Src/stm32f0xx_hal_rcc_ex.o
 .debug_rnglists
                0x00000454      0x31c ./Drivers/STM32F0xx_HAL_Driver/Src/stm32f0xx_hal_tim.o
 .debug_rnglists
                0x00000770      0x126 ./Drivers/STM32F0xx_HAL_Driver/Src/stm32f0xx_hal_tim_ex.o
 .debug_rnglists
                0x00000896      0x1db ./Drivers/STM32F0xx_HAL_Driver/Src/stm32f0xx_hal_uart.o
 .debug_rnglists
                0x00000a71      0x1b0 ./Middlewares/Third_Party/FreeRTOS/Source/CMSIS_RTOS_V2/cmsis_os2.o
 .debug_rnglists
                0x00000c21       0x2b ./Middlewares/Third_Party/FreeRTOS/Source/list.o
 .debug_rnglists
                0x00000c4c      0x109 ./Middlewares/Third_Party/FreeRTOS/Source/queue.o
 .debug_rnglists
                0x00000d55      0x194 ./Middlewares/Third_Party/FreeRTOS/Source/tasks.o
 .debug_rnglists
                0x00000ee9       0xaa ./Middlewares/Third_Party/FreeRTOS/Source/timers.o
 .debug_rnglists
                0x00000f93       0x61 ./Middlewares/Third_Party/FreeRTOS/Source/portable/GCC/ARM_CM0/port.o
 .debug_rnglists
                0x00000ff4       0x3b ./Middlewares/Third_Party/FreeRTOS/Source/portable/MemMang/heap_4.o

.debug_macro    0x00000000    0x1bf73
 .debug_macro   0x00000000      0x1e5 ./Core/MCAL/stm32f0xx_hal_msp.o
 .debug_macro   0x000001e5      0x139 ./Core/MCAL/stm32f0xx_hal_msp.o
 .debug_macro   0x0000031e       0x2e ./Core/MCAL/stm32f0xx_hal_msp.o
 .debug_macro   0x0000034c       0x22 ./Core/MCAL/stm32f0xx_hal_msp.o
 .debug_macro   0x0000036e       0x1c ./Core/MCAL/stm32f0xx_hal_msp.o
 .debug_macro   0x0000038a       0x22 ./Core/MCAL/stm32f0xx_hal_msp.o
 .debug_macro   0x000003ac       0xaf ./Core/MCAL/stm32f0xx_hal_msp.o
 .debug_macro   0x0000045b      0x391 ./Core/MCAL/stm32f0xx_hal_msp.o
 .debug_macro   0x000007ec    0x10e6b ./Core/MCAL/stm32f0xx_hal_msp.o
 .debug_macro   0x00011657       0x66 ./Core/MCAL/stm32f0xx_hal_msp.o
 .debug_macro   0x000116bd     0x34da ./Core/MCAL/stm32f0xx_hal_msp.o
 .debug_macro   0x00014b97      0x190 ./Core/MCAL/stm32f0xx_hal_msp.o
 .debug_macro   0x00014d27       0x55 ./Core/MCAL/stm32f0xx_hal_msp.o
 .debug_macro   0x00014d7c      0x946 ./Core/MCAL/stm32f0xx_hal_msp.o
 .debug_macro   0x000156c2      0x69b ./Core/MCAL/stm32f0xx_hal_msp.o
 .debug_macro   0x00015d5d      0x1ae ./Core/MCAL/stm32f0xx_hal_msp.o
 .debug_macro   0x00015f0b      0x202 ./Core/MCAL/stm32f0xx_hal_msp.o
 .debug_macro   0x0001610d      0x1a7 ./Core/MCAL/stm32f0xx_hal_msp.o
 .debug_macro   0x000162b4      0x1bc ./Core/MCAL/stm32f0xx_hal_msp.o
 .debug_macro   0x00016470      0x4cf ./Core/MCAL/stm32f0xx_hal_msp.o
 .debug_macro   0x0001693f       0x3c ./Core/MCAL/stm32f0xx_hal_msp.o
 .debug_macro   0x0001697b       0x28 ./Core/MCAL/stm32f0xx_hal_msp.o
 .debug_macro   0x000169a3      0x33d ./Core/MCAL/stm32f0xx_hal_msp.o
 .debug_macro   0x00016ce0       0xd4 ./Core/MCAL/stm32f0xx_hal_msp.o
 .debug_macro   0x00016db4       0xb0 ./Core/MCAL/stm32f0xx_hal_msp.o
 .debug_macro   0x00016e64      0x23f ./Core/MCAL/stm32f0xx_hal_msp.o
 .debug_macro   0x000170a3      0x22c ./Core/MCAL/stm32f0xx_hal_msp.o
 .debug_macro   0x000172cf       0x61 ./Core/MCAL/stm32f0xx_hal_msp.o
 .debug_macro   0x00017330       0xa5 ./Core/MCAL/stm32f0xx_hal_msp.o
 .debug_macro   0x000173d5       0x4c ./Core/MCAL/stm32f0xx_hal_msp.o
 .debug_macro   0x00017421      0x16d ./Core/MCAL/stm32f0xx_hal_msp.o
 .debug_macro   0x0001758e      0x8f4 ./Core/MCAL/stm32f0xx_hal_msp.o
 .debug_macro   0x00017e82       0x28 ./Core/MCAL/stm32f0xx_hal_msp.o
 .debug_macro   0x00017eaa      0x5ba ./Core/MCAL/stm32f0xx_hal_msp.o
 .debug_macro   0x00018464       0x44 ./Core/MCAL/stm32f0xx_hal_msp.o
 .debug_macro   0x000184a8      0x435 ./Core/MCAL/stm32f0xx_hal_msp.o
 .debug_macro   0x000188dd       0x70 ./Core/MCAL/stm32f0xx_hal_msp.o
 .debug_macro   0x0001894d      0x1d6 ./Core/MCAL/stm32f0xx_hal_timebase_tim.o
 .debug_macro   0x00018b23      0x1ef ./Core/MCAL/stm32f0xx_it.o
 .debug_macro   0x00018d12      0x1d6 ./Core/MCAL/system_stm32f0xx.o
 .debug_macro   0x00018ee8      0x1e5 ./Core/RTE/Rte.o
 .debug_macro   0x000190cd      0x26a ./Core/Services/Main/main.o
 .debug_macro   0x00019337       0x5b ./Core/Services/Main/main.o
 .debug_macro   0x00019392       0x74 ./Core/Services/Main/main.o
 .debug_macro   0x00019406      0x106 ./Core/Services/Main/main.o
 .debug_macro   0x0001950c      0x15a ./Core/Services/Main/main.o
 .debug_macro   0x00019666       0xac ./Core/Services/Main/main.o
 .debug_macro   0x00019712       0x10 ./Core/Services/Main/main.o
 .debug_macro   0x00019722       0x1f ./Core/Services/Main/main.o
 .debug_macro   0x00019741      0x486 ./Core/Services/Main/main.o
 .debug_macro   0x00019bc7       0xdd ./Core/Services/Main/main.o
 .debug_macro   0x00019ca4      0x1fa ./Drivers/STM32F0xx_HAL_Driver/Src/stm32f0xx_hal.o
 .debug_macro   0x00019e9e      0x1fa ./Drivers/STM32F0xx_HAL_Driver/Src/stm32f0xx_hal_adc.o
 .debug_macro   0x0001a098      0x1d6 ./Drivers/STM32F0xx_HAL_Driver/Src/stm32f0xx_hal_cortex.o
 .debug_macro   0x0001a26e      0x1d6 ./Drivers/STM32F0xx_HAL_Driver/Src/stm32f0xx_hal_dma.o
 .debug_macro   0x0001a444      0x1dd ./Drivers/STM32F0xx_HAL_Driver/Src/stm32f0xx_hal_gpio.o
 .debug_macro   0x0001a621      0x1e8 ./Drivers/STM32F0xx_HAL_Driver/Src/stm32f0xx_hal_rcc.o
 .debug_macro   0x0001a809      0x1e8 ./Drivers/STM32F0xx_HAL_Driver/Src/stm32f0xx_hal_rcc_ex.o
 .debug_macro   0x0001a9f1      0x1d7 ./Drivers/STM32F0xx_HAL_Driver/Src/stm32f0xx_hal_tim.o
 .debug_macro   0x0001abc8      0x1d6 ./Drivers/STM32F0xx_HAL_Driver/Src/stm32f0xx_hal_tim_ex.o
 .debug_macro   0x0001ad9e      0x1f3 ./Drivers/STM32F0xx_HAL_Driver/Src/stm32f0xx_hal_uart.o
 .debug_macro   0x0001af91      0x247 ./Middlewares/Third_Party/FreeRTOS/Source/CMSIS_RTOS_V2/cmsis_os2.o
 .debug_macro   0x0001b1d8       0x10 ./Middlewares/Third_Party/FreeRTOS/Source/CMSIS_RTOS_V2/cmsis_os2.o
 .debug_macro   0x0001b1e8       0x20 ./Middlewares/Third_Party/FreeRTOS/Source/CMSIS_RTOS_V2/cmsis_os2.o
 .debug_macro   0x0001b208       0x10 ./Middlewares/Third_Party/FreeRTOS/Source/CMSIS_RTOS_V2/cmsis_os2.o
 .debug_macro   0x0001b218       0xa9 ./Middlewares/Third_Party/FreeRTOS/Source/CMSIS_RTOS_V2/cmsis_os2.o
 .debug_macro   0x0001b2c1       0x91 ./Middlewares/Third_Party/FreeRTOS/Source/CMSIS_RTOS_V2/cmsis_os2.o
 .debug_macro   0x0001b352       0x8d ./Middlewares/Third_Party/FreeRTOS/Source/CMSIS_RTOS_V2/cmsis_os2.o
 .debug_macro   0x0001b3df       0x9a ./Middlewares/Third_Party/FreeRTOS/Source/CMSIS_RTOS_V2/cmsis_os2.o
 .debug_macro   0x0001b479      0x187 ./Middlewares/Third_Party/FreeRTOS/Source/list.o
 .debug_macro   0x0001b600      0x212 ./Middlewares/Third_Party/FreeRTOS/Source/queue.o
 .debug_macro   0x0001b812       0x16 ./Middlewares/Third_Party/FreeRTOS/Source/queue.o
 .debug_macro   0x0001b828      0x287 ./Middlewares/Third_Party/FreeRTOS/Source/tasks.o
 .debug_macro   0x0001baaf       0x10 ./Middlewares/Third_Party/FreeRTOS/Source/tasks.o
 .debug_macro   0x0001babf      0x1ca ./Middlewares/Third_Party/FreeRTOS/Source/timers.o
 .debug_macro   0x0001bc89      0x13c ./Middlewares/Third_Party/FreeRTOS/Source/portable/GCC/ARM_CM0/port.o
 .debug_macro   0x0001bdc5      0x1ae ./Middlewares/Third_Party/FreeRTOS/Source/portable/MemMang/heap_4.o

.comment        0x00000000       0x43
 .comment       0x00000000       0x43 ./Core/MCAL/stm32f0xx_hal_msp.o
                                 0x44 (size before relaxing)
 .comment       0x00000043       0x44 ./Core/MCAL/stm32f0xx_hal_timebase_tim.o
 .comment       0x00000043       0x44 ./Core/MCAL/stm32f0xx_it.o
 .comment       0x00000043       0x44 ./Core/MCAL/system_stm32f0xx.o
 .comment       0x00000043       0x44 ./Core/RTE/Rte.o
 .comment       0x00000043       0x44 ./Core/Services/Main/main.o
 .comment       0x00000043       0x44 ./Drivers/STM32F0xx_HAL_Driver/Src/stm32f0xx_hal.o
 .comment       0x00000043       0x44 ./Drivers/STM32F0xx_HAL_Driver/Src/stm32f0xx_hal_adc.o
 .comment       0x00000043       0x44 ./Drivers/STM32F0xx_HAL_Driver/Src/stm32f0xx_hal_cortex.o
 .comment       0x00000043       0x44 ./Drivers/STM32F0xx_HAL_Driver/Src/stm32f0xx_hal_dma.o
 .comment       0x00000043       0x44 ./Drivers/STM32F0xx_HAL_Driver/Src/stm32f0xx_hal_gpio.o
 .comment       0x00000043       0x44 ./Drivers/STM32F0xx_HAL_Driver/Src/stm32f0xx_hal_rcc.o
 .comment       0x00000043       0x44 ./Drivers/STM32F0xx_HAL_Driver/Src/stm32f0xx_hal_rcc_ex.o
 .comment       0x00000043       0x44 ./Drivers/STM32F0xx_HAL_Driver/Src/stm32f0xx_hal_tim.o
 .comment       0x00000043       0x44 ./Drivers/STM32F0xx_HAL_Driver/Src/stm32f0xx_hal_tim_ex.o
 .comment       0x00000043       0x44 ./Drivers/STM32F0xx_HAL_Driver/Src/stm32f0xx_hal_uart.o
 .comment       0x00000043       0x44 ./Middlewares/Third_Party/FreeRTOS/Source/CMSIS_RTOS_V2/cmsis_os2.o
 .comment       0x00000043       0x44 ./Middlewares/Third_Party/FreeRTOS/Source/list.o
 .comment       0x00000043       0x44 ./Middlewares/Third_Party/FreeRTOS/Source/queue.o
 .comment       0x00000043       0x44 ./Middlewares/Third_Party/FreeRTOS/Source/tasks.o
 .comment       0x00000043       0x44 ./Middlewares/Third_Party/FreeRTOS/Source/timers.o
 .comment       0x00000043       0x44 ./Middlewares/Third_Party/FreeRTOS/Source/portable/GCC/ARM_CM0/port.o
 .comment       0x00000043       0x44 ./Middlewares/Third_Party/FreeRTOS/Source/portable/MemMang/heap_4.o

.debug_frame    0x00000000     0x4adc
 .debug_frame   0x00000000       0xb0 ./Core/MCAL/stm32f0xx_hal_msp.o
 .debug_frame   0x000000b0       0x6c ./Core/MCAL/stm32f0xx_hal_timebase_tim.o
 .debug_frame   0x0000011c       0x80 ./Core/MCAL/stm32f0xx_it.o
 .debug_frame   0x0000019c       0x4c ./Core/MCAL/system_stm32f0xx.o
 .debug_frame   0x000001e8      0x1a8 ./Core/Services/Main/main.o
 .debug_frame   0x00000390      0x2a4 ./Drivers/STM32F0xx_HAL_Driver/Src/stm32f0xx_hal.o
 .debug_frame   0x00000634      0x3a0 ./Drivers/STM32F0xx_HAL_Driver/Src/stm32f0xx_hal_adc.o
 .debug_frame   0x000009d4      0x2a0 ./Drivers/STM32F0xx_HAL_Driver/Src/stm32f0xx_hal_cortex.o
 .debug_frame   0x00000c74      0x1d0 ./Drivers/STM32F0xx_HAL_Driver/Src/stm32f0xx_hal_dma.o
 .debug_frame   0x00000e44      0x110 ./Drivers/STM32F0xx_HAL_Driver/Src/stm32f0xx_hal_gpio.o
 .debug_frame   0x00000f54      0x198 ./Drivers/STM32F0xx_HAL_Driver/Src/stm32f0xx_hal_rcc.o
 .debug_frame   0x000010ec      0x180 ./Drivers/STM32F0xx_HAL_Driver/Src/stm32f0xx_hal_rcc_ex.o
 .debug_frame   0x0000126c      0xf00 ./Drivers/STM32F0xx_HAL_Driver/Src/stm32f0xx_hal_tim.o
 .debug_frame   0x0000216c      0x560 ./Drivers/STM32F0xx_HAL_Driver/Src/stm32f0xx_hal_tim_ex.o
 .debug_frame   0x000026cc      0x850 ./Drivers/STM32F0xx_HAL_Driver/Src/stm32f0xx_hal_uart.o
 .debug_frame   0x00002f1c      0x84c ./Middlewares/Third_Party/FreeRTOS/Source/CMSIS_RTOS_V2/cmsis_os2.o
 .debug_frame   0x00003768       0xb0 ./Middlewares/Third_Party/FreeRTOS/Source/list.o
 .debug_frame   0x00003818      0x510 ./Middlewares/Third_Party/FreeRTOS/Source/queue.o
 .debug_frame   0x00003d28      0x77c ./Middlewares/Third_Party/FreeRTOS/Source/tasks.o
 .debug_frame   0x000044a4      0x32c ./Middlewares/Third_Party/FreeRTOS/Source/timers.o
 .debug_frame   0x000047d0      0x174 ./Middlewares/Third_Party/FreeRTOS/Source/portable/GCC/ARM_CM0/port.o
 .debug_frame   0x00004944       0xe4 ./Middlewares/Third_Party/FreeRTOS/Source/portable/MemMang/heap_4.o
 .debug_frame   0x00004a28       0x20 C:/ST/STM32CubeIDE_1.19.0/STM32CubeIDE/plugins/com.st.stm32cube.ide.mcu.externaltools.gnu-tools-for-stm32.13.3.rel1.win32_1.0.0.202411081344/tools/bin/../lib/gcc/arm-none-eabi/13.3.1/../../../../arm-none-eabi/lib/thumb/v6-m/nofp\libc_nano.a(libc_a-memset.o)
 .debug_frame   0x00004a48       0x2c C:/ST/STM32CubeIDE_1.19.0/STM32CubeIDE/plugins/com.st.stm32cube.ide.mcu.externaltools.gnu-tools-for-stm32.13.3.rel1.win32_1.0.0.202411081344/tools/bin/../lib/gcc/arm-none-eabi/13.3.1/../../../../arm-none-eabi/lib/thumb/v6-m/nofp\libc_nano.a(libc_a-init.o)
 .debug_frame   0x00004a74       0x28 C:/ST/STM32CubeIDE_1.19.0/STM32CubeIDE/plugins/com.st.stm32cube.ide.mcu.externaltools.gnu-tools-for-stm32.13.3.rel1.win32_1.0.0.202411081344/tools/bin/../lib/gcc/arm-none-eabi/13.3.1/../../../../arm-none-eabi/lib/thumb/v6-m/nofp\libc_nano.a(libc_a-memcpy-stub.o)
 .debug_frame   0x00004a9c       0x20 C:/ST/STM32CubeIDE_1.19.0/STM32CubeIDE/plugins/com.st.stm32cube.ide.mcu.externaltools.gnu-tools-for-stm32.13.3.rel1.win32_1.0.0.202411081344/tools/bin/../lib/gcc/arm-none-eabi/13.3.1/thumb/v6-m/nofp\libgcc.a(_udivsi3.o)
 .debug_frame   0x00004abc       0x20 C:/ST/STM32CubeIDE_1.19.0/STM32CubeIDE/plugins/com.st.stm32cube.ide.mcu.externaltools.gnu-tools-for-stm32.13.3.rel1.win32_1.0.0.202411081344/tools/bin/../lib/gcc/arm-none-eabi/13.3.1/thumb/v6-m/nofp\libgcc.a(_divsi3.o)
