Archive member included to satisfy reference by file (symbol)

C:/ST/STM32CubeIDE_1.19.0/STM32CubeIDE/plugins/com.st.stm32cube.ide.mcu.externaltools.gnu-tools-for-stm32.13.3.rel1.win32_1.0.0.202411081344/tools/bin/../lib/gcc/arm-none-eabi/13.3.1/../../../../arm-none-eabi/lib/thumb/v6-m/nofp\libc_nano.a(libc_a-exit.o)
                              C:/ST/STM32CubeIDE_1.19.0/STM32CubeIDE/plugins/com.st.stm32cube.ide.mcu.externaltools.gnu-tools-for-stm32.13.3.rel1.win32_1.0.0.202411081344/tools/bin/../lib/gcc/arm-none-eabi/13.3.1/../../../../arm-none-eabi/lib/thumb/v6-m/nofp/crt0.o (exit)
C:/ST/STM32CubeIDE_1.19.0/STM32CubeIDE/plugins/com.st.stm32cube.ide.mcu.externaltools.gnu-tools-for-stm32.13.3.rel1.win32_1.0.0.202411081344/tools/bin/../lib/gcc/arm-none-eabi/13.3.1/../../../../arm-none-eabi/lib/thumb/v6-m/nofp\libc_nano.a(libc_a-itoa.o)
                              ./Core/Services/Main/main.o (itoa)
C:/ST/STM32CubeIDE_1.19.0/STM32CubeIDE/plugins/com.st.stm32cube.ide.mcu.externaltools.gnu-tools-for-stm32.13.3.rel1.win32_1.0.0.202411081344/tools/bin/../lib/gcc/arm-none-eabi/13.3.1/../../../../arm-none-eabi/lib/thumb/v6-m/nofp\libc_nano.a(libc_a-rand.o)
                              ./Core/Services/Display/lcd_st7565.o (srand)
C:/ST/STM32CubeIDE_1.19.0/STM32CubeIDE/plugins/com.st.stm32cube.ide.mcu.externaltools.gnu-tools-for-stm32.13.3.rel1.win32_1.0.0.202411081344/tools/bin/../lib/gcc/arm-none-eabi/13.3.1/../../../../arm-none-eabi/lib/thumb/v6-m/nofp\libc_nano.a(libc_a-utoa.o)
                              C:/ST/STM32CubeIDE_1.19.0/STM32CubeIDE/plugins/com.st.stm32cube.ide.mcu.externaltools.gnu-tools-for-stm32.13.3.rel1.win32_1.0.0.202411081344/tools/bin/../lib/gcc/arm-none-eabi/13.3.1/../../../../arm-none-eabi/lib/thumb/v6-m/nofp\libc_nano.a(libc_a-itoa.o) (__utoa)
C:/ST/STM32CubeIDE_1.19.0/STM32CubeIDE/plugins/com.st.stm32cube.ide.mcu.externaltools.gnu-tools-for-stm32.13.3.rel1.win32_1.0.0.202411081344/tools/bin/../lib/gcc/arm-none-eabi/13.3.1/../../../../arm-none-eabi/lib/thumb/v6-m/nofp\libc_nano.a(libc_a-findfp.o)
                              C:/ST/STM32CubeIDE_1.19.0/STM32CubeIDE/plugins/com.st.stm32cube.ide.mcu.externaltools.gnu-tools-for-stm32.13.3.rel1.win32_1.0.0.202411081344/tools/bin/../lib/gcc/arm-none-eabi/13.3.1/../../../../arm-none-eabi/lib/thumb/v6-m/nofp\libc_nano.a(libc_a-exit.o) (__stdio_exit_handler)
C:/ST/STM32CubeIDE_1.19.0/STM32CubeIDE/plugins/com.st.stm32cube.ide.mcu.externaltools.gnu-tools-for-stm32.13.3.rel1.win32_1.0.0.202411081344/tools/bin/../lib/gcc/arm-none-eabi/13.3.1/../../../../arm-none-eabi/lib/thumb/v6-m/nofp\libc_nano.a(libc_a-fwalk.o)
                              C:/ST/STM32CubeIDE_1.19.0/STM32CubeIDE/plugins/com.st.stm32cube.ide.mcu.externaltools.gnu-tools-for-stm32.13.3.rel1.win32_1.0.0.202411081344/tools/bin/../lib/gcc/arm-none-eabi/13.3.1/../../../../arm-none-eabi/lib/thumb/v6-m/nofp\libc_nano.a(libc_a-findfp.o) (_fwalk_sglue)
C:/ST/STM32CubeIDE_1.19.0/STM32CubeIDE/plugins/com.st.stm32cube.ide.mcu.externaltools.gnu-tools-for-stm32.13.3.rel1.win32_1.0.0.202411081344/tools/bin/../lib/gcc/arm-none-eabi/13.3.1/../../../../arm-none-eabi/lib/thumb/v6-m/nofp\libc_nano.a(libc_a-stdio.o)
                              C:/ST/STM32CubeIDE_1.19.0/STM32CubeIDE/plugins/com.st.stm32cube.ide.mcu.externaltools.gnu-tools-for-stm32.13.3.rel1.win32_1.0.0.202411081344/tools/bin/../lib/gcc/arm-none-eabi/13.3.1/../../../../arm-none-eabi/lib/thumb/v6-m/nofp\libc_nano.a(libc_a-findfp.o) (__sread)
C:/ST/STM32CubeIDE_1.19.0/STM32CubeIDE/plugins/com.st.stm32cube.ide.mcu.externaltools.gnu-tools-for-stm32.13.3.rel1.win32_1.0.0.202411081344/tools/bin/../lib/gcc/arm-none-eabi/13.3.1/../../../../arm-none-eabi/lib/thumb/v6-m/nofp\libc_nano.a(libc_a-memset.o)
                              C:/ST/STM32CubeIDE_1.19.0/STM32CubeIDE/plugins/com.st.stm32cube.ide.mcu.externaltools.gnu-tools-for-stm32.13.3.rel1.win32_1.0.0.202411081344/tools/bin/../lib/gcc/arm-none-eabi/13.3.1/../../../../arm-none-eabi/lib/thumb/v6-m/nofp/crt0.o (memset)
C:/ST/STM32CubeIDE_1.19.0/STM32CubeIDE/plugins/com.st.stm32cube.ide.mcu.externaltools.gnu-tools-for-stm32.13.3.rel1.win32_1.0.0.202411081344/tools/bin/../lib/gcc/arm-none-eabi/13.3.1/../../../../arm-none-eabi/lib/thumb/v6-m/nofp\libc_nano.a(libc_a-closer.o)
                              C:/ST/STM32CubeIDE_1.19.0/STM32CubeIDE/plugins/com.st.stm32cube.ide.mcu.externaltools.gnu-tools-for-stm32.13.3.rel1.win32_1.0.0.202411081344/tools/bin/../lib/gcc/arm-none-eabi/13.3.1/../../../../arm-none-eabi/lib/thumb/v6-m/nofp\libc_nano.a(libc_a-stdio.o) (_close_r)
C:/ST/STM32CubeIDE_1.19.0/STM32CubeIDE/plugins/com.st.stm32cube.ide.mcu.externaltools.gnu-tools-for-stm32.13.3.rel1.win32_1.0.0.202411081344/tools/bin/../lib/gcc/arm-none-eabi/13.3.1/../../../../arm-none-eabi/lib/thumb/v6-m/nofp\libc_nano.a(libc_a-reent.o)
[...]
Memory Configuration

Name             Origin             Length             Attributes
RAM              0x20000000         0x00008000         xrw
FLASH            0x08000000         0x00040000         xr
*default*        0x00000000         0xffffffff

Linker script and memory map

LOAD C:/ST/STM32CubeIDE_1.19.0/STM32CubeIDE/plugins/com.st.stm32cube.ide.mcu.externaltools.gnu-tools-for-stm32.13.3.rel1.win32_1.0.0.202411081344/tools/bin/../lib/gcc/arm-none-eabi/13.3.1/thumb/v6-m/nofp/crti.o
LOAD C:/ST/STM32CubeIDE_1.19.0/STM32CubeIDE/plugins/com.st.stm32cube.ide.mcu.externaltools.gnu-tools-for-stm32.13.3.rel1.win32_1.0.0.202411081344/tools/bin/../lib/gcc/arm-none-eabi/13.3.1/thumb/v6-m/nofp/crtbegin.o
LOAD C:/ST/STM32CubeIDE_1.19.0/STM32CubeIDE/plugins/com.st.stm32cube.ide.mcu.externaltools.gnu-tools-for-stm32.13.3.rel1.win32_1.0.0.202411081344/tools/bin/../lib/gcc/arm-none-eabi/13.3.1/../../../../arm-none-eabi/lib/thumb/v6-m/nofp/crt0.o
LOAD ./Core/Applications/MAFilterButton.o
LOAD ./Core/Applications/MAFilterVolt.o
LOAD ./Core/Applications/VoltInterpolation.o
LOAD ./Core/ComplexDrivers/Startup/startup.o
LOAD ./Core/ComplexDrivers/Startup/startup_stm32f091rctx.o
LOAD ./Core/MCAL/stm32f0xx_hal_msp.o
LOAD ./Core/MCAL/stm32f0xx_hal_timebase_tim.o
LOAD ./Core/MCAL/stm32f0xx_it.o
LOAD ./Core/MCAL/system_stm32f0xx.o
LOAD ./Core/RTE/Rte.o
LOAD ./Core/RTE/Rte_Tasks.o
LOAD ./Core/Services/Display/font.o
LOAD ./Core/Services/Display/lcd_st7565.o
LOAD ./Core/Services/Main/main.o
LOAD ./Core/Services/OS/freertos.o
LOAD ./Core/Services/syscalls.o
LOAD ./Core/Services/sysmem.o
LOAD ./Drivers/STM32F0xx_HAL_Driver/Src/stm32f0xx_hal.o
LOAD ./Drivers/STM32F0xx_HAL_Driver/Src/stm32f0xx_hal_adc.o
LOAD ./Drivers/STM32F0xx_HAL_Driver/Src/stm32f0xx_hal_adc_ex.o
LOAD ./Drivers/STM32F0xx_HAL_Driver/Src/stm32f0xx_hal_cortex.o
LOAD ./Drivers/STM32F0xx_HAL_Driver/Src/stm32f0xx_hal_dma.o
LOAD ./Drivers/STM32F0xx_HAL_Driver/Src/stm32f0xx_hal_exti.o
LOAD ./Drivers/STM32F0xx_HAL_Driver/Src/stm32f0xx_hal_flash.o
LOAD ./Drivers/STM32F0xx_HAL_Driver/Src/stm32f0xx_hal_flash_ex.o
LOAD ./Drivers/STM32F0xx_HAL_Driver/Src/stm32f0xx_hal_gpio.o
LOAD ./Drivers/STM32F0xx_HAL_Driver/Src/stm32f0xx_hal_i2c.o
LOAD ./Drivers/STM32F0xx_HAL_Driver/Src/stm32f0xx_hal_i2c_ex.o
LOAD ./Drivers/STM32F0xx_HAL_Driver/Src/stm32f0xx_hal_pwr.o
LOAD ./Drivers/STM32F0xx_HAL_Driver/Src/stm32f0xx_hal_pwr_ex.o
LOAD ./Drivers/STM32F0xx_HAL_Driver/Src/stm32f0xx_hal_rcc.o
LOAD ./Drivers/STM32F0xx_HAL_Driver/Src/stm32f0xx_hal_rcc_ex.o
LOAD ./Drivers/STM32F0xx_HAL_Driver/Src/stm32f0xx_hal_spi.o
LOAD ./Drivers/STM32F0xx_HAL_Driver/Src/stm32f0xx_hal_spi_ex.o
LOAD ./Drivers/STM32F0xx_HAL_Driver/Src/stm32f0xx_hal_tim.o
LOAD ./Drivers/STM32F0xx_HAL_Driver/Src/stm32f0xx_hal_tim_ex.o
LOAD ./Drivers/STM32F0xx_HAL_Driver/Src/stm32f0xx_hal_uart.o
LOAD ./Drivers/STM32F0xx_HAL_Driver/Src/stm32f0xx_hal_uart_ex.o
LOAD ./Middlewares/Third_Party/FreeRTOS/Source/CMSIS_RTOS_V2/cmsis_os2.o
LOAD ./Middlewares/Third_Party/FreeRTOS/Source/croutine.o
LOAD ./Middlewares/Third_Party/FreeRTOS/Source/event_groups.o
LOAD ./Middlewares/Third_Party/FreeRTOS/Source/list.o
LOAD ./Middlewares/Third_Party/FreeRTOS/Source/queue.o
LOAD ./Middlewares/Third_Party/FreeRTOS/Source/stream_buffer.o
LOAD ./Middlewares/Third_Party/FreeRTOS/Source/tasks.o
LOAD ./Middlewares/Third_Party/FreeRTOS/Source/timers.o
LOAD ./Middlewares/Third_Party/FreeRTOS/Source/portable/GCC/ARM_CM0/port.o
LOAD ./Middlewares/Third_Party/FreeRTOS/Source/portable/MemMang/heap_4.o
START GROUP
LOAD C:/ST/STM32CubeIDE_1.19.0/STM32CubeIDE/plugins/com.st.stm32cube.ide.mcu.externaltools.gnu-tools-for-stm32.13.3.rel1.win32_1.0.0.202411081344/tools/bin/../lib/gcc/arm-none-eabi/13.3.1/../../../../arm-none-eabi/lib/thumb/v6-m/nofp\libc_nano.a
LOAD C:/ST/STM32CubeIDE_1.19.0/STM32CubeIDE/plugins/com.st.stm32cube.ide.mcu.externaltools.gnu-tools-for-stm32.13.3.rel1.win32_1.0.0.202411081344/tools/bin/../lib/gcc/arm-none-eabi/13.3.1/../../../../arm-none-eabi/lib/thumb/v6-m/nofp\libm.a
END GROUP
START GROUP
LOAD C:/ST/STM32CubeIDE_1.19.0/STM32CubeIDE/plugins/com.st.stm32cube.ide.mcu.externaltools.gnu-tools-for-stm32.13.3.rel1.win32_1.0.0.202411081344/tools/bin/../lib/gcc/arm-none-eabi/13.3.1/thumb/v6-m/nofp\libgcc.a
LOAD C:/ST/STM32CubeIDE_1.19.0/STM32CubeIDE/plugins/com.st.stm32cube.ide.mcu.externaltools.gnu-tools-for-stm32.13.3.rel1.win32_1.0.0.202411081344/tools/bin/../lib/gcc/arm-none-eabi/13.3.1/../../../../arm-none-eabi/lib/thumb/v6-m/nofp\libc_nano.a
END GROUP
START GROUP
LOAD C:/ST/STM32CubeIDE_1.19.0/STM32CubeIDE/plugins/com.st.stm32cube.ide.mcu.externaltools.gnu-tools-for-stm32.13.3.rel1.win32_1.0.0.202411081344/tools/bin/../lib/gcc/arm-none-eabi/13.3.1/thumb/v6-m/nofp\libgcc.a
LOAD C:/ST/STM32CubeIDE_1.19.0/STM32CubeIDE/plugins/com.st.stm32cube.ide.mcu.externaltools.gnu-tools-for-stm32.13.3.rel1.win32_1.0.0.202411081344/tools/bin/../lib/gcc/arm-none-eabi/13.3.1/../../../../arm-none-eabi/lib/thumb/v6-m/nofp\libc_nano.a
LOAD C:/ST/STM32CubeIDE_1.19.0/STM32CubeIDE/plugins/com.st.stm32cube.ide.mcu.externaltools.gnu-tools-for-stm32.13.3.rel1.win32_1.0.0.202411081344/tools/bin/../lib/gcc/arm-none-eabi/13.3.1/../../../../arm-none-eabi/lib/thumb/v6-m/nofp\libnosys.a
END GROUP
START GROUP
LOAD C:/ST/STM32CubeIDE_1.19.0/STM32CubeIDE/plugins/com.st.stm32cube.ide.mcu.externaltools.gnu-tools-for-stm32.13.3.rel1.win32_1.0.0.202411081344/tools/bin/../lib/gcc/arm-none-eabi/13.3.1/thumb/v6-m/nofp\libgcc.a
LOAD C:/ST/STM32CubeIDE_1.19.0/STM32CubeIDE/plugins/com.st.stm32cube.ide.mcu.externaltools.gnu-tools-for-stm32.13.3.rel1.win32_1.0.0.202411081344/tools/bin/../lib/gcc/arm-none-eabi/13.3.1/../../../../arm-none-eabi/lib/thumb/v6-m/nofp\libc_nano.a
LOAD C:/ST/STM32CubeIDE_1.19.0/STM32CubeIDE/plugins/com.st.stm32cube.ide.mcu.externaltools.gnu-tools-for-stm32.13.3.rel1.win32_1.0.0.202411081344/tools/bin/../lib/gcc/arm-none-eabi/13.3.1/../../../../arm-none-eabi/lib/thumb/v6-m/nofp\libnosys.a
END GROUP
LOAD C:/ST/STM32CubeIDE_1.19.0/STM32CubeIDE/plugins/com.st.stm32cube.ide.mcu.externaltools.gnu-tools-for-stm32.13.3.rel1.win32_1.0.0.202411081344/tools/bin/../lib/gcc/arm-none-eabi/13.3.1/thumb/v6-m/nofp/crtend.o
LOAD C:/ST/STM32CubeIDE_1.19.0/STM32CubeIDE/plugins/com.st.stm32cube.ide.mcu.externaltools.gnu-tools-for-stm32.13.3.rel1.win32_1.0.0.202411081344/tools/bin/../lib/gcc/arm-none-eabi/13.3.1/thumb/v6-m/nofp/crtn.o
                0x20008000                        _estack = (ORIGIN (RAM) + LENGTH (RAM))
                0x00000200                        _Min_Heap_Size = 0x200
                0x00000400                        _Min_Stack_Size = 0x400

.isr_vector     0x08000000       0xbc
                0x08000000                        . = ALIGN (0x4)
 *(.isr_vector)
 .isr_vector    0x08000000       0xbc ./Core/ComplexDrivers/Startup/startup_stm32f091rctx.o
                0x08000000                g_pfnVectors
                0x080000bc                        . = ALIGN (0x4)

.text           0x080000c0     0x73c8
                0x080000c0                        . = ALIGN (0x4)
 *(.text)
 .text          0x080000c0       0x48 C:/ST/STM32CubeIDE_1.19.0/STM32CubeIDE/plugins/com.st.stm32cube.ide.mcu.externaltools.gnu-tools-for-stm32.13.3.rel1.win32_1.0.0.202411081344/tools/bin/../lib/gcc/arm-none-eabi/13.3.1/thumb/v6-m/nofp/crtbegin.o
 .text          0x08000108      0x114 C:/ST/STM32CubeIDE_1.19.0/STM32CubeIDE/plugins/com.st.stm32cube.ide.mcu.externaltools.gnu-tools-for-stm32.13.3.rel1.win32_1.0.0.202411081344/tools/bin/../lib/gcc/arm-none-eabi/13.3.1/thumb/v6-m/nofp\libgcc.a(_udivsi3.o)
                0x08000108                __aeabi_uidiv
                0x08000108                __udivsi3
                0x08000214                __aeabi_uidivmod
 .text          0x0800021c      0x1d4 C:/ST/STM32CubeIDE_1.19.0/STM32CubeIDE/plugins/com.st.stm32cube.ide.mcu.externaltools.gnu-tools-for-stm32.13.3.rel1.win32_1.0.0.202411081344/tools/bin/../lib/gcc/arm-none-eabi/13.3.1/thumb/v6-m/nofp\libgcc.a(_divsi3.o)
                0x0800021c                __divsi3
                0x0800021c                __aeabi_idiv
                0x080003e8                __aeabi_idivmod
 .text          0x080003f0        0x4 C:/ST/STM32CubeIDE_1.19.0/STM32CubeIDE/plugins/com.st.stm32cube.ide.mcu.externaltools.gnu-tools-for-stm32.13.3.rel1.win32_1.0.0.202411081344/tools/bin/../lib/gcc/arm-none-eabi/13.3.1/thumb/v6-m/nofp\libgcc.a(_dvmd_tls.o)
                0x080003f0                __aeabi_idiv0
                0x080003f0                __aeabi_ldiv0
 *(.text*)
 .text.Reset_Handler
                0x080003f4       0x50 ./Core/ComplexDrivers/Startup/startup_stm32f091rctx.o
                0x080003f4                Reset_Handler
 .text.Default_Handler
                0x08000444        0x2 ./Core/ComplexDrivers/Startup/startup_stm32f091rctx.o
                0x08000444                TIM1_CC_IRQHandler
                0x08000444                TSC_IRQHandler
                0x08000444                ADC1_COMP_IRQHandler
                0x08000444                I2C1_IRQHandler
                0x08000444                RCC_CRS_IRQHandler
                0x08000444                SPI1_IRQHandler
                0x08000444                TIM6_DAC_IRQHandler
                0x08000444                DMA1_Ch1_IRQHandler
                0x08000444                EXTI2_3_IRQHandler
                0x08000444                I2C2_IRQHandler
                0x08000444                TIM17_IRQHandler
                0x08000444                CEC_CAN_IRQHandler
                0x08000444                RTC_IRQHandler
                0x08000444                PVD_VDDIO2_IRQHandler
                0x08000444                TIM16_IRQHandler
                0x08000444                EXTI4_15_IRQHandler
                0x08000444                USART3_8_IRQHandler
                0x08000444                Default_Handler
                0x08000444                TIM14_IRQHandler
                0x08000444                TIM7_IRQHandler
                0x08000444                TIM15_IRQHandler
                0x08000444                EXTI0_1_IRQHandler
                0x08000444                SPI2_IRQHandler
                0x08000444                DMA1_Ch2_3_DMA2_Ch1_2_IRQHandler
                0x08000444                DMA1_Ch4_7_DMA2_Ch3_5_IRQHandler
                0x08000444                WWDG_IRQHandler
                0x08000444                TIM2_IRQHandler
                0x08000444                USART2_IRQHandler
                0x08000444                FLASH_IRQHandler
                0x08000444                USART1_IRQHandler
                0x08000444                TIM1_BRK_UP_TRG_COM_IRQHandler
 *fill*         0x08000446        0x2 
 .text.HAL_MspInit
                0x08000448       0x54 ./Core/MCAL/stm32f0xx_hal_msp.o
                0x08000448                HAL_MspInit
 .text.HAL_ADC_MspInit
                0x0800049c       0x8c ./Core/MCAL/stm32f0xx_hal_msp.o
                0x0800049c                HAL_ADC_MspInit
 .text.HAL_SPI_MspInit
                0x08000528       0x98 ./Core/MCAL/stm32f0xx_hal_msp.o
                0x08000528                HAL_SPI_MspInit
 .text.HAL_UART_MspInit
                0x080005c0       0x98 ./Core/MCAL/stm32f0xx_hal_msp.o
                0x080005c0                HAL_UART_MspInit
 .text.HAL_InitTick
                0x08000658      0x108 ./Core/MCAL/stm32f0xx_hal_timebase_tim.o
                0x08000658                HAL_InitTick
 .text.NMI_Handler
                0x08000760        0x8 ./Core/MCAL/stm32f0xx_it.o
                0x08000760                NMI_Handler
 .text.HardFault_Handler
                0x08000768        0x8 ./Core/MCAL/stm32f0xx_it.o
                0x08000768                HardFault_Handler
 .text.TIM3_IRQHandler
                0x08000770       0x18 ./Core/MCAL/stm32f0xx_it.o
                0x08000770                TIM3_IRQHandler
 .text.SystemInit
                0x08000788        0xa ./Core/MCAL/system_stm32f0xx.o
                0x08000788                SystemInit
 *fill*         0x08000792        0x2 
 .text.st7565_write_buffer
                0x08000794       0xe0 ./Core/Services/Display/lcd_st7565.o
                0x08000794                st7565_write_buffer
 .text.st7565_sendbyte
                0x08000874       0x24 ./Core/Services/Display/lcd_st7565.o
                0x08000874                st7565_sendbyte
 .text.st7565_init
                0x08000898      0x15c ./Core/Services/Display/lcd_st7565.o
                0x08000898                st7565_init
 .text.st7565_backlight_enable
                0x080009f4       0x1a ./Core/Services/Display/lcd_st7565.o
                0x080009f4                st7565_backlight_enable
 *fill*         0x08000a0e        0x2 
 .text.st7565_set_brightness
                0x08000a10       0x48 ./Core/Services/Display/lcd_st7565.o
                0x08000a10                st7565_set_brightness
 .text.st7565_clear_screen
                0x08000a58       0xb8 ./Core/Services/Display/lcd_st7565.o
                0x08000a58                st7565_clear_screen
 .text.st7565_clear_buffer
                0x08000b10       0x1e ./Core/Services/Display/lcd_st7565.o
                0x08000b10                st7565_clear_buffer
 .text.st7565_setpixel
                0x08000b2e       0xd6 ./Core/Services/Display/lcd_st7565.o
                0x08000b2e                st7565_setpixel
 .text.st7565_drawstring
                0x08000c04       0x7e ./Core/Services/Display/lcd_st7565.o
                0x08000c04                st7565_drawstring
 *fill*         0x08000c82        0x2 
 .text.st7565_drawchar
                0x08000c84       0x84 ./Core/Services/Display/lcd_st7565.o
                0x08000c84                st7565_drawchar
 .text.st7565_drawline
                0x08000d08      0x216 ./Core/Services/Display/lcd_st7565.o
                0x08000d08                st7565_drawline
 .text.st7565_fillrect
                0x08000f1e       0x9c ./Core/Services/Display/lcd_st7565.o
                0x08000f1e                st7565_fillrect
 *fill*         0x08000fba        0x2 
 .text.interpolation
                0x08000fbc      0x10c ./Core/Services/Main/main.o
 .text.filterButton
                0x080010c8       0x90 ./Core/Services/Main/main.o
 .text.filterVolt
                0x08001158       0x90 ./Core/Services/Main/main.o
 .text.main     0x080011e8       0x9c ./Core/Services/Main/main.o
                0x080011e8                main
 .text.SystemClock_Config
                0x08001284       0xd0 ./Core/Services/Main/main.o
                0x08001284                SystemClock_Config
 .text.MX_ADC_Init
                0x08001354       0xd0 ./Core/Services/Main/main.o
 .text.MX_SPI1_Init
                0x08001424       0x7c ./Core/Services/Main/main.o
 .text.MX_USART2_UART_Init
                0x080014a0       0x60 ./Core/Services/Main/main.o
 .text.MX_GPIO_Init
                0x08001500      0x15c ./Core/Services/Main/main.o
 .text.readAdcVoltFunction
                0x0800165c       0x78 ./Core/Services/Main/main.o
                0x0800165c                readAdcVoltFunction
 .text.displayVoltReadFunction
                0x080016d4      0x78c ./Core/Services/Main/main.o
                0x080016d4                displayVoltReadFunction
 .text.readButtonFunction
                0x08001e60      0x11c ./Core/Services/Main/main.o
                0x08001e60                readButtonFunction
 .text.HAL_TIM_PeriodElapsedCallback
                0x08001f7c       0x24 ./Core/Services/Main/main.o
                0x08001f7c                HAL_TIM_PeriodElapsedCallback
 .text.Error_Handler
                0x08001fa0        0xc ./Core/Services/Main/main.o
                0x08001fa0                Error_Handler
 .text.HAL_Init
                0x08001fac       0x28 ./Drivers/STM32F0xx_HAL_Driver/Src/stm32f0xx_hal.o
                0x08001fac                HAL_Init
 .text.HAL_IncTick
                0x08001fd4       0x24 ./Drivers/STM32F0xx_HAL_Driver/Src/stm32f0xx_hal.o
                0x08001fd4                HAL_IncTick
 .text.HAL_GetTick
                0x08001ff8       0x14 ./Drivers/STM32F0xx_HAL_Driver/Src/stm32f0xx_hal.o
                0x08001ff8                HAL_GetTick
 .text.HAL_Delay
                0x0800200c       0x48 ./Drivers/STM32F0xx_HAL_Driver/Src/stm32f0xx_hal.o
                0x0800200c                HAL_Delay
 .text.HAL_ADC_Init
                0x08002054      0x280 ./Drivers/STM32F0xx_HAL_Driver/Src/stm32f0xx_hal_adc.o
                0x08002054                HAL_ADC_Init
 .text.HAL_ADC_Start
                0x080022d4       0xa8 ./Drivers/STM32F0xx_HAL_Driver/Src/stm32f0xx_hal_adc.o
                0x080022d4                HAL_ADC_Start
 .text.HAL_ADC_Stop
                0x0800237c       0x80 ./Drivers/STM32F0xx_HAL_Driver/Src/stm32f0xx_hal_adc.o
                0x0800237c                HAL_ADC_Stop
 .text.HAL_ADC_PollForConversion
                0x080023fc      0x130 ./Drivers/STM32F0xx_HAL_Driver/Src/stm32f0xx_hal_adc.o
                0x080023fc                HAL_ADC_PollForConversion
 .text.HAL_ADC_GetValue
                0x0800252c       0x16 ./Drivers/STM32F0xx_HAL_Driver/Src/stm32f0xx_hal_adc.o
                0x0800252c                HAL_ADC_GetValue
 *fill*         0x08002542        0x2 
 .text.HAL_ADC_ConfigChannel
                0x08002544      0x21c ./Drivers/STM32F0xx_HAL_Driver/Src/stm32f0xx_hal_adc.o
                0x08002544                HAL_ADC_ConfigChannel
 .text.ADC_Enable
                0x08002760      0x108 ./Drivers/STM32F0xx_HAL_Driver/Src/stm32f0xx_hal_adc.o
 .text.ADC_Disable
                0x08002868       0xe2 ./Drivers/STM32F0xx_HAL_Driver/Src/stm32f0xx_hal_adc.o
 .text.ADC_ConversionStop
                0x0800294a       0x98 ./Drivers/STM32F0xx_HAL_Driver/Src/stm32f0xx_hal_adc.o
 *fill*         0x080029e2        0x2 
 .text.__NVIC_EnableIRQ
                0x080029e4       0x34 ./Drivers/STM32F0xx_HAL_Driver/Src/stm32f0xx_hal_cortex.o
 .text.__NVIC_SetPriority
                0x08002a18       0xdc ./Drivers/STM32F0xx_HAL_Driver/Src/stm32f0xx_hal_cortex.o
 .text.HAL_NVIC_SetPriority
                0x08002af4       0x2a ./Drivers/STM32F0xx_HAL_Driver/Src/stm32f0xx_hal_cortex.o
                0x08002af4                HAL_NVIC_SetPriority
 .text.HAL_NVIC_EnableIRQ
                0x08002b1e       0x20 ./Drivers/STM32F0xx_HAL_Driver/Src/stm32f0xx_hal_cortex.o
                0x08002b1e                HAL_NVIC_EnableIRQ
 *fill*         0x08002b3e        0x2 
 .text.HAL_GPIO_Init
                0x08002b40      0x2f0 ./Drivers/STM32F0xx_HAL_Driver/Src/stm32f0xx_hal_gpio.o
                0x08002b40                HAL_GPIO_Init
 .text.HAL_GPIO_WritePin
                0x08002e30       0x3a ./Drivers/STM32F0xx_HAL_Driver/Src/stm32f0xx_hal_gpio.o
                0x08002e30                HAL_GPIO_WritePin
 *fill*         0x08002e6a        0x2 
 .text.HAL_RCC_OscConfig
                0x08002e6c      0x70c ./Drivers/STM32F0xx_HAL_Driver/Src/stm32f0xx_hal_rcc.o
                0x08002e6c                HAL_RCC_OscConfig
 .text.HAL_RCC_ClockConfig
                0x08003578      0x1b4 ./Drivers/STM32F0xx_HAL_Driver/Src/stm32f0xx_hal_rcc.o
                0x08003578                HAL_RCC_ClockConfig
 .text.HAL_RCC_GetSysClockFreq
                0x0800372c       0xe4 ./Drivers/STM32F0xx_HAL_Driver/Src/stm32f0xx_hal_rcc.o
                0x0800372c                HAL_RCC_GetSysClockFreq
 .text.HAL_RCC_GetHCLKFreq
                0x08003810       0x14 ./Drivers/STM32F0xx_HAL_Driver/Src/stm32f0xx_hal_rcc.o
                0x08003810                HAL_RCC_GetHCLKFreq
 .text.HAL_RCC_GetPCLK1Freq
                0x08003824       0x2c ./Drivers/STM32F0xx_HAL_Driver/Src/stm32f0xx_hal_rcc.o
                0x08003824                HAL_RCC_GetPCLK1Freq
 .text.HAL_RCC_GetClockConfig
                0x08003850       0x54 ./Drivers/STM32F0xx_HAL_Driver/Src/stm32f0xx_hal_rcc.o
                0x08003850                HAL_RCC_GetClockConfig
 .text.HAL_RCCEx_PeriphCLKConfig
                0x080038a4      0x200 ./Drivers/STM32F0xx_HAL_Driver/Src/stm32f0xx_hal_rcc_ex.o
                0x080038a4                HAL_RCCEx_PeriphCLKConfig
 .text.HAL_SPI_Init
                0x08003aa4      0x170 ./Drivers/STM32F0xx_HAL_Driver/Src/stm32f0xx_hal_spi.o
                0x08003aa4                HAL_SPI_Init
 .text.HAL_SPI_Transmit
                0x08003c14      0x2be ./Drivers/STM32F0xx_HAL_Driver/Src/stm32f0xx_hal_spi.o
                0x08003c14                HAL_SPI_Transmit
 *fill*         0x08003ed2        0x2 
 .text.SPI_WaitFlagStateUntilTimeout
                0x08003ed4      0x11c ./Drivers/STM32F0xx_HAL_Driver/Src/stm32f0xx_hal_spi.o
 .text.SPI_WaitFifoStateUntilTimeout
                0x08003ff0      0x144 ./Drivers/STM32F0xx_HAL_Driver/Src/stm32f0xx_hal_spi.o
 .text.SPI_EndRxTxTransaction
                0x08004134       0x8c ./Drivers/STM32F0xx_HAL_Driver/Src/stm32f0xx_hal_spi.o
 .text.HAL_TIM_Base_Init
                0x080041c0       0xa0 ./Drivers/STM32F0xx_HAL_Driver/Src/stm32f0xx_hal_tim.o
                0x080041c0                HAL_TIM_Base_Init
 .text.HAL_TIM_Base_MspInit
                0x08004260       0x10 ./Drivers/STM32F0xx_HAL_Driver/Src/stm32f0xx_hal_tim.o
                0x08004260                HAL_TIM_Base_MspInit
 .text.HAL_TIM_Base_Start_IT
                0x08004270       0xa4 ./Drivers/STM32F0xx_HAL_Driver/Src/stm32f0xx_hal_tim.o
                0x08004270                HAL_TIM_Base_Start_IT
 .text.HAL_TIM_IRQHandler
                0x08004314      0x1dc ./Drivers/STM32F0xx_HAL_Driver/Src/stm32f0xx_hal_tim.o
                0x08004314                HAL_TIM_IRQHandler
 .text.HAL_TIM_OC_DelayElapsedCallback
                0x080044f0       0x10 ./Drivers/STM32F0xx_HAL_Driver/Src/stm32f0xx_hal_tim.o
                0x080044f0                HAL_TIM_OC_DelayElapsedCallback
 .text.HAL_TIM_IC_CaptureCallback
                0x08004500       0x10 ./Drivers/STM32F0xx_HAL_Driver/Src/stm32f0xx_hal_tim.o
                0x08004500                HAL_TIM_IC_CaptureCallback
 .text.HAL_TIM_PWM_PulseFinishedCallback
                0x08004510       0x10 ./Drivers/STM32F0xx_HAL_Driver/Src/stm32f0xx_hal_tim.o
                0x08004510                HAL_TIM_PWM_PulseFinishedCallback
 .text.HAL_TIM_TriggerCallback
                0x08004520       0x10 ./Drivers/STM32F0xx_HAL_Driver/Src/stm32f0xx_hal_tim.o
                0x08004520                HAL_TIM_TriggerCallback
 .text.TIM_Base_SetConfig
                0x08004530      0x11c ./Drivers/STM32F0xx_HAL_Driver/Src/stm32f0xx_hal_tim.o
                0x08004530                TIM_Base_SetConfig
 .text.HAL_TIMEx_CommutCallback
                0x0800464c       0x10 ./Drivers/STM32F0xx_HAL_Driver/Src/stm32f0xx_hal_tim_ex.o
                0x0800464c                HAL_TIMEx_CommutCallback
 .text.HAL_TIMEx_BreakCallback
                0x0800465c       0x10 ./Drivers/STM32F0xx_HAL_Driver/Src/stm32f0xx_hal_tim_ex.o
                0x0800465c                HAL_TIMEx_BreakCallback
 .text.HAL_UART_Init
                0x0800466c       0xa8 ./Drivers/STM32F0xx_HAL_Driver/Src/stm32f0xx_hal_uart.o
                0x0800466c                HAL_UART_Init
 .text.UART_SetConfig
                0x08004714      0x3d0 ./Drivers/STM32F0xx_HAL_Driver/Src/stm32f0xx_hal_uart.o
                0x08004714                UART_SetConfig
 .text.UART_AdvFeatureConfig
                0x08004ae4      0x168 ./Drivers/STM32F0xx_HAL_Driver/Src/stm32f0xx_hal_uart.o
                0x08004ae4                UART_AdvFeatureConfig
 .text.UART_CheckIdleState
                0x08004c4c      0x150 ./Drivers/STM32F0xx_HAL_Driver/Src/stm32f0xx_hal_uart.o
                0x08004c4c                UART_CheckIdleState
 .text.UART_WaitOnFlagUntilTimeout
                0x08004d9c       0xde ./Drivers/STM32F0xx_HAL_Driver/Src/stm32f0xx_hal_uart.o
                0x08004d9c                UART_WaitOnFlagUntilTimeout
 *fill*         0x08004e7a        0x2 
 .text.UART_EndRxTransfer
                0x08004e7c       0xc8 ./Drivers/STM32F0xx_HAL_Driver/Src/stm32f0xx_hal_uart.o
 .text.osKernelInitialize
                0x08004f44       0x58 ./Middlewares/Third_Party/FreeRTOS/Source/CMSIS_RTOS_V2/cmsis_os2.o
                0x08004f44                osKernelInitialize
 .text.osKernelStart
                0x08004f9c       0x5c ./Middlewares/Third_Party/FreeRTOS/Source/CMSIS_RTOS_V2/cmsis_os2.o
                0x08004f9c                osKernelStart
 .text.osThreadNew
                0x08004ff8      0x150 ./Middlewares/Third_Party/FreeRTOS/Source/CMSIS_RTOS_V2/cmsis_os2.o
                0x08004ff8                osThreadNew
 .text.osDelay  0x08005148       0x50 ./Middlewares/Third_Party/FreeRTOS/Source/CMSIS_RTOS_V2/cmsis_os2.o
                0x08005148                osDelay
 .text.vApplicationGetIdleTaskMemory
                0x08005198       0x30 ./Middlewares/Third_Party/FreeRTOS/Source/CMSIS_RTOS_V2/cmsis_os2.o
                0x08005198                vApplicationGetIdleTaskMemory
 .text.vApplicationGetTimerTaskMemory
                0x080051c8       0x30 ./Middlewares/Third_Party/FreeRTOS/Source/CMSIS_RTOS_V2/cmsis_os2.o
                0x080051c8                vApplicationGetTimerTaskMemory
 .text.vListInitialise
                0x080051f8       0x3c ./Middlewares/Third_Party/FreeRTOS/Source/list.o
                0x080051f8                vListInitialise
 .text.vListInitialiseItem
                0x08005234       0x16 ./Middlewares/Third_Party/FreeRTOS/Source/list.o
                0x08005234                vListInitialiseItem
 .text.vListInsertEnd
                0x0800524a       0x44 ./Middlewares/Third_Party/FreeRTOS/Source/list.o
                0x0800524a                vListInsertEnd
 .text.vListInsert
                0x0800528e       0x6c ./Middlewares/Third_Party/FreeRTOS/Source/list.o
                0x0800528e                vListInsert
 .text.uxListRemove
                0x080052fa       0x50 ./Middlewares/Third_Party/FreeRTOS/Source/list.o
                0x080052fa                uxListRemove
 .text.xQueueGenericReset
                0x0800534a       0xa2 ./Middlewares/Third_Party/FreeRTOS/Source/queue.o
                0x0800534a                xQueueGenericReset
 .text.xQueueGenericCreateStatic
                0x080053ec       0xa0 ./Middlewares/Third_Party/FreeRTOS/Source/queue.o
                0x080053ec                xQueueGenericCreateStatic
 .text.prvInitialiseNewQueue
                0x0800548c       0x4e ./Middlewares/Third_Party/FreeRTOS/Source/queue.o
 .text.xQueueGenericSend
                0x080054da      0x17c ./Middlewares/Third_Party/FreeRTOS/Source/queue.o
                0x080054da                xQueueGenericSend
 .text.xQueueGenericSendFromISR
                0x08005656       0xe8 ./Middlewares/Third_Party/FreeRTOS/Source/queue.o
                0x08005656                xQueueGenericSendFromISR
 .text.xQueueReceive
                0x0800573e      0x168 ./Middlewares/Third_Party/FreeRTOS/Source/queue.o
                0x0800573e                xQueueReceive
 .text.prvCopyDataToQueue
                0x080058a6       0xd6 ./Middlewares/Third_Party/FreeRTOS/Source/queue.o
 .text.prvCopyDataFromQueue
                0x0800597c       0x4c ./Middlewares/Third_Party/FreeRTOS/Source/queue.o
 .text.prvUnlockQueue
                0x080059c8       0xbc ./Middlewares/Third_Party/FreeRTOS/Source/queue.o
 .text.prvIsQueueEmpty
                0x08005a84       0x2c ./Middlewares/Third_Party/FreeRTOS/Source/queue.o
 .text.prvIsQueueFull
                0x08005ab0       0x30 ./Middlewares/Third_Party/FreeRTOS/Source/queue.o
 .text.vQueueAddToRegistry
                0x08005ae0       0x50 ./Middlewares/Third_Party/FreeRTOS/Source/queue.o
                0x08005ae0                vQueueAddToRegistry
 .text.vQueueWaitForMessageRestricted
                0x08005b30       0x66 ./Middlewares/Third_Party/FreeRTOS/Source/queue.o
                0x08005b30                vQueueWaitForMessageRestricted
 .text.xTaskCreateStatic
                0x08005b96       0x8c ./Middlewares/Third_Party/FreeRTOS/Source/tasks.o
                0x08005b96                xTaskCreateStatic
 .text.xTaskCreate
                0x08005c22       0x98 ./Middlewares/Third_Party/FreeRTOS/Source/tasks.o
                0x08005c22                xTaskCreate
 *fill*         0x08005cba        0x2 
 .text.prvInitialiseNewTask
                0x08005cbc      0x104 ./Middlewares/Third_Party/FreeRTOS/Source/tasks.o
 .text.prvAddNewTaskToReadyList
                0x08005dc0       0xc0 ./Middlewares/Third_Party/FreeRTOS/Source/tasks.o
 .text.vTaskDelay
                0x08005e80       0x4c ./Middlewares/Third_Party/FreeRTOS/Source/tasks.o
                0x08005e80                vTaskDelay
 .text.vTaskStartScheduler
                0x08005ecc       0xac ./Middlewares/Third_Party/FreeRTOS/Source/tasks.o
                0x08005ecc                vTaskStartScheduler
 .text.vTaskSuspendAll
                0x08005f78       0x18 ./Middlewares/Third_Party/FreeRTOS/Source/tasks.o
                0x08005f78                vTaskSuspendAll
 .text.xTaskResumeAll
                0x08005f90      0x10c ./Middlewares/Third_Party/FreeRTOS/Source/tasks.o
                0x08005f90                xTaskResumeAll
 .text.xTaskGetTickCount
                0x0800609c       0x1c ./Middlewares/Third_Party/FreeRTOS/Source/tasks.o
                0x0800609c                xTaskGetTickCount
 .text.xTaskIncrementTick
                0x080060b8      0x128 ./Middlewares/Third_Party/FreeRTOS/Source/tasks.o
                0x080060b8                xTaskIncrementTick
 .text.vTaskSwitchContext
                0x080061e0       0xa4 ./Middlewares/Third_Party/FreeRTOS/Source/tasks.o
                0x080061e0                vTaskSwitchContext
 .text.vTaskPlaceOnEventList
                0x08006284       0x40 ./Middlewares/Third_Party/FreeRTOS/Source/tasks.o
                0x08006284                vTaskPlaceOnEventList
 .text.vTaskPlaceOnEventListRestricted
                0x080062c4       0x50 ./Middlewares/Third_Party/FreeRTOS/Source/tasks.o
                0x080062c4                vTaskPlaceOnEventListRestricted
 .text.xTaskRemoveFromEventList
                0x08006314       0xbc ./Middlewares/Third_Party/FreeRTOS/Source/tasks.o
                0x08006314                xTaskRemoveFromEventList
 .text.vTaskInternalSetTimeOutState
                0x080063d0       0x28 ./Middlewares/Third_Party/FreeRTOS/Source/tasks.o
                0x080063d0                vTaskInternalSetTimeOutState
 .text.xTaskCheckForTimeOut
                0x080063f8       0xa4 ./Middlewares/Third_Party/FreeRTOS/Source/tasks.o
                0x080063f8                xTaskCheckForTimeOut
 .text.vTaskMissedYield
                0x0800649c       0x14 ./Middlewares/Third_Party/FreeRTOS/Source/tasks.o
                0x0800649c                vTaskMissedYield
 .text.prvIdleTask
                0x080064b0       0x14 ./Middlewares/Third_Party/FreeRTOS/Source/tasks.o
 .text.prvInitialiseTaskLists
                0x080064c4       0x88 ./Middlewares/Third_Party/FreeRTOS/Source/tasks.o
 .text.prvCheckTasksWaitingTermination
                0x0800654c       0x5c ./Middlewares/Third_Party/FreeRTOS/Source/tasks.o
 .text.prvDeleteTCB
                0x080065a8       0x52 ./Middlewares/Third_Party/FreeRTOS/Source/tasks.o
 *fill*         0x080065fa        0x2 
 .text.prvResetNextTaskUnblockTime
                0x080065fc       0x48 ./Middlewares/Third_Party/FreeRTOS/Source/tasks.o
 .text.xTaskGetSchedulerState
                0x08006644       0x38 ./Middlewares/Third_Party/FreeRTOS/Source/tasks.o
                0x08006644                xTaskGetSchedulerState
 .text.xTaskPriorityDisinherit
                0x0800667c       0xbc ./Middlewares/Third_Party/FreeRTOS/Source/tasks.o
                0x0800667c                xTaskPriorityDisinherit
 .text.prvAddCurrentTaskToDelayedList
                0x08006738       0xa8 ./Middlewares/Third_Party/FreeRTOS/Source/tasks.o
 .text.xTimerCreateTimerTask
                0x080067e0       0x80 ./Middlewares/Third_Party/FreeRTOS/Source/timers.o
                0x080067e0                xTimerCreateTimerTask
 .text.xTimerGenericCommand
                0x08006860       0x98 ./Middlewares/Third_Party/FreeRTOS/Source/timers.o
                0x08006860                xTimerGenericCommand
 .text.prvProcessExpiredTimer
                0x080068f8       0x74 ./Middlewares/Third_Party/FreeRTOS/Source/timers.o
 .text.prvTimerTask
                0x0800696c       0x2a ./Middlewares/Third_Party/FreeRTOS/Source/timers.o
 *fill*         0x08006996        0x2 
 .text.prvProcessTimerOrBlockTask
                0x08006998       0x8c ./Middlewares/Third_Party/FreeRTOS/Source/timers.o
 .text.prvGetNextExpireTime
                0x08006a24       0x40 ./Middlewares/Third_Party/FreeRTOS/Source/timers.o
 .text.prvSampleTimeNow
                0x08006a64       0x40 ./Middlewares/Third_Party/FreeRTOS/Source/timers.o
 .text.prvInsertTimerInActiveList
                0x08006aa4       0x84 ./Middlewares/Third_Party/FreeRTOS/Source/timers.o
 .text.prvProcessReceivedCommands
                0x08006b28      0x144 ./Middlewares/Third_Party/FreeRTOS/Source/timers.o
 .text.prvSwitchTimerLists
                0x08006c6c       0xb8 ./Middlewares/Third_Party/FreeRTOS/Source/timers.o
 .text.prvCheckForValidListAndQueue
                0x08006d24       0x84 ./Middlewares/Third_Party/FreeRTOS/Source/timers.o
 .text.pxPortInitialiseStack
                0x08006da8       0x54 ./Middlewares/Third_Party/FreeRTOS/Source/portable/GCC/ARM_CM0/port.o
                0x08006da8                pxPortInitialiseStack
 .text.prvTaskExitError
                0x08006dfc       0x30 ./Middlewares/Third_Party/FreeRTOS/Source/portable/GCC/ARM_CM0/port.o
 .text.SVC_Handler
                0x08006e2c        0xa ./Middlewares/Third_Party/FreeRTOS/Source/portable/GCC/ARM_CM0/port.o
                0x08006e2c                SVC_Handler
 *fill*         0x08006e36        0xa 
 .text.vPortStartFirstTask
                0x08006e40       0x38 ./Middlewares/Third_Party/FreeRTOS/Source/portable/GCC/ARM_CM0/port.o
 .text.xPortStartScheduler
                0x08006e78       0x48 ./Middlewares/Third_Party/FreeRTOS/Source/portable/GCC/ARM_CM0/port.o
                0x08006e78                xPortStartScheduler
 .text.vPortYield
                0x08006ec0       0x20 ./Middlewares/Third_Party/FreeRTOS/Source/portable/GCC/ARM_CM0/port.o
                0x08006ec0                vPortYield
 .text.vPortEnterCritical
                0x08006ee0       0x24 ./Middlewares/Third_Party/FreeRTOS/Source/portable/GCC/ARM_CM0/port.o
                0x08006ee0                vPortEnterCritical
 .text.vPortExitCritical
                0x08006f04       0x30 ./Middlewares/Third_Party/FreeRTOS/Source/portable/GCC/ARM_CM0/port.o
                0x08006f04                vPortExitCritical
 .text.ulSetInterruptMaskFromISR
                0x08006f34        0xc ./Middlewares/Third_Party/FreeRTOS/Source/portable/GCC/ARM_CM0/port.o
                0x08006f34                ulSetInterruptMaskFromISR
 .text.vClearInterruptMaskFromISR
                0x08006f40        0x8 ./Middlewares/Third_Party/FreeRTOS/Source/portable/GCC/ARM_CM0/port.o
                0x08006f40                vClearInterruptMaskFromISR
 *fill*         0x08006f48        0x8 
 .text.PendSV_Handler
                0x08006f50       0x48 ./Middlewares/Third_Party/FreeRTOS/Source/portable/GCC/ARM_CM0/port.o
                0x08006f50                PendSV_Handler
 .text.SysTick_Handler
                0x08006f98       0x34 ./Middlewares/Third_Party/FreeRTOS/Source/portable/GCC/ARM_CM0/port.o
                0x08006f98                SysTick_Handler
 .text.prvSetupTimerInterrupt
                0x08006fcc       0x44 ./Middlewares/Third_Party/FreeRTOS/Source/portable/GCC/ARM_CM0/port.o
 .text.pvPortMalloc
                0x08007010      0x150 ./Middlewares/Third_Party/FreeRTOS/Source/portable/MemMang/heap_4.o
                0x08007010                pvPortMalloc
 .text.vPortFree
                0x08007160       0x94 ./Middlewares/Third_Party/FreeRTOS/Source/portable/MemMang/heap_4.o
                0x08007160                vPortFree
 .text.prvHeapInit
                0x080071f4       0xc0 ./Middlewares/Third_Party/FreeRTOS/Source/portable/MemMang/heap_4.o
 .text.prvInsertBlockIntoFreeList
                0x080072b4       0xb0 ./Middlewares/Third_Party/FreeRTOS/Source/portable/MemMang/heap_4.o
 .text.__itoa   0x08007364       0x30 C:/ST/STM32CubeIDE_1.19.0/STM32CubeIDE/plugins/com.st.stm32cube.ide.mcu.externaltools.gnu-tools-for-stm32.13.3.rel1.win32_1.0.0.202411081344/tools/bin/../lib/gcc/arm-none-eabi/13.3.1/../../../../arm-none-eabi/lib/thumb/v6-m/nofp\libc_nano.a(libc_a-itoa.o)
                0x08007364                __itoa
 .text.itoa     0x08007394        0x8 C:/ST/STM32CubeIDE_1.19.0/STM32CubeIDE/plugins/com.st.stm32cube.ide.mcu.externaltools.gnu-tools-for-stm32.13.3.rel1.win32_1.0.0.202411081344/tools/bin/../lib/gcc/arm-none-eabi/13.3.1/../../../../arm-none-eabi/lib/thumb/v6-m/nofp\libc_nano.a(libc_a-itoa.o)
                0x08007394                itoa
 .text.__utoa   0x0800739c       0x68 C:/ST/STM32CubeIDE_1.19.0/STM32CubeIDE/plugins/com.st.stm32cube.ide.mcu.externaltools.gnu-tools-for-stm32.13.3.rel1.win32_1.0.0.202411081344/tools/bin/../lib/gcc/arm-none-eabi/13.3.1/../../../../arm-none-eabi/lib/thumb/v6-m/nofp\libc_nano.a(libc_a-utoa.o)
                0x0800739c                __utoa
 .text.memset   0x08007404       0x10 C:/ST/STM32CubeIDE_1.19.0/STM32CubeIDE/plugins/com.st.stm32cube.ide.mcu.externaltools.gnu-tools-for-stm32.13.3.rel1.win32_1.0.0.202411081344/tools/bin/../lib/gcc/arm-none-eabi/13.3.1/../../../../arm-none-eabi/lib/thumb/v6-m/nofp\libc_nano.a(libc_a-memset.o)
                0x08007404                memset
 .text.__libc_init_array
                0x08007414       0x48 C:/ST/STM32CubeIDE_1.19.0/STM32CubeIDE/plugins/com.st.stm32cube.ide.mcu.externaltools.gnu-tools-for-stm32.13.3.rel1.win32_1.0.0.202411081344/tools/bin/../lib/gcc/arm-none-eabi/13.3.1/../../../../arm-none-eabi/lib/thumb/v6-m/nofp\libc_nano.a(libc_a-init.o)
                0x08007414                __libc_init_array
 .text.memcpy   0x0800745c       0x12 C:/ST/STM32CubeIDE_1.19.0/STM32CubeIDE/plugins/com.st.stm32cube.ide.mcu.externaltools.gnu-tools-for-stm32.13.3.rel1.win32_1.0.0.202411081344/tools/bin/../lib/gcc/arm-none-eabi/13.3.1/../../../../arm-none-eabi/lib/thumb/v6-m/nofp\libc_nano.a(libc_a-memcpy-stub.o)
                0x0800745c                memcpy
 *(.glue_7)
 .glue_7        0x0800746e        0x0 linker stubs
 *(.glue_7t)
 .glue_7t       0x0800746e        0x0 linker stubs
 *(.eh_frame)
 *fill*         0x0800746e        0x2 
 .eh_frame      0x08007470        0x0 C:/ST/STM32CubeIDE_1.19.0/STM32CubeIDE/plugins/com.st.stm32cube.ide.mcu.externaltools.gnu-tools-for-stm32.13.3.rel1.win32_1.0.0.202411081344/tools/bin/../lib/gcc/arm-none-eabi/13.3.1/thumb/v6-m/nofp/crtbegin.o
 *(.init)
 .init          0x08007470        0x4 C:/ST/STM32CubeIDE_1.19.0/STM32CubeIDE/plugins/com.st.stm32cube.ide.mcu.externaltools.gnu-tools-for-stm32.13.3.rel1.win32_1.0.0.202411081344/tools/bin/../lib/gcc/arm-none-eabi/13.3.1/thumb/v6-m/nofp/crti.o
                0x08007470                _init
 .init          0x08007474        0x8 C:/ST/STM32CubeIDE_1.19.0/STM32CubeIDE/plugins/com.st.stm32cube.ide.mcu.externaltools.gnu-tools-for-stm32.13.3.rel1.win32_1.0.0.202411081344/tools/bin/../lib/gcc/arm-none-eabi/13.3.1/thumb/v6-m/nofp/crtn.o
 *(.fini)
 .fini          0x0800747c        0x4 C:/ST/STM32CubeIDE_1.19.0/STM32CubeIDE/plugins/com.st.stm32cube.ide.mcu.externaltools.gnu-tools-for-stm32.13.3.rel1.win32_1.0.0.202411081344/tools/bin/../lib/gcc/arm-none-eabi/13.3.1/thumb/v6-m/nofp/crti.o
                0x0800747c                _fini
 .fini          0x08007480        0x8 C:/ST/STM32CubeIDE_1.19.0/STM32CubeIDE/plugins/com.st.stm32cube.ide.mcu.externaltools.gnu-tools-for-stm32.13.3.rel1.win32_1.0.0.202411081344/tools/bin/../lib/gcc/arm-none-eabi/13.3.1/thumb/v6-m/nofp/crtn.o
                0x08007488                        . = ALIGN (0x4)
                0x08007488                        _etext = .

.vfp11_veneer   0x08007488        0x0
 .vfp11_veneer  0x08007488        0x0 linker stubs

.v4_bx          0x08007488        0x0
 .v4_bx         0x08007488        0x0 linker stubs

.iplt           0x08007488        0x0
 .iplt          0x08007488        0x0 C:/ST/STM32CubeIDE_1.19.0/STM32CubeIDE/plugins/com.st.stm32cube.ide.mcu.externaltools.gnu-tools-for-stm32.13.3.rel1.win32_1.0.0.202411081344/tools/bin/../lib/gcc/arm-none-eabi/13.3.1/thumb/v6-m/nofp/crtbegin.o

.rodata         0x08007488      0x664
                0x08007488                        . = ALIGN (0x4)
 *(.rodata)
 .rodata        0x08007488       0x50 ./Core/Services/Main/main.o
 .rodata        0x080074d8        0x5 ./Middlewares/Third_Party/FreeRTOS/Source/tasks.o
 *fill*         0x080074dd        0x3 
 .rodata        0x080074e0        0xd ./Middlewares/Third_Party/FreeRTOS/Source/timers.o
 *(.rodata*)
 *fill*         0x080074ed        0x3 
 .rodata.AHBPrescTable
                0x080074f0       0x10 ./Core/MCAL/system_stm32f0xx.o
                0x080074f0                AHBPrescTable
 .rodata.APBPrescTable
                0x08007500        0x8 ./Core/MCAL/system_stm32f0xx.o
                0x08007500                APBPrescTable
 .rodata.lcdfont5x7
                0x08007508      0x4fb ./Core/Services/Display/font.o
                0x08007508                lcdfont5x7
 *fill*         0x08007a03        0x1 
 .rodata.readAdcVolt_attributes
                0x08007a04       0x24 ./Core/Services/Main/main.o
                0x08007a04                readAdcVolt_attributes
 .rodata.displayVoltRead_attributes
                0x08007a28       0x24 ./Core/Services/Main/main.o
                0x08007a28                displayVoltRead_attributes
 .rodata.readButton_attributes
                0x08007a4c       0x24 ./Core/Services/Main/main.o
                0x08007a4c                readButton_attributes
 .rodata.pts.0  0x08007a70        0xc ./Core/Services/Main/main.o
 .rodata.aPLLMULFactorTable.1
                0x08007a7c       0x10 ./Drivers/STM32F0xx_HAL_Driver/Src/stm32f0xx_hal_rcc.o
 .rodata.aPredivFactorTable.0
                0x08007a8c       0x10 ./Drivers/STM32F0xx_HAL_Driver/Src/stm32f0xx_hal_rcc.o
 .rodata.prvProcessReceivedCommands
                0x08007a9c       0x28 ./Middlewares/Third_Party/FreeRTOS/Source/timers.o
 .rodata.__utoa.str1.1
                0x08007ac4       0x25 C:/ST/STM32CubeIDE_1.19.0/STM32CubeIDE/plugins/com.st.stm32cube.ide.mcu.externaltools.gnu-tools-for-stm32.13.3.rel1.win32_1.0.0.202411081344/tools/bin/../lib/gcc/arm-none-eabi/13.3.1/../../../../arm-none-eabi/lib/thumb/v6-m/nofp\libc_nano.a(libc_a-utoa.o)
                0x08007aec                        . = ALIGN (0x4)
 *fill*         0x08007ae9        0x3 

.ARM.extab      0x08007aec        0x0
                0x08007aec                        . = ALIGN (0x4)
 *(.ARM.extab* .gnu.linkonce.armextab.*)
                0x08007aec                        . = ALIGN (0x4)

.ARM            0x08007aec        0x0
                0x08007aec                        . = ALIGN (0x4)
                0x08007aec                        __exidx_start = .
 *(.ARM.exidx*)
                0x08007aec                        __exidx_end = .
                0x08007aec                        . = ALIGN (0x4)

.preinit_array  0x08007aec        0x0
                0x08007aec                        . = ALIGN (0x4)
                0x08007aec                        PROVIDE (__preinit_array_start = .)
 *(.preinit_array*)
                0x08007aec                        PROVIDE (__preinit_array_end = .)
                0x08007aec                        . = ALIGN (0x4)

.init_array     0x08007aec        0x4
                0x08007aec                        . = ALIGN (0x4)
                0x08007aec                        PROVIDE (__init_array_start = .)
 *(SORT_BY_NAME(.init_array.*))
 *(.init_array*)
 .init_array    0x08007aec        0x4 C:/ST/STM32CubeIDE_1.19.0/STM32CubeIDE/plugins/com.st.stm32cube.ide.mcu.externaltools.gnu-tools-for-stm32.13.3.rel1.win32_1.0.0.202411081344/tools/bin/../lib/gcc/arm-none-eabi/13.3.1/thumb/v6-m/nofp/crtbegin.o
                0x08007af0                        PROVIDE (__init_array_end = .)
                0x08007af0                        . = ALIGN (0x4)

.fini_array     0x08007af0        0x4
                0x08007af0                        . = ALIGN (0x4)
                [!provide]                        PROVIDE (__fini_array_start = .)
 *(SORT_BY_NAME(.fini_array.*))
 *(.fini_array*)
 .fini_array    0x08007af0        0x4 C:/ST/STM32CubeIDE_1.19.0/STM32CubeIDE/plugins/com.st.stm32cube.ide.mcu.externaltools.gnu-tools-for-stm32.13.3.rel1.win32_1.0.0.202411081344/tools/bin/../lib/gcc/arm-none-eabi/13.3.1/thumb/v6-m/nofp/crtbegin.o
                [!provide]                        PROVIDE (__fini_array_end = .)
                0x08007af4                        . = ALIGN (0x4)
                0x08007af4                        _sidata = LOADADDR (.data)

.rel.dyn        0x08007af4        0x0
 .rel.iplt      0x08007af4        0x0 C:/ST/STM32CubeIDE_1.19.0/STM32CubeIDE/plugins/com.st.stm32cube.ide.mcu.externaltools.gnu-tools-for-stm32.13.3.rel1.win32_1.0.0.202411081344/tools/bin/../lib/gcc/arm-none-eabi/13.3.1/thumb/v6-m/nofp/crtbegin.o

.data           0x20000000      0x420 load address 0x08007af4
                0x20000000                        . = ALIGN (0x4)
                0x20000000                        _sdata = .
 *(.data)
 *(.data*)
 .data.SystemCoreClock
                0x20000000        0x4 ./Core/MCAL/system_stm32f0xx.o
                0x20000000                SystemCoreClock
 .data.voltReadRaw
                0x20000004        0x2 ./Core/RTE/Rte.o
                0x20000004                voltReadRaw
 .data.buttonReadRaw
                0x20000006        0x2 ./Core/RTE/Rte.o
                0x20000006                buttonReadRaw
 .data.displayModeMax
                0x20000008        0x1 ./Core/RTE/Rte.o
                0x20000008                displayModeMax
 *fill*         0x20000009        0x3 
 .data.buffer   0x2000000c      0x400 ./Core/Services/Display/lcd_st7565.o
                0x2000000c                buffer
 .data.pagemap  0x2000040c        0x8 ./Core/Services/Display/lcd_st7565.o
                0x2000040c                pagemap
 .data.uwTickPrio
                0x20000414        0x4 ./Drivers/STM32F0xx_HAL_Driver/Src/stm32f0xx_hal.o
                0x20000414                uwTickPrio
 .data.uwTickFreq
                0x20000418        0x1 ./Drivers/STM32F0xx_HAL_Driver/Src/stm32f0xx_hal.o
                0x20000418                uwTickFreq
 *fill*         0x20000419        0x3 
 .data.uxCriticalNesting
                0x2000041c        0x4 ./Middlewares/Third_Party/FreeRTOS/Source/portable/GCC/ARM_CM0/port.o
 *(.RamFunc)
 *(.RamFunc*)
                0x20000420                        . = ALIGN (0x4)
                0x20000420                        _edata = .

.igot.plt       0x20000420        0x0 load address 0x08007f14
 .igot.plt      0x20000420        0x0 C:/ST/STM32CubeIDE_1.19.0/STM32CubeIDE/plugins/com.st.stm32cube.ide.mcu.externaltools.gnu-tools-for-stm32.13.3.rel1.win32_1.0.0.202411081344/tools/bin/../lib/gcc/arm-none-eabi/13.3.1/thumb/v6-m/nofp/crtbegin.o
                0x20000420                        . = ALIGN (0x4)

.bss            0x20000420     0x5d38 load address 0x08007f14
                0x20000420                        _sbss = .
                0x20000420                        __bss_start__ = _sbss
 *(.bss)
 .bss           0x20000420       0x1c C:/ST/STM32CubeIDE_1.19.0/STM32CubeIDE/plugins/com.st.stm32cube.ide.mcu.externaltools.gnu-tools-for-stm32.13.3.rel1.win32_1.0.0.202411081344/tools/bin/../lib/gcc/arm-none-eabi/13.3.1/thumb/v6-m/nofp/crtbegin.o
 *(.bss*)
 .bss.htim3     0x2000043c       0x48 ./Core/MCAL/stm32f0xx_hal_timebase_tim.o
                0x2000043c                htim3
 .bss.voltRead  0x20000484        0x2 ./Core/RTE/Rte.o
                0x20000484                voltRead
 *fill*         0x20000486        0x2 
 .bss.buttonRead
                0x20000488        0x4 ./Core/RTE/Rte.o
                0x20000488                buttonRead
 .bss.displayMode
                0x2000048c        0x1 ./Core/RTE/Rte.o
                0x2000048c                displayMode
 *fill*         0x2000048d        0x3 
 .bss.MAVectorButton
                0x20000490       0x14 ./Core/Services/Main/main.o
 .bss.MAVectorVolt
                0x200004a4       0x14 ./Core/Services/Main/main.o
 .bss.hadc      0x200004b8       0x40 ./Core/Services/Main/main.o
                0x200004b8                hadc
 .bss.hspi1     0x200004f8       0x64 ./Core/Services/Main/main.o
                0x200004f8                hspi1
 .bss.huart2    0x2000055c       0x88 ./Core/Services/Main/main.o
                0x2000055c                huart2
 .bss.readAdcVoltHandle
                0x200005e4        0x4 ./Core/Services/Main/main.o
                0x200005e4                readAdcVoltHandle
 .bss.displayVoltReadHandle
                0x200005e8        0x4 ./Core/Services/Main/main.o
                0x200005e8                displayVoltReadHandle
 .bss.readButtonHandle
                0x200005ec        0x4 ./Core/Services/Main/main.o
                0x200005ec                readButtonHandle
 .bss.flag      0x200005f0        0x1 ./Core/Services/Main/main.o
                0x200005f0                flag
 .bss.buttonTaskCreated
                0x200005f1        0x1 ./Core/Services/Main/main.o
                0x200005f1                buttonTaskCreated
 *fill*         0x200005f2        0x2 
 .bss.uwTick    0x200005f4        0x4 ./Drivers/STM32F0xx_HAL_Driver/Src/stm32f0xx_hal.o
                0x200005f4                uwTick
 .bss.KernelState
                0x200005f8        0x4 ./Middlewares/Third_Party/FreeRTOS/Source/CMSIS_RTOS_V2/cmsis_os2.o
 .bss.Idle_TCB  0x200005fc       0x5c ./Middlewares/Third_Party/FreeRTOS/Source/CMSIS_RTOS_V2/cmsis_os2.o
 .bss.Idle_Stack
                0x20000658      0x200 ./Middlewares/Third_Party/FreeRTOS/Source/CMSIS_RTOS_V2/cmsis_os2.o
 .bss.Timer_TCB
                0x20000858       0x5c ./Middlewares/Third_Party/FreeRTOS/Source/CMSIS_RTOS_V2/cmsis_os2.o
 .bss.Timer_Stack
                0x200008b4      0x400 ./Middlewares/Third_Party/FreeRTOS/Source/CMSIS_RTOS_V2/cmsis_os2.o
 .bss.xQueueRegistry
                0x20000cb4       0x40 ./Middlewares/Third_Party/FreeRTOS/Source/queue.o
                0x20000cb4                xQueueRegistry
 .bss.pxCurrentTCB
                0x20000cf4        0x4 ./Middlewares/Third_Party/FreeRTOS/Source/tasks.o
                0x20000cf4                pxCurrentTCB
 .bss.pxReadyTasksLists
                0x20000cf8      0x460 ./Middlewares/Third_Party/FreeRTOS/Source/tasks.o
 .bss.xDelayedTaskList1
                0x20001158       0x14 ./Middlewares/Third_Party/FreeRTOS/Source/tasks.o
 .bss.xDelayedTaskList2
                0x2000116c       0x14 ./Middlewares/Third_Party/FreeRTOS/Source/tasks.o
 .bss.pxDelayedTaskList
                0x20001180        0x4 ./Middlewares/Third_Party/FreeRTOS/Source/tasks.o
 .bss.pxOverflowDelayedTaskList
                0x20001184        0x4 ./Middlewares/Third_Party/FreeRTOS/Source/tasks.o
 .bss.xPendingReadyList
                0x20001188       0x14 ./Middlewares/Third_Party/FreeRTOS/Source/tasks.o
 .bss.xTasksWaitingTermination
                0x2000119c       0x14 ./Middlewares/Third_Party/FreeRTOS/Source/tasks.o
 .bss.uxDeletedTasksWaitingCleanUp
                0x200011b0        0x4 ./Middlewares/Third_Party/FreeRTOS/Source/tasks.o
 .bss.xSuspendedTaskList
                0x200011b4       0x14 ./Middlewares/Third_Party/FreeRTOS/Source/tasks.o
 .bss.uxCurrentNumberOfTasks
                0x200011c8        0x4 ./Middlewares/Third_Party/FreeRTOS/Source/tasks.o
 .bss.xTickCount
                0x200011cc        0x4 ./Middlewares/Third_Party/FreeRTOS/Source/tasks.o
 .bss.uxTopReadyPriority
                0x200011d0        0x4 ./Middlewares/Third_Party/FreeRTOS/Source/tasks.o
 .bss.xSchedulerRunning
                0x200011d4        0x4 ./Middlewares/Third_Party/FreeRTOS/Source/tasks.o
 .bss.uxPendedTicks
                0x200011d8        0x4 ./Middlewares/Third_Party/FreeRTOS/Source/tasks.o
 .bss.xYieldPending
                0x200011dc        0x4 ./Middlewares/Third_Party/FreeRTOS/Source/tasks.o
 .bss.xNumOfOverflows
                0x200011e0        0x4 ./Middlewares/Third_Party/FreeRTOS/Source/tasks.o
 .bss.uxTaskNumber
                0x200011e4        0x4 ./Middlewares/Third_Party/FreeRTOS/Source/tasks.o
 .bss.xNextTaskUnblockTime
                0x200011e8        0x4 ./Middlewares/Third_Party/FreeRTOS/Source/tasks.o
 .bss.xIdleTaskHandle
                0x200011ec        0x4 ./Middlewares/Third_Party/FreeRTOS/Source/tasks.o
 .bss.uxSchedulerSuspended
                0x200011f0        0x4 ./Middlewares/Third_Party/FreeRTOS/Source/tasks.o
 .bss.xActiveTimerList1
                0x200011f4       0x14 ./Middlewares/Third_Party/FreeRTOS/Source/timers.o
 .bss.xActiveTimerList2
                0x20001208       0x14 ./Middlewares/Third_Party/FreeRTOS/Source/timers.o
 .bss.pxCurrentTimerList
                0x2000121c        0x4 ./Middlewares/Third_Party/FreeRTOS/Source/timers.o
 .bss.pxOverflowTimerList
                0x20001220        0x4 ./Middlewares/Third_Party/FreeRTOS/Source/timers.o
 .bss.xTimerQueue
                0x20001224        0x4 ./Middlewares/Third_Party/FreeRTOS/Source/timers.o
 .bss.xTimerTaskHandle
                0x20001228        0x4 ./Middlewares/Third_Party/FreeRTOS/Source/timers.o
 .bss.xLastTime.2
                0x2000122c        0x4 ./Middlewares/Third_Party/FreeRTOS/Source/timers.o
 .bss.ucStaticTimerQueueStorage.1
                0x20001230       0xa0 ./Middlewares/Third_Party/FreeRTOS/Source/timers.o
 .bss.xStaticTimerQueue.0
                0x200012d0       0x50 ./Middlewares/Third_Party/FreeRTOS/Source/timers.o
 .bss.ucHeap    0x20001320     0x4e20 ./Middlewares/Third_Party/FreeRTOS/Source/portable/MemMang/heap_4.o
 .bss.xStart    0x20006140        0x8 ./Middlewares/Third_Party/FreeRTOS/Source/portable/MemMang/heap_4.o
 .bss.pxEnd     0x20006148        0x4 ./Middlewares/Third_Party/FreeRTOS/Source/portable/MemMang/heap_4.o
 .bss.xFreeBytesRemaining
                0x2000614c        0x4 ./Middlewares/Third_Party/FreeRTOS/Source/portable/MemMang/heap_4.o
 .bss.xMinimumEverFreeBytesRemaining
                0x20006150        0x4 ./Middlewares/Third_Party/FreeRTOS/Source/portable/MemMang/heap_4.o
 .bss.xBlockAllocatedBit
                0x20006154        0x4 ./Middlewares/Third_Party/FreeRTOS/Source/portable/MemMang/heap_4.o
 *(COMMON)
                0x20006158                        . = ALIGN (0x4)
                0x20006158                        _ebss = .
                0x20006158                        __bss_end__ = _ebss

._user_heap_stack
                0x20006158      0x600 load address 0x08007f14
                0x20006158                        . = ALIGN (0x8)
                [!provide]                        PROVIDE (end = .)
                0x20006158                        PROVIDE (_end = .)
                0x20006358                        . = (. + _Min_Heap_Size)
 *fill*         0x20006158      0x200 
                0x20006758                        . = (. + _Min_Stack_Size)
 *fill*         0x20006358      0x400 
                0x20006758                        . = ALIGN (0x8)

/DISCARD/
 libc.a(*)
 libm.a(*)
 libgcc.a(*)

.ARM.attributes
                0x00000000       0x28
 *(.ARM.attributes)
 .ARM.attributes
                0x00000000       0x1e C:/ST/STM32CubeIDE_1.19.0/STM32CubeIDE/plugins/com.st.stm32cube.ide.mcu.externaltools.gnu-tools-for-stm32.13.3.rel1.win32_1.0.0.202411081344/tools/bin/../lib/gcc/arm-none-eabi/13.3.1/thumb/v6-m/nofp/crti.o
 .ARM.attributes
                0x0000001e       0x2c C:/ST/STM32CubeIDE_1.19.0/STM32CubeIDE/plugins/com.st.stm32cube.ide.mcu.externaltools.gnu-tools-for-stm32.13.3.rel1.win32_1.0.0.202411081344/tools/bin/../lib/gcc/arm-none-eabi/13.3.1/thumb/v6-m/nofp/crtbegin.o
 .ARM.attributes
                0x0000004a       0x21 ./Core/ComplexDrivers/Startup/startup_stm32f091rctx.o
 .ARM.attributes
                0x0000006b       0x2c ./Core/MCAL/stm32f0xx_hal_msp.o
 .ARM.attributes
                0x00000097       0x2c ./Core/MCAL/stm32f0xx_hal_timebase_tim.o
 .ARM.attributes
                0x000000c3       0x2c ./Core/MCAL/stm32f0xx_it.o
 .ARM.attributes
                0x000000ef       0x2c ./Core/MCAL/system_stm32f0xx.o
 .ARM.attributes
                0x0000011b       0x2c ./Core/RTE/Rte.o
 .ARM.attributes
                0x00000147       0x2c ./Core/Services/Display/font.o
 .ARM.attributes
                0x00000173       0x2c ./Core/Services/Display/lcd_st7565.o
 .ARM.attributes
                0x0000019f       0x2c ./Core/Services/Main/main.o
 .ARM.attributes
                0x000001cb       0x2c ./Drivers/STM32F0xx_HAL_Driver/Src/stm32f0xx_hal.o
 .ARM.attributes
                0x000001f7       0x2c ./Drivers/STM32F0xx_HAL_Driver/Src/stm32f0xx_hal_adc.o
 .ARM.attributes
                0x00000223       0x2c ./Drivers/STM32F0xx_HAL_Driver/Src/stm32f0xx_hal_cortex.o
 .ARM.attributes
                0x0000024f       0x2c ./Drivers/STM32F0xx_HAL_Driver/Src/stm32f0xx_hal_gpio.o
 .ARM.attributes
                0x0000027b       0x2c ./Drivers/STM32F0xx_HAL_Driver/Src/stm32f0xx_hal_rcc.o
 .ARM.attributes
                0x000002a7       0x2c ./Drivers/STM32F0xx_HAL_Driver/Src/stm32f0xx_hal_rcc_ex.o
 .ARM.attributes
                0x000002d3       0x2c ./Drivers/STM32F0xx_HAL_Driver/Src/stm32f0xx_hal_spi.o
 .ARM.attributes
                0x000002ff       0x2c ./Drivers/STM32F0xx_HAL_Driver/Src/stm32f0xx_hal_tim.o
 .ARM.attributes
                0x0000032b       0x2c ./Drivers/STM32F0xx_HAL_Driver/Src/stm32f0xx_hal_tim_ex.o
 .ARM.attributes
                0x00000357       0x2c ./Drivers/STM32F0xx_HAL_Driver/Src/stm32f0xx_hal_uart.o
 .ARM.attributes
                0x00000383       0x2c ./Middlewares/Third_Party/FreeRTOS/Source/CMSIS_RTOS_V2/cmsis_os2.o
 .ARM.attributes
                0x000003af       0x2c ./Middlewares/Third_Party/FreeRTOS/Source/list.o
 .ARM.attributes
                0x000003db       0x2c ./Middlewares/Third_Party/FreeRTOS/Source/queue.o
 .ARM.attributes
                0x00000407       0x2c ./Middlewares/Third_Party/FreeRTOS/Source/tasks.o
 .ARM.attributes
                0x00000433       0x2c ./Middlewares/Third_Party/FreeRTOS/Source/timers.o
 .ARM.attributes
                0x0000045f       0x2c ./Middlewares/Third_Party/FreeRTOS/Source/portable/GCC/ARM_CM0/port.o
 .ARM.attributes
                0x0000048b       0x2c ./Middlewares/Third_Party/FreeRTOS/Source/portable/MemMang/heap_4.o
 .ARM.attributes
                0x000004b7       0x2c C:/ST/STM32CubeIDE_1.19.0/STM32CubeIDE/plugins/com.st.stm32cube.ide.mcu.externaltools.gnu-tools-for-stm32.13.3.rel1.win32_1.0.0.202411081344/tools/bin/../lib/gcc/arm-none-eabi/13.3.1/../../../../arm-none-eabi/lib/thumb/v6-m/nofp\libc_nano.a(libc_a-itoa.o)
 .ARM.attributes
                0x000004e3       0x2c C:/ST/STM32CubeIDE_1.19.0/STM32CubeIDE/plugins/com.st.stm32cube.ide.mcu.externaltools.gnu-tools-for-stm32.13.3.rel1.win32_1.0.0.202411081344/tools/bin/../lib/gcc/arm-none-eabi/13.3.1/../../../../arm-none-eabi/lib/thumb/v6-m/nofp\libc_nano.a(libc_a-utoa.o)
 .ARM.attributes
                0x0000050f       0x2c C:/ST/STM32CubeIDE_1.19.0/STM32CubeIDE/plugins/com.st.stm32cube.ide.mcu.externaltools.gnu-tools-for-stm32.13.3.rel1.win32_1.0.0.202411081344/tools/bin/../lib/gcc/arm-none-eabi/13.3.1/../../../../arm-none-eabi/lib/thumb/v6-m/nofp\libc_nano.a(libc_a-memset.o)
 .ARM.attributes
                0x0000053b       0x2c C:/ST/STM32CubeIDE_1.19.0/STM32CubeIDE/plugins/com.st.stm32cube.ide.mcu.externaltools.gnu-tools-for-stm32.13.3.rel1.win32_1.0.0.202411081344/tools/bin/../lib/gcc/arm-none-eabi/13.3.1/../../../../arm-none-eabi/lib/thumb/v6-m/nofp\libc_nano.a(libc_a-init.o)
 .ARM.attributes
                0x00000567       0x2c C:/ST/STM32CubeIDE_1.19.0/STM32CubeIDE/plugins/com.st.stm32cube.ide.mcu.externaltools.gnu-tools-for-stm32.13.3.rel1.win32_1.0.0.202411081344/tools/bin/../lib/gcc/arm-none-eabi/13.3.1/../../../../arm-none-eabi/lib/thumb/v6-m/nofp\libc_nano.a(libc_a-memcpy-stub.o)
 .ARM.attributes
                0x00000593       0x1e C:/ST/STM32CubeIDE_1.19.0/STM32CubeIDE/plugins/com.st.stm32cube.ide.mcu.externaltools.gnu-tools-for-stm32.13.3.rel1.win32_1.0.0.202411081344/tools/bin/../lib/gcc/arm-none-eabi/13.3.1/thumb/v6-m/nofp\libgcc.a(_udivsi3.o)
 .ARM.attributes
                0x000005b1       0x1e C:/ST/STM32CubeIDE_1.19.0/STM32CubeIDE/plugins/com.st.stm32cube.ide.mcu.externaltools.gnu-tools-for-stm32.13.3.rel1.win32_1.0.0.202411081344/tools/bin/../lib/gcc/arm-none-eabi/13.3.1/thumb/v6-m/nofp\libgcc.a(_divsi3.o)
 .ARM.attributes
                0x000005cf       0x1e C:/ST/STM32CubeIDE_1.19.0/STM32CubeIDE/plugins/com.st.stm32cube.ide.mcu.externaltools.gnu-tools-for-stm32.13.3.rel1.win32_1.0.0.202411081344/tools/bin/../lib/gcc/arm-none-eabi/13.3.1/thumb/v6-m/nofp\libgcc.a(_dvmd_tls.o)
 .ARM.attributes
                0x000005ed       0x1e C:/ST/STM32CubeIDE_1.19.0/STM32CubeIDE/plugins/com.st.stm32cube.ide.mcu.externaltools.gnu-tools-for-stm32.13.3.rel1.win32_1.0.0.202411081344/tools/bin/../lib/gcc/arm-none-eabi/13.3.1/thumb/v6-m/nofp/crtn.o
OUTPUT(Voltmetru_project.elf elf32-littlearm)
LOAD linker stubs
LOAD C:/ST/STM32CubeIDE_1.19.0/STM32CubeIDE/plugins/com.st.stm32cube.ide.mcu.externaltools.gnu-tools-for-stm32.13.3.rel1.win32_1.0.0.202411081344/tools/bin/../lib/gcc/arm-none-eabi/13.3.1/../../../../arm-none-eabi/lib/thumb/v6-m/nofp\libc.a
LOAD C:/ST/STM32CubeIDE_1.19.0/STM32CubeIDE/plugins/com.st.stm32cube.ide.mcu.externaltools.gnu-tools-for-stm32.13.3.rel1.win32_1.0.0.202411081344/tools/bin/../lib/gcc/arm-none-eabi/13.3.1/../../../../arm-none-eabi/lib/thumb/v6-m/nofp\libm.a
LOAD C:/ST/STM32CubeIDE_1.19.0/STM32CubeIDE/plugins/com.st.stm32cube.ide.mcu.externaltools.gnu-tools-for-stm32.13.3.rel1.win32_1.0.0.202411081344/tools/bin/../lib/gcc/arm-none-eabi/13.3.1/thumb/v6-m/nofp\libgcc.a

.debug_line     0x00000000    0x1b425
 .debug_line    0x00000000       0x7b ./Core/ComplexDrivers/Startup/startup_stm32f091rctx.o
 .debug_line    0x0000007b      0x8b1 ./Core/MCAL/stm32f0xx_hal_msp.o
 .debug_line    0x0000092c      0x837 ./Core/MCAL/stm32f0xx_hal_timebase_tim.o
 .debug_line    0x00001163      0x806 ./Core/MCAL/stm32f0xx_it.o
 .debug_line    0x00001969      0x841 ./Core/MCAL/system_stm32f0xx.o
 .debug_line    0x000021aa      0x7b5 ./Core/RTE/Rte.o
 .debug_line    0x0000295f      0x409 ./Core/Services/Display/font.o
 .debug_line    0x00002d68     0x1063 ./Core/Services/Display/lcd_st7565.o
 .debug_line    0x00003dcb     0x121a ./Core/Services/Main/main.o
 .debug_line    0x00004fe5      0xa44 ./Drivers/STM32F0xx_HAL_Driver/Src/stm32f0xx_hal.o
 .debug_line    0x00005a29     0x1260 ./Drivers/STM32F0xx_HAL_Driver/Src/stm32f0xx_hal_adc.o
 .debug_line    0x00006c89      0xaec ./Drivers/STM32F0xx_HAL_Driver/Src/stm32f0xx_hal_cortex.o
 .debug_line    0x00007775      0xbbe ./Drivers/STM32F0xx_HAL_Driver/Src/stm32f0xx_hal_gpio.o
 .debug_line    0x00008333      0xf89 ./Drivers/STM32F0xx_HAL_Driver/Src/stm32f0xx_hal_rcc.o
 .debug_line    0x000092bc      0xcd9 ./Drivers/STM32F0xx_HAL_Driver/Src/stm32f0xx_hal_rcc_ex.o
 .debug_line    0x00009f95     0x2063 ./Drivers/STM32F0xx_HAL_Driver/Src/stm32f0xx_hal_spi.o
 .debug_line    0x0000bff8     0x37ef ./Drivers/STM32F0xx_HAL_Driver/Src/stm32f0xx_hal_tim.o
 .debug_line    0x0000f7e7     0x194b ./Drivers/STM32F0xx_HAL_Driver/Src/stm32f0xx_hal_tim_ex.o
 .debug_line    0x00011132     0x2e1b ./Drivers/STM32F0xx_HAL_Driver/Src/stm32f0xx_hal_uart.o
 .debug_line    0x00013f4d     0x22af ./Middlewares/Third_Party/FreeRTOS/Source/CMSIS_RTOS_V2/cmsis_os2.o
 .debug_line    0x000161fc      0x793 ./Middlewares/Third_Party/FreeRTOS/Source/list.o
 .debug_line    0x0001698f     0x1478 ./Middlewares/Third_Party/FreeRTOS/Source/queue.o
 .debug_line    0x00017e07     0x19b4 ./Middlewares/Third_Party/FreeRTOS/Source/tasks.o
 .debug_line    0x000197bb      0xc48 ./Middlewares/Third_Party/FreeRTOS/Source/timers.o
 .debug_line    0x0001a403      0x70b ./Middlewares/Third_Party/FreeRTOS/Source/portable/GCC/ARM_CM0/port.o
 .debug_line    0x0001ab0e      0x917 ./Middlewares/Third_Party/FreeRTOS/Source/portable/MemMang/heap_4.o

.debug_line_str
                0x00000000       0x69
 .debug_line_str
                0x00000000       0x69 ./Core/ComplexDrivers/Startup/startup_stm32f091rctx.o

.debug_info     0x00000000    0x18cc7
 .debug_info    0x00000000       0x30 ./Core/ComplexDrivers/Startup/startup_stm32f091rctx.o
 .debug_info    0x00000030     0x1001 ./Core/MCAL/stm32f0xx_hal_msp.o
 .debug_info    0x00001031      0x991 ./Core/MCAL/stm32f0xx_hal_timebase_tim.o
 .debug_info    0x000019c2      0x64e ./Core/MCAL/stm32f0xx_it.o
 .debug_info    0x00002010      0x242 ./Core/MCAL/system_stm32f0xx.o
 .debug_info    0x00002252      0x13f ./Core/RTE/Rte.o
 .debug_info    0x00002391      0x137 ./Core/Services/Display/font.o
 .debug_info    0x000024c8      0xec2 ./Core/Services/Display/lcd_st7565.o
 .debug_info    0x0000338a     0x1f23 ./Core/Services/Main/main.o
 .debug_info    0x000052ad      0x6c3 ./Drivers/STM32F0xx_HAL_Driver/Src/stm32f0xx_hal.o
 .debug_info    0x00005970      0xc92 ./Drivers/STM32F0xx_HAL_Driver/Src/stm32f0xx_hal_adc.o
 .debug_info    0x00006602      0x6bf ./Drivers/STM32F0xx_HAL_Driver/Src/stm32f0xx_hal_cortex.o
 .debug_info    0x00006cc1      0x5e6 ./Drivers/STM32F0xx_HAL_Driver/Src/stm32f0xx_hal_gpio.o
 .debug_info    0x000072a7      0x83f ./Drivers/STM32F0xx_HAL_Driver/Src/stm32f0xx_hal_rcc.o
 .debug_info    0x00007ae6      0x5e7 ./Drivers/STM32F0xx_HAL_Driver/Src/stm32f0xx_hal_rcc_ex.o
 .debug_info    0x000080cd     0x1640 ./Drivers/STM32F0xx_HAL_Driver/Src/stm32f0xx_hal_spi.o
 .debug_info    0x0000970d     0x297c ./Drivers/STM32F0xx_HAL_Driver/Src/stm32f0xx_hal_tim.o
 .debug_info    0x0000c089     0x14be ./Drivers/STM32F0xx_HAL_Driver/Src/stm32f0xx_hal_tim_ex.o
 .debug_info    0x0000d547     0x3acc ./Drivers/STM32F0xx_HAL_Driver/Src/stm32f0xx_hal_uart.o
 .debug_info    0x00011013     0x32e6 ./Middlewares/Third_Party/FreeRTOS/Source/CMSIS_RTOS_V2/cmsis_os2.o
 .debug_info    0x000142f9      0x2aa ./Middlewares/Third_Party/FreeRTOS/Source/list.o
 .debug_info    0x000145a3     0x14a2 ./Middlewares/Third_Party/FreeRTOS/Source/queue.o
 .debug_info    0x00015a45     0x1b26 ./Middlewares/Third_Party/FreeRTOS/Source/tasks.o
 .debug_info    0x0001756b     0x11ca ./Middlewares/Third_Party/FreeRTOS/Source/timers.o
 .debug_info    0x00018735      0x289 ./Middlewares/Third_Party/FreeRTOS/Source/portable/GCC/ARM_CM0/port.o
 .debug_info    0x000189be      0x309 ./Middlewares/Third_Party/FreeRTOS/Source/portable/MemMang/heap_4.o

.debug_abbrev   0x00000000     0x3776
 .debug_abbrev  0x00000000       0x24 ./Core/ComplexDrivers/Startup/startup_stm32f091rctx.o
 .debug_abbrev  0x00000024      0x1c7 ./Core/MCAL/stm32f0xx_hal_msp.o
 .debug_abbrev  0x000001eb      0x20b ./Core/MCAL/stm32f0xx_hal_timebase_tim.o
 .debug_abbrev  0x000003f6      0x17d ./Core/MCAL/stm32f0xx_it.o
 .debug_abbrev  0x00000573      0x11c ./Core/MCAL/system_stm32f0xx.o
 .debug_abbrev  0x0000068f       0x65 ./Core/RTE/Rte.o
 .debug_abbrev  0x000006f4       0xb5 ./Core/Services/Display/font.o
 .debug_abbrev  0x000007a9      0x2e7 ./Core/Services/Display/lcd_st7565.o
 .debug_abbrev  0x00000a90      0x39b ./Core/Services/Main/main.o
 .debug_abbrev  0x00000e2b      0x213 ./Drivers/STM32F0xx_HAL_Driver/Src/stm32f0xx_hal.o
 .debug_abbrev  0x0000103e      0x259 ./Drivers/STM32F0xx_HAL_Driver/Src/stm32f0xx_hal_adc.o
 .debug_abbrev  0x00001297      0x28c ./Drivers/STM32F0xx_HAL_Driver/Src/stm32f0xx_hal_cortex.o
 .debug_abbrev  0x00001523      0x1da ./Drivers/STM32F0xx_HAL_Driver/Src/stm32f0xx_hal_gpio.o
 .debug_abbrev  0x000016fd      0x28c ./Drivers/STM32F0xx_HAL_Driver/Src/stm32f0xx_hal_rcc.o
 .debug_abbrev  0x00001989      0x1a7 ./Drivers/STM32F0xx_HAL_Driver/Src/stm32f0xx_hal_rcc_ex.o
 .debug_abbrev  0x00001b30      0x27b ./Drivers/STM32F0xx_HAL_Driver/Src/stm32f0xx_hal_spi.o
 .debug_abbrev  0x00001dab      0x278 ./Drivers/STM32F0xx_HAL_Driver/Src/stm32f0xx_hal_tim.o
 .debug_abbrev  0x00002023      0x283 ./Drivers/STM32F0xx_HAL_Driver/Src/stm32f0xx_hal_tim_ex.o
 .debug_abbrev  0x000022a6      0x2df ./Drivers/STM32F0xx_HAL_Driver/Src/stm32f0xx_hal_uart.o
 .debug_abbrev  0x00002585      0x3ff ./Middlewares/Third_Party/FreeRTOS/Source/CMSIS_RTOS_V2/cmsis_os2.o
 .debug_abbrev  0x00002984       0xf5 ./Middlewares/Third_Party/FreeRTOS/Source/list.o
 .debug_abbrev  0x00002a79      0x341 ./Middlewares/Third_Party/FreeRTOS/Source/queue.o
 .debug_abbrev  0x00002dba      0x329 ./Middlewares/Third_Party/FreeRTOS/Source/tasks.o
 .debug_abbrev  0x000030e3      0x308 ./Middlewares/Third_Party/FreeRTOS/Source/timers.o
 .debug_abbrev  0x000033eb      0x1ea ./Middlewares/Third_Party/FreeRTOS/Source/portable/GCC/ARM_CM0/port.o
 .debug_abbrev  0x000035d5      0x1a1 ./Middlewares/Third_Party/FreeRTOS/Source/portable/MemMang/heap_4.o

.debug_aranges  0x00000000     0x16f8
 .debug_aranges
                0x00000000       0x28 ./Core/ComplexDrivers/Startup/startup_stm32f091rctx.o
 .debug_aranges
                0x00000028       0x50 ./Core/MCAL/stm32f0xx_hal_msp.o
 .debug_aranges
                0x00000078       0x30 ./Core/MCAL/stm32f0xx_hal_timebase_tim.o
 .debug_aranges
                0x000000a8       0x30 ./Core/MCAL/stm32f0xx_it.o
 .debug_aranges
                0x000000d8       0x28 ./Core/MCAL/system_stm32f0xx.o
 .debug_aranges
                0x00000100       0x18 ./Core/RTE/Rte.o
 .debug_aranges
                0x00000118       0x18 ./Core/Services/Display/font.o
 .debug_aranges
                0x00000130       0xc0 ./Core/Services/Display/lcd_st7565.o
 .debug_aranges
                0x000001f0       0x88 ./Core/Services/Main/main.o
 .debug_aranges
                0x00000278       0xd0 ./Drivers/STM32F0xx_HAL_Driver/Src/stm32f0xx_hal.o
 .debug_aranges
                0x00000348       0xf8 ./Drivers/STM32F0xx_HAL_Driver/Src/stm32f0xx_hal_adc.o
 .debug_aranges
                0x00000440       0xc0 ./Drivers/STM32F0xx_HAL_Driver/Src/stm32f0xx_hal_cortex.o
 .debug_aranges
                0x00000500       0x58 ./Drivers/STM32F0xx_HAL_Driver/Src/stm32f0xx_hal_gpio.o
 .debug_aranges
                0x00000558       0x80 ./Drivers/STM32F0xx_HAL_Driver/Src/stm32f0xx_hal_rcc.o
 .debug_aranges
                0x000005d8       0x78 ./Drivers/STM32F0xx_HAL_Driver/Src/stm32f0xx_hal_rcc_ex.o
 .debug_aranges
                0x00000650      0x1d8 ./Drivers/STM32F0xx_HAL_Driver/Src/stm32f0xx_hal_spi.o
 .debug_aranges
                0x00000828      0x3d0 ./Drivers/STM32F0xx_HAL_Driver/Src/stm32f0xx_hal_tim.o
 .debug_aranges
                0x00000bf8      0x168 ./Drivers/STM32F0xx_HAL_Driver/Src/stm32f0xx_hal_tim_ex.o
 .debug_aranges
                0x00000d60      0x228 ./Drivers/STM32F0xx_HAL_Driver/Src/stm32f0xx_hal_uart.o
 .debug_aranges
                0x00000f88      0x228 ./Middlewares/Third_Party/FreeRTOS/Source/CMSIS_RTOS_V2/cmsis_os2.o
 .debug_aranges
                0x000011b0       0x40 ./Middlewares/Third_Party/FreeRTOS/Source/list.o
 .debug_aranges
                0x000011f0      0x158 ./Middlewares/Third_Party/FreeRTOS/Source/queue.o
 .debug_aranges
                0x00001348      0x1f8 ./Middlewares/Third_Party/FreeRTOS/Source/tasks.o
 .debug_aranges
                0x00001540       0xe0 ./Middlewares/Third_Party/FreeRTOS/Source/timers.o
 .debug_aranges
                0x00001620       0x88 ./Middlewares/Third_Party/FreeRTOS/Source/portable/GCC/ARM_CM0/port.o
 .debug_aranges
                0x000016a8       0x50 ./Middlewares/Third_Party/FreeRTOS/Source/portable/MemMang/heap_4.o

.debug_str      0x00000000    0xb7528
 .debug_str     0x00000000    0xb7528 ./Core/ComplexDrivers/Startup/startup_stm32f091rctx.o
                                 0x85 (size before relaxing)
 .debug_str     0x000b7528    0xa6b1e ./Core/MCAL/stm32f0xx_hal_msp.o
 .debug_str     0x000b7528    0xa6775 ./Core/MCAL/stm32f0xx_hal_timebase_tim.o
 .debug_str     0x000b7528    0xa657a ./Core/MCAL/stm32f0xx_it.o
 .debug_str     0x000b7528    0xa5fa8 ./Core/MCAL/system_stm32f0xx.o
 .debug_str     0x000b7528    0xa60b9 ./Core/RTE/Rte.o
 .debug_str     0x000b7528     0x3d62 ./Core/Services/Display/font.o
 .debug_str     0x000b7528    0xaa04e ./Core/Services/Display/lcd_st7565.o
 .debug_str     0x000b7528    0xae3af ./Core/Services/Main/main.o
 .debug_str     0x000b7528    0xa6597 ./Drivers/STM32F0xx_HAL_Driver/Src/stm32f0xx_hal.o
 .debug_str     0x000b7528    0xa66c4 ./Drivers/STM32F0xx_HAL_Driver/Src/stm32f0xx_hal_adc.o
 .debug_str     0x000b7528    0xa6388 ./Drivers/STM32F0xx_HAL_Driver/Src/stm32f0xx_hal_cortex.o
 .debug_str     0x000b7528    0xa615d ./Drivers/STM32F0xx_HAL_Driver/Src/stm32f0xx_hal_gpio.o
 .debug_str     0x000b7528    0xa63ee ./Drivers/STM32F0xx_HAL_Driver/Src/stm32f0xx_hal_rcc.o
 .debug_str     0x000b7528    0xa638a ./Drivers/STM32F0xx_HAL_Driver/Src/stm32f0xx_hal_rcc_ex.o
 .debug_str     0x000b7528    0xa6927 ./Drivers/STM32F0xx_HAL_Driver/Src/stm32f0xx_hal_spi.o
 .debug_str     0x000b7528    0xa73cd ./Drivers/STM32F0xx_HAL_Driver/Src/stm32f0xx_hal_tim.o
 .debug_str     0x000b7528    0xa6bd9 ./Drivers/STM32F0xx_HAL_Driver/Src/stm32f0xx_hal_tim_ex.o
 .debug_str     0x000b7528    0xa6d1b ./Drivers/STM32F0xx_HAL_Driver/Src/stm32f0xx_hal_uart.o
 .debug_str     0x000b7528     0xe317 ./Middlewares/Third_Party/FreeRTOS/Source/CMSIS_RTOS_V2/cmsis_os2.o
 .debug_str     0x000b7528     0xa579 ./Middlewares/Third_Party/FreeRTOS/Source/list.o
 .debug_str     0x000b7528     0xbf1b ./Middlewares/Third_Party/FreeRTOS/Source/queue.o
 .debug_str     0x000b7528     0xca7f ./Middlewares/Third_Party/FreeRTOS/Source/tasks.o
 .debug_str     0x000b7528     0xc434 ./Middlewares/Third_Party/FreeRTOS/Source/timers.o
 .debug_str     0x000b7528     0x7c95 ./Middlewares/Third_Party/FreeRTOS/Source/portable/GCC/ARM_CM0/port.o
 .debug_str     0x000b7528     0xac93 ./Middlewares/Third_Party/FreeRTOS/Source/portable/MemMang/heap_4.o

.debug_rnglists
                0x00000000     0x11e6
 .debug_rnglists
                0x00000000       0x19 ./Core/ComplexDrivers/Startup/startup_stm32f091rctx.o
 .debug_rnglists
                0x00000019       0x3a ./Core/MCAL/stm32f0xx_hal_msp.o
 .debug_rnglists
                0x00000053       0x20 ./Core/MCAL/stm32f0xx_hal_timebase_tim.o
 .debug_rnglists
                0x00000073       0x1f ./Core/MCAL/stm32f0xx_it.o
 .debug_rnglists
                0x00000092       0x1a ./Core/MCAL/system_stm32f0xx.o
 .debug_rnglists
                0x000000ac       0x97 ./Core/Services/Display/lcd_st7565.o
 .debug_rnglists
                0x00000143       0x6a ./Core/Services/Main/main.o
 .debug_rnglists
                0x000001ad       0x97 ./Drivers/STM32F0xx_HAL_Driver/Src/stm32f0xx_hal.o
 .debug_rnglists
                0x00000244       0xc6 ./Drivers/STM32F0xx_HAL_Driver/Src/stm32f0xx_hal_adc.o
 .debug_rnglists
                0x0000030a       0x8c ./Drivers/STM32F0xx_HAL_Driver/Src/stm32f0xx_hal_cortex.o
 .debug_rnglists
                0x00000396       0x3f ./Drivers/STM32F0xx_HAL_Driver/Src/stm32f0xx_hal_gpio.o
 .debug_rnglists
                0x000003d5       0x61 ./Drivers/STM32F0xx_HAL_Driver/Src/stm32f0xx_hal_rcc.o
 .debug_rnglists
                0x00000436       0x5b ./Drivers/STM32F0xx_HAL_Driver/Src/stm32f0xx_hal_rcc_ex.o
 .debug_rnglists
                0x00000491      0x17a ./Drivers/STM32F0xx_HAL_Driver/Src/stm32f0xx_hal_spi.o
 .debug_rnglists
                0x0000060b      0x31c ./Drivers/STM32F0xx_HAL_Driver/Src/stm32f0xx_hal_tim.o
 .debug_rnglists
                0x00000927      0x126 ./Drivers/STM32F0xx_HAL_Driver/Src/stm32f0xx_hal_tim_ex.o
 .debug_rnglists
                0x00000a4d      0x1db ./Drivers/STM32F0xx_HAL_Driver/Src/stm32f0xx_hal_uart.o
 .debug_rnglists
                0x00000c28      0x1b0 ./Middlewares/Third_Party/FreeRTOS/Source/CMSIS_RTOS_V2/cmsis_os2.o
 .debug_rnglists
                0x00000dd8       0x2b ./Middlewares/Third_Party/FreeRTOS/Source/list.o
 .debug_rnglists
                0x00000e03      0x109 ./Middlewares/Third_Party/FreeRTOS/Source/queue.o
 .debug_rnglists
                0x00000f0c      0x194 ./Middlewares/Third_Party/FreeRTOS/Source/tasks.o
 .debug_rnglists
                0x000010a0       0xaa ./Middlewares/Third_Party/FreeRTOS/Source/timers.o
 .debug_rnglists
                0x0000114a       0x61 ./Middlewares/Third_Party/FreeRTOS/Source/portable/GCC/ARM_CM0/port.o
 .debug_rnglists
                0x000011ab       0x3b ./Middlewares/Third_Party/FreeRTOS/Source/portable/MemMang/heap_4.o

.debug_macro    0x00000000    0x1d53d
 .debug_macro   0x00000000      0x1fa ./Core/MCAL/stm32f0xx_hal_msp.o
 .debug_macro   0x000001fa      0x13f ./Core/MCAL/stm32f0xx_hal_msp.o
 .debug_macro   0x00000339       0x2e ./Core/MCAL/stm32f0xx_hal_msp.o
 .debug_macro   0x00000367       0x22 ./Core/MCAL/stm32f0xx_hal_msp.o
 .debug_macro   0x00000389       0x1c ./Core/MCAL/stm32f0xx_hal_msp.o
 .debug_macro   0x000003a5       0x22 ./Core/MCAL/stm32f0xx_hal_msp.o
 .debug_macro   0x000003c7       0xaf ./Core/MCAL/stm32f0xx_hal_msp.o
 .debug_macro   0x00000476      0x391 ./Core/MCAL/stm32f0xx_hal_msp.o
 .debug_macro   0x00000807    0x10e6b ./Core/MCAL/stm32f0xx_hal_msp.o
 .debug_macro   0x00011672       0x66 ./Core/MCAL/stm32f0xx_hal_msp.o
 .debug_macro   0x000116d8     0x34da ./Core/MCAL/stm32f0xx_hal_msp.o
 .debug_macro   0x00014bb2      0x190 ./Core/MCAL/stm32f0xx_hal_msp.o
 .debug_macro   0x00014d42       0x55 ./Core/MCAL/stm32f0xx_hal_msp.o
 .debug_macro   0x00014d97      0x946 ./Core/MCAL/stm32f0xx_hal_msp.o
 .debug_macro   0x000156dd      0x69b ./Core/MCAL/stm32f0xx_hal_msp.o
 .debug_macro   0x00015d78      0x1ae ./Core/MCAL/stm32f0xx_hal_msp.o
 .debug_macro   0x00015f26      0x202 ./Core/MCAL/stm32f0xx_hal_msp.o
 .debug_macro   0x00016128      0x1a7 ./Core/MCAL/stm32f0xx_hal_msp.o
 .debug_macro   0x000162cf      0x1bc ./Core/MCAL/stm32f0xx_hal_msp.o
 .debug_macro   0x0001648b      0x4cf ./Core/MCAL/stm32f0xx_hal_msp.o
 .debug_macro   0x0001695a       0x3c ./Core/MCAL/stm32f0xx_hal_msp.o
 .debug_macro   0x00016996       0x28 ./Core/MCAL/stm32f0xx_hal_msp.o
 .debug_macro   0x000169be      0x33d ./Core/MCAL/stm32f0xx_hal_msp.o
 .debug_macro   0x00016cfb       0xd4 ./Core/MCAL/stm32f0xx_hal_msp.o
 .debug_macro   0x00016dcf       0xb0 ./Core/MCAL/stm32f0xx_hal_msp.o
 .debug_macro   0x00016e7f      0x23f ./Core/MCAL/stm32f0xx_hal_msp.o
 .debug_macro   0x000170be      0x22c ./Core/MCAL/stm32f0xx_hal_msp.o
 .debug_macro   0x000172ea       0x61 ./Core/MCAL/stm32f0xx_hal_msp.o
 .debug_macro   0x0001734b       0xa5 ./Core/MCAL/stm32f0xx_hal_msp.o
 .debug_macro   0x000173f0       0x4c ./Core/MCAL/stm32f0xx_hal_msp.o
 .debug_macro   0x0001743c      0x16d ./Core/MCAL/stm32f0xx_hal_msp.o
 .debug_macro   0x000175a9      0x2fe ./Core/MCAL/stm32f0xx_hal_msp.o
 .debug_macro   0x000178a7      0x8f4 ./Core/MCAL/stm32f0xx_hal_msp.o
 .debug_macro   0x0001819b       0x28 ./Core/MCAL/stm32f0xx_hal_msp.o
 .debug_macro   0x000181c3      0x5ba ./Core/MCAL/stm32f0xx_hal_msp.o
 .debug_macro   0x0001877d       0x44 ./Core/MCAL/stm32f0xx_hal_msp.o
 .debug_macro   0x000187c1      0x435 ./Core/MCAL/stm32f0xx_hal_msp.o
 .debug_macro   0x00018bf6       0x70 ./Core/MCAL/stm32f0xx_hal_msp.o
 .debug_macro   0x00018c66      0x1eb ./Core/MCAL/stm32f0xx_hal_timebase_tim.o
 .debug_macro   0x00018e51      0x204 ./Core/MCAL/stm32f0xx_it.o
 .debug_macro   0x00019055      0x1eb ./Core/MCAL/system_stm32f0xx.o
 .debug_macro   0x00019240      0x1fa ./Core/RTE/Rte.o
 .debug_macro   0x0001943a       0x6c ./Core/Services/Display/font.o
 .debug_macro   0x000194a6       0x3a ./Core/Services/Display/font.o
 .debug_macro   0x000194e0      0x351 ./Core/Services/Display/lcd_st7565.o
 .debug_macro   0x00019831       0x24 ./Core/Services/Display/lcd_st7565.o
 .debug_macro   0x00019855       0x5b ./Core/Services/Display/lcd_st7565.o
 .debug_macro   0x000198b0       0x94 ./Core/Services/Display/lcd_st7565.o
 .debug_macro   0x00019944       0x43 ./Core/Services/Display/lcd_st7565.o
 .debug_macro   0x00019987       0x34 ./Core/Services/Display/lcd_st7565.o
 .debug_macro   0x000199bb       0x16 ./Core/Services/Display/lcd_st7565.o
 .debug_macro   0x000199d1      0x11c ./Core/Services/Display/lcd_st7565.o
 .debug_macro   0x00019aed       0x9b ./Core/Services/Display/lcd_st7565.o
 .debug_macro   0x00019b88       0x57 ./Core/Services/Display/lcd_st7565.o
 .debug_macro   0x00019bdf      0x370 ./Core/Services/Display/lcd_st7565.o
 .debug_macro   0x00019f4f       0x16 ./Core/Services/Display/lcd_st7565.o
 .debug_macro   0x00019f65       0x4a ./Core/Services/Display/lcd_st7565.o
 .debug_macro   0x00019faf       0x34 ./Core/Services/Display/lcd_st7565.o
 .debug_macro   0x00019fe3       0x10 ./Core/Services/Display/lcd_st7565.o
 .debug_macro   0x00019ff3       0x58 ./Core/Services/Display/lcd_st7565.o
 .debug_macro   0x0001a04b       0x8e ./Core/Services/Display/lcd_st7565.o
 .debug_macro   0x0001a0d9       0x1c ./Core/Services/Display/lcd_st7565.o
 .debug_macro   0x0001a0f5      0x185 ./Core/Services/Display/lcd_st7565.o
 .debug_macro   0x0001a27a       0x16 ./Core/Services/Display/lcd_st7565.o
 .debug_macro   0x0001a290       0x29 ./Core/Services/Display/lcd_st7565.o
 .debug_macro   0x0001a2b9       0x4f ./Core/Services/Display/lcd_st7565.o
 .debug_macro   0x0001a308       0x28 ./Core/Services/Display/lcd_st7565.o
 .debug_macro   0x0001a330       0x16 ./Core/Services/Display/lcd_st7565.o
 .debug_macro   0x0001a346       0x3c ./Core/Services/Display/lcd_st7565.o
 .debug_macro   0x0001a382       0x20 ./Core/Services/Display/lcd_st7565.o
 .debug_macro   0x0001a3a2       0xd6 ./Core/Services/Display/lcd_st7565.o
 .debug_macro   0x0001a478      0x384 ./Core/Services/Main/main.o
 .debug_macro   0x0001a7fc       0x5b ./Core/Services/Main/main.o
 .debug_macro   0x0001a857       0x74 ./Core/Services/Main/main.o
 .debug_macro   0x0001a8cb      0x106 ./Core/Services/Main/main.o
 .debug_macro   0x0001a9d1      0x15a ./Core/Services/Main/main.o
 .debug_macro   0x0001ab2b       0xac ./Core/Services/Main/main.o
 .debug_macro   0x0001abd7       0x10 ./Core/Services/Main/main.o
 .debug_macro   0x0001abe7       0x1f ./Core/Services/Main/main.o
 .debug_macro   0x0001ac06      0x486 ./Core/Services/Main/main.o
 .debug_macro   0x0001b08c       0xdd ./Core/Services/Main/main.o
 .debug_macro   0x0001b169       0x61 ./Core/Services/Main/main.o
 .debug_macro   0x0001b1ca       0x10 ./Core/Services/Main/main.o
 .debug_macro   0x0001b1da      0x20f ./Drivers/STM32F0xx_HAL_Driver/Src/stm32f0xx_hal.o
 .debug_macro   0x0001b3e9      0x20f ./Drivers/STM32F0xx_HAL_Driver/Src/stm32f0xx_hal_adc.o
 .debug_macro   0x0001b5f8      0x1eb ./Drivers/STM32F0xx_HAL_Driver/Src/stm32f0xx_hal_cortex.o
 .debug_macro   0x0001b7e3      0x1f2 ./Drivers/STM32F0xx_HAL_Driver/Src/stm32f0xx_hal_gpio.o
 .debug_macro   0x0001b9d5      0x1fd ./Drivers/STM32F0xx_HAL_Driver/Src/stm32f0xx_hal_rcc.o
 .debug_macro   0x0001bbd2      0x1fd ./Drivers/STM32F0xx_HAL_Driver/Src/stm32f0xx_hal_rcc_ex.o
 .debug_macro   0x0001bdcf      0x1f3 ./Drivers/STM32F0xx_HAL_Driver/Src/stm32f0xx_hal_spi.o
 .debug_macro   0x0001bfc2      0x1ec ./Drivers/STM32F0xx_HAL_Driver/Src/stm32f0xx_hal_tim.o
 .debug_macro   0x0001c1ae      0x1eb ./Drivers/STM32F0xx_HAL_Driver/Src/stm32f0xx_hal_tim_ex.o
 .debug_macro   0x0001c399      0x208 ./Drivers/STM32F0xx_HAL_Driver/Src/stm32f0xx_hal_uart.o
 .debug_macro   0x0001c5a1      0x247 ./Middlewares/Third_Party/FreeRTOS/Source/CMSIS_RTOS_V2/cmsis_os2.o
 .debug_macro   0x0001c7e8       0x10 ./Middlewares/Third_Party/FreeRTOS/Source/CMSIS_RTOS_V2/cmsis_os2.o
 .debug_macro   0x0001c7f8       0xa9 ./Middlewares/Third_Party/FreeRTOS/Source/CMSIS_RTOS_V2/cmsis_os2.o
 .debug_macro   0x0001c8a1       0x91 ./Middlewares/Third_Party/FreeRTOS/Source/CMSIS_RTOS_V2/cmsis_os2.o
 .debug_macro   0x0001c932       0x8d ./Middlewares/Third_Party/FreeRTOS/Source/CMSIS_RTOS_V2/cmsis_os2.o
 .debug_macro   0x0001c9bf       0x9a ./Middlewares/Third_Party/FreeRTOS/Source/CMSIS_RTOS_V2/cmsis_os2.o
 .debug_macro   0x0001ca59      0x187 ./Middlewares/Third_Party/FreeRTOS/Source/list.o
 .debug_macro   0x0001cbe0      0x212 ./Middlewares/Third_Party/FreeRTOS/Source/queue.o
 .debug_macro   0x0001cdf2      0x287 ./Middlewares/Third_Party/FreeRTOS/Source/tasks.o
 .debug_macro   0x0001d079       0x10 ./Middlewares/Third_Party/FreeRTOS/Source/tasks.o
 .debug_macro   0x0001d089      0x1ca ./Middlewares/Third_Party/FreeRTOS/Source/timers.o
 .debug_macro   0x0001d253      0x13c ./Middlewares/Third_Party/FreeRTOS/Source/portable/GCC/ARM_CM0/port.o
 .debug_macro   0x0001d38f      0x1ae ./Middlewares/Third_Party/FreeRTOS/Source/portable/MemMang/heap_4.o

.comment        0x00000000       0x43
 .comment       0x00000000       0x43 ./Core/MCAL/stm32f0xx_hal_msp.o
                                 0x44 (size before relaxing)
 .comment       0x00000043       0x44 ./Core/MCAL/stm32f0xx_hal_timebase_tim.o
 .comment       0x00000043       0x44 ./Core/MCAL/stm32f0xx_it.o
 .comment       0x00000043       0x44 ./Core/MCAL/system_stm32f0xx.o
 .comment       0x00000043       0x44 ./Core/RTE/Rte.o
 .comment       0x00000043       0x44 ./Core/Services/Display/font.o
 .comment       0x00000043       0x44 ./Core/Services/Display/lcd_st7565.o
 .comment       0x00000043       0x44 ./Core/Services/Main/main.o
 .comment       0x00000043       0x44 ./Drivers/STM32F0xx_HAL_Driver/Src/stm32f0xx_hal.o
 .comment       0x00000043       0x44 ./Drivers/STM32F0xx_HAL_Driver/Src/stm32f0xx_hal_adc.o
 .comment       0x00000043       0x44 ./Drivers/STM32F0xx_HAL_Driver/Src/stm32f0xx_hal_cortex.o
 .comment       0x00000043       0x44 ./Drivers/STM32F0xx_HAL_Driver/Src/stm32f0xx_hal_gpio.o
 .comment       0x00000043       0x44 ./Drivers/STM32F0xx_HAL_Driver/Src/stm32f0xx_hal_rcc.o
 .comment       0x00000043       0x44 ./Drivers/STM32F0xx_HAL_Driver/Src/stm32f0xx_hal_rcc_ex.o
 .comment       0x00000043       0x44 ./Drivers/STM32F0xx_HAL_Driver/Src/stm32f0xx_hal_spi.o
 .comment       0x00000043       0x44 ./Drivers/STM32F0xx_HAL_Driver/Src/stm32f0xx_hal_tim.o
 .comment       0x00000043       0x44 ./Drivers/STM32F0xx_HAL_Driver/Src/stm32f0xx_hal_tim_ex.o
 .comment       0x00000043       0x44 ./Drivers/STM32F0xx_HAL_Driver/Src/stm32f0xx_hal_uart.o
 .comment       0x00000043       0x44 ./Middlewares/Third_Party/FreeRTOS/Source/CMSIS_RTOS_V2/cmsis_os2.o
 .comment       0x00000043       0x44 ./Middlewares/Third_Party/FreeRTOS/Source/list.o
 .comment       0x00000043       0x44 ./Middlewares/Third_Party/FreeRTOS/Source/queue.o
 .comment       0x00000043       0x44 ./Middlewares/Third_Party/FreeRTOS/Source/tasks.o
 .comment       0x00000043       0x44 ./Middlewares/Third_Party/FreeRTOS/Source/timers.o
 .comment       0x00000043       0x44 ./Middlewares/Third_Party/FreeRTOS/Source/portable/GCC/ARM_CM0/port.o
 .comment       0x00000043       0x44 ./Middlewares/Third_Party/FreeRTOS/Source/portable/MemMang/heap_4.o

.debug_frame    0x00000000     0x53b0
 .debug_frame   0x00000000       0xf0 ./Core/MCAL/stm32f0xx_hal_msp.o
 .debug_frame   0x000000f0       0x6c ./Core/MCAL/stm32f0xx_hal_timebase_tim.o
 .debug_frame   0x0000015c       0x64 ./Core/MCAL/stm32f0xx_it.o
 .debug_frame   0x000001c0       0x4c ./Core/MCAL/system_stm32f0xx.o
 .debug_frame   0x0000020c      0x2c0 ./Core/Services/Display/lcd_st7565.o
 .debug_frame   0x000004cc      0x1d0 ./Core/Services/Main/main.o
 .debug_frame   0x0000069c      0x2a4 ./Drivers/STM32F0xx_HAL_Driver/Src/stm32f0xx_hal.o
 .debug_frame   0x00000940      0x3a0 ./Drivers/STM32F0xx_HAL_Driver/Src/stm32f0xx_hal_adc.o
 .debug_frame   0x00000ce0      0x2a0 ./Drivers/STM32F0xx_HAL_Driver/Src/stm32f0xx_hal_cortex.o
 .debug_frame   0x00000f80      0x110 ./Drivers/STM32F0xx_HAL_Driver/Src/stm32f0xx_hal_gpio.o
 .debug_frame   0x00001090      0x198 ./Drivers/STM32F0xx_HAL_Driver/Src/stm32f0xx_hal_rcc.o
 .debug_frame   0x00001228      0x180 ./Drivers/STM32F0xx_HAL_Driver/Src/stm32f0xx_hal_rcc_ex.o
 .debug_frame   0x000013a8      0x710 ./Drivers/STM32F0xx_HAL_Driver/Src/stm32f0xx_hal_spi.o
 .debug_frame   0x00001ab8      0xf00 ./Drivers/STM32F0xx_HAL_Driver/Src/stm32f0xx_hal_tim.o
 .debug_frame   0x000029b8      0x560 ./Drivers/STM32F0xx_HAL_Driver/Src/stm32f0xx_hal_tim_ex.o
 .debug_frame   0x00002f18      0x850 ./Drivers/STM32F0xx_HAL_Driver/Src/stm32f0xx_hal_uart.o
 .debug_frame   0x00003768      0x84c ./Middlewares/Third_Party/FreeRTOS/Source/CMSIS_RTOS_V2/cmsis_os2.o
 .debug_frame   0x00003fb4       0xb0 ./Middlewares/Third_Party/FreeRTOS/Source/list.o
 .debug_frame   0x00004064      0x510 ./Middlewares/Third_Party/FreeRTOS/Source/queue.o
 .debug_frame   0x00004574      0x77c ./Middlewares/Third_Party/FreeRTOS/Source/tasks.o
 .debug_frame   0x00004cf0      0x32c ./Middlewares/Third_Party/FreeRTOS/Source/timers.o
 .debug_frame   0x0000501c      0x174 ./Middlewares/Third_Party/FreeRTOS/Source/portable/GCC/ARM_CM0/port.o
 .debug_frame   0x00005190       0xe4 ./Middlewares/Third_Party/FreeRTOS/Source/portable/MemMang/heap_4.o
 .debug_frame   0x00005274       0x40 C:/ST/STM32CubeIDE_1.19.0/STM32CubeIDE/plugins/com.st.stm32cube.ide.mcu.externaltools.gnu-tools-for-stm32.13.3.rel1.win32_1.0.0.202411081344/tools/bin/../lib/gcc/arm-none-eabi/13.3.1/../../../../arm-none-eabi/lib/thumb/v6-m/nofp\libc_nano.a(libc_a-itoa.o)
 .debug_frame   0x000052b4       0x48 C:/ST/STM32CubeIDE_1.19.0/STM32CubeIDE/plugins/com.st.stm32cube.ide.mcu.externaltools.gnu-tools-for-stm32.13.3.rel1.win32_1.0.0.202411081344/tools/bin/../lib/gcc/arm-none-eabi/13.3.1/../../../../arm-none-eabi/lib/thumb/v6-m/nofp\libc_nano.a(libc_a-utoa.o)
 .debug_frame   0x000052fc       0x20 C:/ST/STM32CubeIDE_1.19.0/STM32CubeIDE/plugins/com.st.stm32cube.ide.mcu.externaltools.gnu-tools-for-stm32.13.3.rel1.win32_1.0.0.202411081344/tools/bin/../lib/gcc/arm-none-eabi/13.3.1/../../../../arm-none-eabi/lib/thumb/v6-m/nofp\libc_nano.a(libc_a-memset.o)
 .debug_frame   0x0000531c       0x2c C:/ST/STM32CubeIDE_1.19.0/STM32CubeIDE/plugins/com.st.stm32cube.ide.mcu.externaltools.gnu-tools-for-stm32.13.3.rel1.win32_1.0.0.202411081344/tools/bin/../lib/gcc/arm-none-eabi/13.3.1/../../../../arm-none-eabi/lib/thumb/v6-m/nofp\libc_nano.a(libc_a-init.o)
 .debug_frame   0x00005348       0x28 C:/ST/STM32CubeIDE_1.19.0/STM32CubeIDE/plugins/com.st.stm32cube.ide.mcu.externaltools.gnu-tools-for-stm32.13.3.rel1.win32_1.0.0.202411081344/tools/bin/../lib/gcc/arm-none-eabi/13.3.1/../../../../arm-none-eabi/lib/thumb/v6-m/nofp\libc_nano.a(libc_a-memcpy-stub.o)
 .debug_frame   0x00005370       0x20 C:/ST/STM32CubeIDE_1.19.0/STM32CubeIDE/plugins/com.st.stm32cube.ide.mcu.externaltools.gnu-tools-for-stm32.13.3.rel1.win32_1.0.0.202411081344/tools/bin/../lib/gcc/arm-none-eabi/13.3.1/thumb/v6-m/nofp\libgcc.a(_udivsi3.o)
 .debug_frame   0x00005390       0x20 C:/ST/STM32CubeIDE_1.19.0/STM32CubeIDE/plugins/com.st.stm32cube.ide.mcu.externaltools.gnu-tools-for-stm32.13.3.rel1.win32_1.0.0.202411081344/tools/bin/../lib/gcc/arm-none-eabi/13.3.1/thumb/v6-m/nofp\libgcc.a(_divsi3.o)
