../Core/Applications/VoltInterpolation.c:14:16:interpolation	24	static
../Core/Applications/MAFilterButton.c:11:17:filterButton	32	static
../Core/Applications/MAFilterVolt.c:11:17:filterVolt	32	static
../Core/Services/Main/main.c:104:5:main	8	static
../Core/Services/Main/main.c:193:6:SystemClock_Config	112	static
../Core/Services/Main/main.c:241:13:MX_ADC_Init	24	static
../Core/Services/Main/main.c:304:13:MX_SPI1_Init	8	static
../Core/Services/Main/main.c:344:13:MX_USART2_UART_Init	8	static
../Core/Services/Main/main.c:379:13:MX_GPIO_Init	56	static
../Core/Services/Main/main.c:444:6:readAdcVoltFunction	16	static
../Core/Services/Main/main.c:474:6:displayVoltReadFunction	216	static
../Core/Services/Main/main.c:642:6:readButtonFunction	16	static
../Core/Services/Main/main.c:683:6:HAL_TIM_PeriodElapsedCallback	16	static
../Core/Services/Main/main.c:701:6:Error_Handler	8	static,ignoring_inline_asm
