../Core/Applications/VoltInterpolation.c:14:16:interpolation	24	static
../Core/Applications/MAFilterButton.c:11:17:filterButton	24	static
../Core/Applications/MAFilterVolt.c:11:17:filterVolt	32	static
../Core/Services/Main/main.c:114:5:main	64	static
../Core/Services/Main/main.c:175:6:SystemClock_Config	112	static
../Core/Services/Main/main.c:220:6:init_task	56	static
../Core/Services/Main/main.c:324:6:readAdcVoltFunction	8	static
../Core/Services/Main/main.c:350:6:displayVoltReadFunction	232	static
../Core/Services/Main/main.c:483:6:readButtonFunction	16	static
../Core/Services/Main/main.c:563:6:HAL_TIM_PeriodElapsedCallback	16	static
../Core/Services/Main/main.c:581:6:Error_Handler	8	static,ignoring_inline_asm
